■ 새 앱 검사  (scripts/check-*.mjs 를 훑어서 돈다 — 새로 만들면 저절로 들어온다)
   ✅ check-arrival
   ✅ check-asview
   ✅ check-attend
   ✅ check-book
   ✅ check-buttons
   ✅ check-cal
   ✅ check-cc
   ✅ check-childsaid
   ✅ check-class
   ✅ check-close
   ✅ check-comment
   ✅ check-contrast
   ✅ check-dash
   ✅ check-daypick
   ✅ check-deploy
   ✅ check-doc-numbers
   ✅ check-dom
   ✅ check-exam
   ✅ check-ext
   ✅ check-fast
   ✅ check-fee
   ✅ check-files
   ✅ check-fonts
   ✅ check-grants
   ✅ check-grid
   ✅ check-import
   ✅ check-inquiry
   ✅ check-item
   ✅ check-keys
   ✅ check-label
   ✅ check-late
   ✅ check-mark
   ✅ check-material
   ✅ check-middleware
   ✅ check-migrations
   ✅ check-mockup
   ✅ check-nav
   ✅ check-neis
   ✅ check-nodash
   ✅ check-notice
   ✅ check-notify
   ✅ check-palette
   ✅ check-parent
   ✅ check-perm
   ✅ check-phone
   ✅ check-pick
   ✅ check-plain
   ✅ check-plan
   ✅ check-pref
   ✅ check-progress
   ✅ check-push
   ✅ check-queue
   ✅ check-quiz
   ✅ check-reach
   ✅ check-redefine
   ✅ check-report
   ✅ check-residue
   ✅ check-road
   ✅ check-roster
   ✅ check-routine
   ✅ check-rows
   ✅ check-rules-db
   ✅ check-schedule
   ✅ check-schema
   ✅ check-score
   ✅ check-seed
   ✅ check-send
   ✅ check-session
   ✅ check-site
   ✅ check-sizes
   ✅ check-sms
   ✅ check-sql-funcs
   ✅ check-sql
   ✅ check-stop
   ✅ check-student
   ✅ check-sw
   ✅ check-tables
   ✅ check-today-words
   ✅ check-todo
   ✅ check-tx
   ✅ check-tz
   ✅ check-undef
   ✅ check-undo
   ✅ check-v2-rls
   ✅ check-v2only
   ✅ check-video
   ✅ check-warn
   ✅ check-words

■ 합계 — 통과 88 · 실패 0 · 건너뜀 0

■ 옛 앱 보고 (검사가 아니다 — 옛 앱은 동결이라 못 고친다)
   node scripts/report-old-rls.mjs      접근 규칙 — ⚠️ 사고 #7 (마감 술어 없음) 이 여기서 뜬다
   node scripts/report-old-rls-all.mjs  표 85개 전수
