다 받았습니다.
== Postgres ==
== 옛 앱 표 (public — 이관 마이그레이션이 읽는다, git main 에서) ==
  됐습니다
== 표 만들기 (supabase/migrations 차례대로) ==
  ⏭ 0081_map_orphans.sql (실제 데이터 단언 · 빈 DB 에선 못 돈다 · check-migrations 는 눌러보기 DB 에서 이것을 건너뜀으로 센다)
  157개 됐습니다 · ■ v2 표 101 · 규칙 178  ·  public 89→89/170→170 ✅
== 리허설 계정 심기 ==
  됐습니다
== PostgREST ==
  떴습니다 :55441
== 인증 흉내 ==
  떴습니다 :55442

DB 검사도 여기로 돌릴 수 있다: DATABASE_URL=postgres://postgres@127.0.0.1:55440/chloe bash scripts/check-all.sh
다 섰습니다. 앱을 띄우려면 bash scripts/e2e/run.sh (또는 NEXT_PUBLIC_SUPABASE_URL=http://127.0.0.1:55442 NEXT_PUBLIC_SUPABASE_ANON_KEY=$(node scripts/e2e/token.mjs anon) npx next dev -p 3300)

== 앱 띄우기 ==
  떴습니다 :3300
■ 로그인 화면
   ✅ 카드 셋(학생·학부모·원장 강사 조교)
   ✅ 꼬리 도메인이 화면에 없다
■ 틀린 비밀번호
   ✅ 그 카드에만 「맞지 않습니다」가 뜬다
   ✅ 비밀번호가 주소에 안 남는다
■ 원장
   ✅ 들어가서 첫 화면
   ✅ 상단바에 이름·역할
   ✅ 나가는 길(로그아웃)이 상단바에 있다(0-10)
   ✅ 원장 메뉴 열하나((어28) 운영 탭 = 학생) · **날마다 여는 화면은 한 번에**(원장님 2026-09-11 「메뉴는 더 늘려도 줄여도 돼 · 그 안에 페이지동선을 줄이기 위해서라면」): 일정 뒤 내신·업무·성적, 학생 뒤 자료실
   ✅ (어29) 「학생」 으로 옮긴 뒤에도 상단 띠가 맨 위(0px)에 있고 탭 열하나가 그대로다 · 이름·로그아웃도
   ✅ 「학생」 탭 한 번으로 /ops 가 열린다(전에는 두 번) · 그 탭이 파랗다
   ✅ (어29) 「자료실」 으로 옮긴 뒤에도 상단 띠가 맨 위(0px)에 있고 탭 열하나가 그대로다 · 이름·로그아웃도
   ✅ 「자료실」 탭 한 번으로 /ops/files 가 열린다(전에는 두 번) · 그 탭이 파랗다
   ✅ (어29) 「성적」 으로 옮긴 뒤에도 상단 띠가 맨 위(0px)에 있고 탭 열하나가 그대로다 · 이름·로그아웃도
   ✅ 「성적」 탭 한 번으로 /scores 가 열린다(전에는 두 번) · 그 탭이 파랗다
   ✅ (어28) /ops 는 곧 학생 14(운영 탭 = 학생 · 원칙-1 같은 화면 두 곳 없음) · 머리 세그 「학생 · 💰 수납」 · 왼쪽 목록에 고르기 네모(전체 · 줄마다) · 상담은 목록 머리 「☎️ 신규 상담 ↗」
   ✅ 설정의 메뉴 카드 둘도 **제목만**(진도 체크 · 루틴) · 설명문 문단 0 · 툴팁도 0(대전제-15 이름이 말한다 · 어20)
   ✅ 일정 머리의 ↗ 는 셋 · 탭에 이미 있는 「업무」·「학교별 표」는 뺐다(원칙-1)
■ 누른 즉시 표시(다) · 지금 탭이 파랗다 · 누르면 서버 답 전에 그 탭이 파랗고 상단 띠가 켜진다 · 답이 오면 띠가 꺼진다
   ✅ 대시보드(/)에서 「대시보드」 탭만 파랗다(aria-current)
   ✅ 누르자마자(주소가 아직 / 인 채) 「발송」 탭이 파랗고 상단 띠가 켜진다(data-on=1)
   ✅ 답이 오면 띠가 꺼지고(data-on=0) 「발송」이 지금 탭
   ✅ 아래 화면(/schedule/classes)에서는 「일정」 탭이 파랗다(currentTab · 가장 긴 앞머리)
   ✅ 안 정한 권한 칸 수가 뜬다(32칸 중)
■ 발송 10 · 아침: 늦게 가는 아이 없음 · 마감한 판 0 · 나간 것 0 · 리허설 스위치
   ✅ 발송 · 올린 기록 넷 + 오늘 나간 것 · 🌙 지금 보낼 것 0 · 「없음」 · 마감 「0 / N」(판이 있으면 전부 ⏳ 안 나갑니다) · 나간 것 0 · 🧪 리허설(off) 알약 · 보내기 단추 잠김
   ✅ 발송 머리에 「📊 월간 리포트 ↗」
   ✅ 월간 리포트(4단계-2b) · 머리 「N년 N월 리포트」 · 보냄 0 · 재원생 줄 ≥ 2 · zz_시험_학생은 어제 마감한 판(씨앗)이 있어 「아직 안 보냄」 · 마감한 수업 일지가 없는 아이는 「마감한 날 없음」(보내기 잠김)
   ✅ 반 화면(4단계-3a) · 머리 「🏫 반」 · 반 N ≥ 2 · 닫은 반(0130 fixture 둘) · 씨앗 반 줄 「매일 5:00 리허설 · 정규 · 매일 17:00~18:30 · N명」(0004 fixture 아이까지 2명) · 「+ 반 만들기」
■ 루틴 11 · 학원 기본 루틴(영역 일곱) · + 항목 · ✎ · ▲▼ · 🗑 내림·복구 · 예습 · 아이만 고치기 · 교재 기준·회차·이대로면
   ✅ 영역 일곱 · 문법 「학원 3 · 숙제 2 · 필수 3」(씨앗 넉 줄) · 단어는 「단어는 학원 0줄 · 시험은 루틴 밖」 한 줄(실데이터 교재예습은 예습 자리) · 영역 2 · 「교재마다 N벌 → 영역마다」 비교 카드는 뺐다(어20 · 이름이 말한다)
   ✅ + 항목(영작 · 둘 다 · 필수) → 줄 1 「zz_영작 문제풀기 · 개념설명도 읽고 … · 읽기 · 밑줄」 · 「학원 1 · 숙제 1 · 필수 1」 · 영역 3
   ✅ 둘째 줄(학원) 더하고 ▲ → 차례가 바뀐다(숙제채점 · 문제풀기) · 「학원 2 · 숙제 1 · 필수 1」
   ✅ ✎ 이름 고치기 → 「zz_영작 채점」 · 자리를 「예습」으로(확정-57~0065 의 next 자리, 다음 소단원을 숙제로) → 「학원 1 · 숙제 1 · 필수 1 · 예습 1」
   ✅ 🗑(문제풀기) → 줄 1 · 「삭제한 것 1」(지우지 않았다, 확정-㊷) · 「학원 0 · 숙제 0 · 필수 0 · 예습 1」
   ✅ 복구 → 줄 2 · 삭제한 것 없음
   ✅ 🧑 아이(zz_시험_학생) · 문법 「학원 기본 그대로」 넉 줄 · 자리 세그먼트는 잠김 · 📚 문법책 「문법 루틴을 씁니다」 · 기준 소단원 · 회차 1 · 이대로면(남은 소단원 n/N · 수업 N회)
   ✅ 「이 아이만 고치기」 → 이 아이만 고침 · 첫 줄 🗑 → 줄 3 · 「뺐습니다」 + ＋ · 📚 「이 아이만 고친 문법 루틴」
   ✅ ＋ 복구 → 「학원 기본으로」 → 학원 기본 그대로(줄은 내렸을 뿐 · 오늘 수업 일지는 그대로 4줄로 깔린다)
   ✅ 📚 문법책 · 「문법 루틴을 씁니다」 · 「이 교재만 다르게」 단추 · 연결 양식에 「이 날부터」 날짜
   ✅ 「이 교재만 다르게」 → 「이 교재만 고친 루틴」 · 교재 줄 4(영역 줄을 베낌) · 🔒 단추는 둘째 줄부터 3 · 영역 칸은 그대로 「학원 기본 그대로」
   ✅ 워크북 복습에 🔒 → 켜짐 · 「앞엣것을 끝내야 열립니다(아이 화면 숙제 줄)」 · 잠금은 줄 사이에만(확정-㉒)
   ✅ 「영역 루틴으로」 → 「문법 루틴을 씁니다」 · 교재 줄은 내렸을 뿐(고른 줄은 전부 필수라 01 의 「필수만」이 달라진다. 그래서 되돌린다)
   ✅ 학원 문법 줄 「zz_워크북 복습」에 🔒(영역 줄 · 이 영역을 쓰는 아이 전부) → 켜짐 · 첫 줄엔 🔒 가 없다 · 그대로 두고 간다(오늘 수업 걷기의 07 숙제 줄이 본다)
   ✅ 단원평가 본다 → 「대단원마다」 세그먼트가 열린다 → 끄면 닫힌다(오늘 수업 일지엔 영향 없음)
■ 누가 무엇을 보나 · 강사에게 대시보드를 켠다
   ✅ 표가 뜬다
   ✅ 강사·대시보드 칸이 있다
   ✅ 켬이 눌린 채로 남는다
   ✅ 안 정한 칸이 하나 줄었다
■ 로그아웃
   ✅ 로그인 화면으로 돌아온다
   ✅ 나간 뒤 첫 화면은 로그인으로 보낸다
■ 강사 · 켠 만큼만
   ✅ 강사 메뉴 = 대시보드 하나(설정은 안 정함 = 막힘)
   ✅ 강사가 수강료 유형을 열면 닫혀 있다(ops.fee 안 정함 = 막힘 · 답 ⑮ 「강사는 수강료 못 보게」) · 표 없음 · 엑셀 403
■ 학생 · 처음 비밀번호는 바꿔야 들어간다
   ✅ 비밀번호 바꾸기 화면으로 보낸다
   ✅ 안 바꾸면 첫 화면으로 못 간다
   ✅ 0000 은 거절한다
   ✅ 바꾸면 「나」 화면(/me · 아이는 제 화면 하나)
■ 아이 화면 07 · 아침: 등원 전에도 「오늘 낼 숙제」가 보인다 → 출석을 찍으면 판이 선다(원장 손과 같은 길)
   ✅ 메뉴 없음(아이는 제 화면 하나) · 등원·하원 카드
   ✅ 「오늘 낼 숙제 3」 · 등원 전에도 원장의 검사 줄과 같은 셈(30일 안 아직 검사 안 한 지난 숙제 전부 · (파)) · 줄마다 「M/D 에 받음」 · 설명 줄 없음((어16))
   ✅ 오늘 할 것은 「아직 안 열렸어요」((어16) 설명 대신 상태 한 줄)
   ✅ 등원 전 · 알약 「아직」 · 집에 가요 단추 없음
   ✅ 「출석」 → 「HH:MM 출석」 · ✓ 출석 · 두 번은 못 찍는다(단추가 사라진다) · 집에 가요 단추가 열린다
   ✅ 판이 섰다(원장 손과 같은 길) · 「오늘 낼 숙제 3」(어제 둘 + 그저께 하나 · 판이 서면 검사 줄 전부 · (카))는 이제 검사 줄에서 · 오늘 할 것은 「검사 뒤에 떠요」
   ✅ 「핸드폰 냈어요」도 찍힌다. 도착 시각은 가장 이른 걸음 그대로(출석이 먼저였다)
   ✅ 내 교재 · 「zz_리허설 문법책 · 1회독 · 남은 소단원」
   ✅ 새 비밀번호로 들어가고 다시 안 묻는다. 「나」 화면으로
■ 학부모 09 · 아침: 마감한 판만 · 아이가 찍은 등원 · 다음 숙제 · 다음 시간 시험 · 남기실 말
   ✅ 학부모도 처음엔 비밀번호를 바꾼다
   ✅ 바꾸면 학부모 화면(/parent) · 아이 이름 · 메뉴 없음
   ✅ 🕘 오늘 · 아이가 찍은 등원 「HH:MM 도착 · 하원 아직」 · 정시 등원 알약(마감 전 판은 안 보이지만 등원은 보인다)
   ✅ 📋 어제 수업(마감한 판) · 수업일지 글 없음 · 📘 다음 숙제 2(어제 낸 것) · 📝 다음 시간 시험 「단어 20개 · 통과 90%」 · 오늘 수업 일지는 마감 전이라 안 보인다
   ✅ 빈 카드는 숨긴다(확정-⑮) · 오늘 하원 지연·앞으로 없음 → 카드 없음 · 📨 보낸 것엔 어제·그저께 하원 지연 안내(씨앗) · 남기실 말 카드는 있다 · 달력 링크
■ 👁 그 아이 화면을 그대로 본다. 원장님만 · 읽기만(원장님 2026-09-11 「학생 학부모기능 없고」)
   ✅ 학부모가 /me?as= 를 붙여도 「보는 중」 띠가 없다. 남의 화면이 안 샌다
   ✅ 학부모가 /parent?as= 를 붙여도 제 아이 화면 그대로(띠 없음)
   ✅ 원장님이 /me?as= 로 아이 화면을 연다. 👁 띠에 아이 이름 · 「읽기만」
   ✅ 아이 화면 속이 그대로 그려진다(카드가 있다) · 「없는 화면」이 아니었다
   ✅ 보는 중에는 안의 단추·칸이 통째로 잠긴다(fieldset disabled) · 눌러도 저장되지 않는다
   ✅ 원장님이 /parent?as= 로 그 집 화면을 연다. 띠 「학부모님이 보는 화면」 · 통째 잠김
   ✅ 원장님이 /parent/cal?as= 로 그 집 달력을 연다. 띠 · 달력이 그려진다((어21) check-undef 가 잡은 것: user 를 안 받아 ReferenceError 로 죽던 화면)
   ✅ 운영 › 재원생의 아이마다 「👁 아이 화면」·「👁 학부모 화면」 둘이 있다
   ✅ 「👁 아이 화면」을 누르면 그 아이 화면이 열린다

■ 화면 걷기 76건 · 실패 0
■ 오늘 수업
   ✅ 처음 열기(판을 세운다) 조회 ≤ 20 · 19
   ✅ 다시 열기(판이 있다) 조회 ≤ 20 · 19
   ✅ (거)(려) 폰 상단 띠 · 로그아웃이 첫 줄(이름·칩) 오른끝 · 탭은 그 아래 꽉 차게
   ✅ 폰에서 **탭 열둘이 하나도 안 잘린다**(접혀서 두 줄이어도 다 보인다 · 굴림막대에 숨지 않는다)
   ✅ (머2) 오늘 수업 머리에 날짜 고르개 · ◂ · 날짜 칸(오늘) · ▸ · 오늘은 「오늘로」가 없다
   ✅ ◂ 를 누르면 어제 판 · 주소에 ?d=어제 · 「오늘로」가 생긴다 · 「지난 날을 보고 있습니다」
   ✅ 「오늘로」를 누르면 맨 주소(/today)로 돌아온다. 즐겨찾기가 늘 오늘을 연다
   ✅ ▸ 를 누르면 내일 판 · 「앞으로 올 날」 · 「마감은 그 날에」
   ✅ 내일 판에서는 **마감이 잠겨** 있다(임시 저장은 열려 있다) · 왜 잠겼는지 그 자리에서 말한다
   ✅ 리허설 학생 줄이 선다
   ✅ 어제 숙제 둘 + 그저께 하나 · 30일 안 안 본 숙제 전부가 검사 줄로 왔다(셋 · (카))
   ✅ 「검사 안 본 것 3」
   ✅ 학생 줄 머리 · 「중2 · zz_시험_중」(학교 이름 줄임) · 진도 점 셋(어제 숙제 둘 + 그저께 하나, 아직 ·)
   ✅ (카) 줄 머리 「2일째 안 봄」 · 안 본 줄 중 가장 오래된 숙제(그저께 것)가 이틀 전(어제 것만이면 아직 말하지 않는다 · 검사-㊶)
   ✅ 판을 펴면 🗺 메모·🌙 늦게 감은 오늘 학습 안 접이(안 눌린 채 · 카드는 안 그려짐) · ✉️ 는 접혀 「아직 안 씀」(대전제-0 · (어24))
   ✅ 학습·숙제(work)와 검사(check)는 **안 접힌다** · 그것이 본 일이다
   ✅ 「🗺 메모」를 누르면 그 카드만 펴진다(다른 접이는 그대로) · 조회는 안 늘어난다(저장도 안 한다)
   ✅ (어27)(어32) 검사 줄 위에 교재 · 대단원 머리(📕 zz_리허설 문법책 · CHAPTER 1) → 단원 줄(PSS 1-3 · p.12 · 12문항 · 쪽은 단원마다) → 활동 줄 · 제목이 「(이름 없음)」·「(빈 줄)」인 줄 0
   ✅ (어30)(어32) 검사 줄은 교재·대단원 → 단원 → 활동(머리 「📕 zz_리허설 문법책 · CHAPTER 1」 → 「PSS 1-3 …」 → 그저께 줄 → … → 「그 밖에」) · 날짜보다 교재·단원이 먼저
   ✅ (어42)(어47) 나무 · 영역 색띠(data-area=문법 · 📐 문법) › 📕 교재 › 단원 머리(div · details 0 · ▸ 0) › 활동 줄 들여쓰기(.trr .hw) · 촘촘히(.tr.dense)
   ✅ (어47) 단원 머리를 눌러도 줄이 안 숨는다
   ✅ (카) 그저께 것을 ✕ 로 보면 「N일째 안 봄」이 사라지고 「검사 안 본 것 2」 · 진도 점에 ✕ 하나((머) 이 ✕ 가 깔기의 기본을 「1-3 다시」로 만든다)
■ 출결 · 낙관적 · (어28)-② 고른 줄에 한 번에(원장님 2026-09-15 「ㅇㅇ넣음」)
   ✅ (어31) 반 머리 1개(반마다 · 🏫 반 이름 크게 · 시각 · N명) · 머리에 「반 전체」 네모(원장님 9/15 「반 이름 잘보이게 하고 반별 선택도 가능하게」)
   ✅ 「반 전체」 → 그 반의 마감 안 한 줄 2만 고른다 · 띠 「고른 2명」 · 머리 네모 켜짐
   ✅ 다시 누르면 그 반만 빠진다 · 띠 없음
   ✅ (어28)-② 01 머리에 「전체 N명」 네모(마감 안 한 줄만 센다) · 줄마다 앞에 네모 · 고른 것이 없으면 띠 없음
   ✅ (어28)-② 줄 네모를 고르면 띠 「고른 1명」 · 출결 다섯(출석 · 지각 · 결석 · 조퇴 · 온라인) · 「마감 1」(판 있는 줄)
   ✅ 지각이 저장돼 있다
   ✅ (어44) 지각이면 까닭 칩 넷(질병 · 진료 · 가족 일정 · 학교 일정) · 아직 아무것도 안 눌림 · 알약 「경고 3」(지난달 지각 이틀 + 오늘)
   ✅ (어44) 「진료」 → 눌린 채 · 오늘 까닭에서 「지각」이 빠진다(규칙 warn.excused · SQL warn_days · 같은 날 단어 미통과가 있으면 하루 1회라 횟수는 그대로)
   ✅ (어44) 「질병」 → 까닭에 다시 「지각」(질병·가족 일정은 센다) · 「경고 3」 · 뒤의 반성문 걷기는 이 3회째를 쓴다
■ 숙제 검사 △ → 어디까지 → 나머지는 다음 숙제로
■ 폰 03 · 줄 끝 저장줄이 화면 아래(홈 표시줄 위)에 붙어 따라온다(폰-6 · 목업 01·03)
   ✅ 저장줄이 sticky 로 화면 아래에 붙는다(줄이 화면보다 길 때) · 「저장하고 마감(→ 다음 아이) · 임시 저장 · 닫기」
   ✅ padding-bottom 에 env(safe-area-inset-bottom) · 홈 표시줄에 안 깔린다(viewportFit cover 는 check-sw)
   ✅ 폰에서는 「닫기」가 저장줄에 보인다
   ✅ PC 에서는 저장줄의 「닫기」가 숨는다(머리의 닫기가 있다)
   ✅ △ 누르면 「어디까지·나머지는」이 열린다
   ✅ (어51) 다시 열면 검사한 줄은 **그 자리에서** 한 줄로 접힌다(자리를 안 옮긴다 · 원장님 9/16 「검사완료된걸 클릭하니까 위에 새로운 내용으로 다시 생기는거 구조가 비논리적이야」) · 안 본 줄은 펴진 채
   ✅ (어51) 이름을 누르면 그 자리에서 펴진다 · 줄 차례는 그대로(뒤엉키지 않는다)
   ✅ △·절반이 남아 있다
   ✅ △ 를 주면 머리의 진도 점도 △
   ✅ 나머지가 오늘 숙제 줄로 섰다(원본을 가리킨다)
   ✅ 검사 안 본 것이 1로 줄었다
■ 항목 더하기 · 미루기
   ✅ 학원 줄이 하나 섰다
   ✅ (어26) ✎ 로 줄 글을 고친다(대전제-19 · 원장님 9/15 「모든 항목을 추가/수정/삭제가 가능한게 기본」)
   ✅ (어26) ✕ 로 빼면 줄이 사라지고 「뺀 줄 1」+ 복구(지우지 않는다 · off)
   ✅ (어26) 복구 → 줄이 돌아오고 「뺀 줄」이 사라진다
   ✅ 🏠 로 옮기면 숙제로 간다(지우지 않는다)
■ 검사가 끝나면 오늘 학습·숙제가 저절로 깔린다(확정-⑨)
   ✅ (어35) 문법책 검사 둘(워크북 △ · 그저께 ✕)이 끝났으니 검사 줄 하나(클카 문장훈련 · 교재 없음)가 남았어도 문법책은 이미 깔렸다(검사 먼저 끝난 교재부터 · 원장님 9/15 「숙제검사를 먼저 한 영역이 오늘학습에 먼저 배정」) · 「검사 끝나면 채워집니다」 0 · 교재 한 권 · 학습·숙제 반쪽 둘
   ✅ (어55) 3단이 좁아져도 세그는 칸 안에 있고 단추는 제가 눌린다(안 그러면 「하나 더」를 눌러도 이웃 칸의 「✕ 받은 단원 다시」가 눌린다)
   ✅ ○ 를 누르면 그 단추가 색으로 눌린다(배경이 안 누른 단추와 다르다 · CSS data-v o·w·x = 앱 CHECK_KEY)
   ✅ 교재 한 권이 깔렸다(리허설 문법책 · 1회독 · CHAPTER 1)
   ✅ (머) ✕ 받은 단원(1-3)이 있으면 「그 단원 다시」가 기본 · 학습 회차 「1-3 다시」 눌림 · 학원 단원 머리 1-3 · 숙제 회차도 「1-3 다시」 눌림(세그먼트로 바꿀 수 있다)
   ✅ (머) 회차를 「1-4」·「1-4 복습」으로 되돌리면 그대로 따른다(기본일 뿐) · 그저께 것을 ○ 로 고쳐도 다시 깔지 않는다
   ✅ 학원 줄 셋(구두테스트·문장훈련·교재 풀기) · 단원 머리 하나 「PSS 1-4 …」(쪽·문항은 단원마다 · (어32))
   ✅ 숙제 줄 둘(문장훈련·워크북 복습) · 오늘 것 복습
   ✅ 검사 안 본 것 알약이 사라졌다
   ✅ 분량 띠 · 학원 3 (손으로 더한 것은 「그 밖에」로)
■ 오늘 단원 · 학습에서 「하나 더」를 누르면 소단원이 둘이 된다(줄은 그대로 셋)
   ✅ (어32) 단원 머리 둘(1-4 · 1-5) · 단원마다 활동 셋이 차례로 = 줄 6 · 단원이 먼저(원장님 9/15)
   ✅ 학원 항목 수는 줄×소단원 = 6
   ✅ (어37) 학습 단원 머리에 「건너뛰기 · 다음 시간으로 · 숙제로」 · 활동 줄마다도 셋 · 숙제 줄에는 「학습으로」 · 「회차」 0
   ✅ 줄 「zz_의미덩어리 구두테스트」 다음 시간으로 → 1-5 활동 2 · 「⏭ 다음 시간에 1」 + 되돌리기
   ✅ 되돌리기 → 1-5 활동 3 · 「다음 시간에」 없음
   ✅ 줄 「zz_의미덩어리 구두테스트」 숙제로 → 학습 1-5 활동 2 · 숙제 줄에 서거나(옮김) 같은 활동이 이미 숙제에 있어 뺀 줄로(합침)
   ✅ 「학습으로」(또는 복구) → 1-5 활동 3
   ✅ 단원 1-5 통째로 다음 시간으로 → 학습에서 1-5 머리 사라짐 · 「다음 시간에 3」
   ✅ 셋 다 되돌리기 → 1-5 활동 3 · 「다음 시간에」 없음 · 학원 항목 수 6 그대로
■ 조절 02 · 교재마다 갯수 · 뺄 칩 · 이번에 낼 번호 · 화면엔 문항·쪽 합계(확정-㉓)
   ✅ (자) 모달 02-tune · 폰에서 화면 너비 안 · 머리 알약이 닫기 단추와 안 겹친다(02c 요일 알약 · 방식 고치기 교재 알약이 잘렸었다 · .mdl 없으면 건너뜀)
   ✅ (자) 상단 띠 · 바탕이 있다(굴려도 내용이 띠를 뚫고 안 보인다) · 모달이 열리면 띠도 덮인다(탭 자리가 .mdlov)
   ✅ (머) 「같은 조절 3번째 · 루틴을 고칠까요?」 알약(어제·그저께도 조절 · 규칙 tune.ask_after 3) + 「11 에서 회차 고치기 ↗」 링크(답은 루틴 11 에 적힌다. 확정-62)
   ✅ 모달 · 안 한 소단원 3개 중에서 · 지금 2개(1-4·1-5) = 28문항 · 2쪽
   ✅ (어33) 조절 말이 쉽다(원장님 9/15) · 「CHAPTER 1 에서 아직 안 나간 소단원 3개 · 다음 대단원 CHAPTER 2 도 고를 수 있음」 · 칩 목록에 대단원 머리 CHAPTER 1 · CHAPTER 2 · 「고른 소단원 2개 = 오늘 …」 · 「나가는 차례」 · 「회차」 0
   ✅ 3개면 90문항 · 11쪽 · 62문항 대비문제엔 「이번에」 눈금 1-20번·1-31번·전체
   ✅ (자) 뺀 칩은 보기에도 다르다. 바탕이 고른 칩과 다르다(목업은 칩을 지우고 앱은 끄기만 해서 둘이 똑같이 파랬다)
   ✅ 1-5 칩을 빼면 고른 것 2개 · 1-4 · 대비문제
   ✅ 적용 · 학습 단원이 1-4 · 대비문제(머리 둘 · 1-5 없음), 대비문제 활동 줄에 「이번에 1-20번」이 붙는다
   ✅ 모달이 닫혔다 · 학원 항목 수는 줄×소단원 = 6 그대로
   ✅ (어38) 세그 말이 뜻으로 · 「(✕ 받은 단원|지난 단원) 다시 · 이번 단원 · 하나 더」 · 단원 부호(1-4·1-5) 0
   ✅ 조절로 [1-5 · 대비문제](1-4 빼고 1-5 넣기)
   ✅ 「하나 더」[1-4·1-5] → 단원 머리 1-4 · 1-5 · 오류 띠 없음(1-5 줄은 그대로 · 대비 줄이 1-4 로)
   ✅ (어38c) 단원 머리 차례 1-4 → 1-5(돌려 쓴 대비 줄이 1번 자리를 받는다 · 옛 차례가 안 남는다)
   ✅ 「이번 단원」[1-4] → 단원 머리 1-4 하나 · 오류 없음
   ✅ 조절로 다시 1-4 · 대비문제 · 「이번에 1-20번」 · 학원 항목 6(뒤 걸음이 이 상태를 본다)
   ✅ (어38c) 되돌린 뒤 차례 1-4 → 대비문제(「+ 시험 더하기」 기본 단원 = 첫 줄 1-4)
■ 줄이기 · 필수만 (검사-⑩: 지우지 않고 off) · 세그먼트에 숫자 「그대로 N · 필수만 M」 · 📣 오늘 좀 많습니다(씨앗 문턱 1쪽)
   ✅ 줄이기 세그먼트 「그대로 N · 필수만 M」 · 판 안에서 센다(day_item.required · 조회 0) · N ≥ M ≥ 1
   ✅ 📣 오늘 좀 많습니다. 합쳐 N쪽 · 「보통 1쪽쯤입니다 · 문법책가 N쪽」 · 「조절 ↗」(확정-㊺a: 앱은 말만)
   ✅ 띠의 「조절 ↗」 가 그 교재의 조절 모달을 그 자리에서 연다
   ✅ 학습 줄 둘(교재 풀기는 필수가 아님) · 숙제 줄 둘 그대로(단원마다 · (어32))
   ✅ 그대로 → 셋으로 되살아난다(단원마다)
■ 교재 상태 · 숙제 보류이면 숙제 반쪽이 「숙제 없음」
   ✅ (어49) 교재 상태는 누르는 순간 눌린다(새로고침 전 · 서버 답을 안 기다린다 · 원장님 9/16 「교재 진행중/ 숙제보류/ 교재보류도 버튼작동이 상당히 느림」)
   ✅ 숙제 반쪽 muted · 숙제 없음
   ✅ (어57) 숙제 보류 교재는 **숙제 검사에서는 접히고**(맨 밑 보류 목록) **오늘 학습에는 그대로 뜬다**(원장님 9/16 「숙제보류는 숙제검사에서 접고, 오늘학습에는 떠야지」)
   ✅ 진행중 → 숙제 줄 둘이 되살아난다(단원마다)
■ 교재마다 메모 · 아이 화면에 그대로
   ✅ 학습 메모가 남아 있다
■ 진도 체크 02b · 검사 △ 가 ◐ 로 · 손으로 ○ 와 되돌리기 · 이 대단원 건너뛰기(확정-⑳·㊶ · 검사-⑭)
   ✅ 나무 · 1회독 · 끝낸 대단원 0 / 2 · 지금 CHAPTER 1
   ✅ (아) 02b 펼친 대단원은 바탕이 파랑(--navy)이 아니고 글씨가 흰색(--on-navy)이 아니다. 줄의 「펴기」 단추 규칙에 안 물린다(폰-9 클래스 이름 겹침 · 원장님 폰이 잡음)
   ✅ (자) 모달 02b-progress · 폰에서 화면 너비 안 · 머리 알약이 닫기 단추와 안 겹친다(02c 요일 알약 · 방식 고치기 교재 알약이 잘렸었다 · .mdl 없으면 건너뜀)
   ✅ 어제 숙제 1-4 에 △ 를 줬으니 1-4 는 ◐ · 1-1~1-3 은 ○(seed)
   ✅ 오늘 학습 소단원(1-4·대비문제)에 「✍ 메모로 자동 ○」 후보 표시
   ✅ 02b 머리 · 아직 메모로 마감한 적이 없어 「✍ 메모로만 N회 연속」 없음(5단계-① · 규칙 3회부터 ⚠️)
   ✅ (어49) 진도 체크 ○ 는 누르는 순간 눌리고 대단원 셈도 그 자리에서 바뀐다(서버 답을 안 기다린다 · 원장님 9/16 「진도체크들어가면 버튼이 제대로 작동하지않음」)
   ✅ CHAPTER 2 의 2-1 에 ○ → 「1/1 끝냄」 · 끝낸 대단원 1 / 2
   ✅ 되돌리기 · → 「0/1」
   ✅ 이 대단원 건너뛰기 → 「0/1 끝냄 · 건너뜀 1」 (지운 것이 아니다)
   ✅ (어34) 소단원 줄마다 네모 · 「여기까지 ○」 · 대단원을 펴면 「이 대단원 전체」 네모 · 고른 것이 없으면 띠 없음
   ✅ 1-5 「여기까지 ○」 → 1-1~1-5 가 ○(1-4 ◐ 도 ○) · 뒤의 대비문제는 그대로 · · CHAPTER 1 「5/6」
   ✅ 「이 대단원 전체」 → 띠 「고른 6개」 · ○ 끝냄 · ◐ 하는 중 · · 아직 · 비우기
   ✅ 1-4·1-5 골라 「◐ 하는 중」 → 둘 다 ◐ · 띠는 비워진다
   ✅ 1-5 만 골라 「· 아직」 → 1-5 · · 1-4 는 ◐ 그대로(되돌려 놓음)
■ 🗺 진도 · 영역별 메모 · 📝 단원평가(목업 01 남긴 것 6)
   ✅ 🗺 오늘 한 단원 · 검사한 1-4 ◐ · 오늘 학습 단원
   ✅ (어9) 메모를 적은 아이는 다시 열어도 🗺 가 **저절로 펴져 있다**(적힌 것이 있으면 접지 않는다 · shutCards 한 곳) · 접이 단추가 「🗺 메모 · 메모 1」
   ✅ 영역 메모 · 칸을 떠나면 저장 · 다시 열어도 그대로
   ✅ 📝 단원평가 · 숙제 검사 카드 안(🔤 앞 · (어12)) · zz_시험_관계사 · 25문항 · 출제 완료 · 통과선 80%
   ✅ 맞은 개수 21 → 「21 / 25 · 84% 통과」 · 채점함 · 다시 열어도 그대로
■ 🃏 클래스카드 플래너((뎌-4) · 확장이 보낸 그대로 · 앱이 안 넘긴다 확정-⑱)
   ✅ 🃏 · 숙제 검사 카드 안((어12)) · 세트 둘 · 머리에 받은 때(설명 「확장이 15분마다 받아 적음」은 걷어냄)
   ✅ 단어 세트 · 완료 · 단어 세트 · 60장 · 필수 모드 4개 · 모드 넷(암기·리콜·매칭·스펠)
   ✅ 목표 대 실제는 **확장이 보낸 그대로** · 매칭 3,240 / 목표 3,000(개수) · 스펠 82% / 목표 100%(백분율 · 못 넘음)
   ✅ 3초훈련은 없다(확정-⑩ · 짐에 와도 앱이 버린다) · 못 넘긴 것만 말한다 「스펠 다시 돌립니다」
   ✅ 다 넘긴 문장 세트에는 ⏭ 단추가 없다. 넘길 것이 없다
   ✅ ⏭ 목표 미달 넘기기 → 「넘겼습니다. 오늘은 안 셉니다」 · 새로 읽어도 그대로(적힌다) · 빨간 칸이 풀린다
   ✅ 다시 누르면 되돌아온다(줄은 그대로 · 지우지 않는다, 대전제-6)
■ 시험 · 지난 시간에 낸 범위 그대로(0038) · 틀린 개수만 적는다(0039) · 미통과면 재시험 줄 + 하원 지연 사유
   ✅ 어제 낸 단어 시험이 숙제 검사 카드 안 🔤 에 선다(1-3 · 전체 20 · 통과 90)
   ✅ 틀린 개수 2 → 18/20 · 90% · 통과 (세어 나온다)
   ✅ 통과 알약 · 재시험 없음
   ✅ 틀린 개수 3 → 17/20 · 85% · 못 넘음
   ✅ 미통과면 재시험 줄이 저절로 선다(더 어렵게 · 2회독 방식)
   ✅ 하원 지연 사유에 「단어 재시험이 남음」이 붙는다
   ✅ 재시험지 만들기 단추는 「재시험 대상 ✓」
   ✅ 건너뛰면 재시험 줄은 「오늘 건너뜀」 · 사유에서 빠진다 · 점수는 그대로(85%)
■ 다음 시간 시험 · 숙제와 같이 나간다 · 전체 개수를 적어야 리포트에
   ✅ 다음 시간 시험 줄이 오늘 학습에 하나 · 교재가 멈춰도 할 것이 없어도 **늘 선다**((어3) 첫 주 돌려보기: 내신 기간에 이 카드가 통째로 사라졌다) · 「고치기」를 누르면 그 카드가 선다((어24))
   ✅ 단어 시험 한 줄 · 교재 · 오늘 학습 소단원(1-4) · 통과선 90(학원 기본)
   ✅ 전체 개수를 안 적으면 「리포트에 안 나갑니다」
   ✅ 전체 20 을 적으면 경고가 사라진다
   ✅ 「내신」 범위는 이 아이가 보는 시험의 범위가 있어야 고른다. 리허설엔 아직 없어 잠김 · 마우스 대면 뜨던 설명(title)은 걷었다(폰엔 마우스가 없다. (어12) 대전제-15)
   ✅ ⚙️ 방식 줄 · 「1회독 학원 기본값을 따릅니다」 · 「객관식 뜻 50% · 주관식 뜻 50%」 + 「방식 고치기」
   ✅ (자) 모달 quiz-style · 폰에서 화면 너비 안 · 머리 알약이 닫기 단추와 안 겹친다(02c 요일 알약 · 방식 고치기 교재 알약이 잘렸었다 · .mdl 없으면 건너뜀)
   ✅ 「방식 고치기」 모달 · 학원 기본값이 채워져 있다(50 · 50 · 힌트 없음 · 통과선 90) · 합 100
   ✅ 합이 100 이 아니면 저장이 잠긴다(합 90)
   ✅ 저장 → 이 아이만의 줄(학생 × 교재 × 1회독 × 단어) · ⚙️ 「객관식 뜻 60% · 주관식 뜻 40% · 첫글자 힌트」 · 「이 아이만」 · 낸 시험의 통과선도 85 로 따라온다
   ✅ 문장 시험을 직접 범위로 더하면 · 방식은 학원 기본값(구두·받아쓰기·녹음 중 하나 · 0040·씨앗) · 직접 적은 범위
■ 경고 · 반성문(확정-㊼) · 지난달 지각 이틀 + 오늘 지각 = 3회째 → 반성문을 묻는다
   ✅ 학생 줄 알약 「경고 3 · 반성문」
   ✅ 하원 지연 카드에 「경고 3회째 · 반성문」 + 지난 날들
   ✅ 반성문 기준 · 3 · 학원 기본 · 지금 3회째
   ✅ 기준을 4로 올리면 이 아이만 4 · 지난 반성문 뒤 3회째라 오늘은 안 묻는다(블록 내려감 · 알약 「경고 3」)
   ✅ 3으로 내리면 다시 묻는다
   ✅ 처분 「오늘 남아서 쓰기」 → 하원 지연 사유에 「반성문 · 오늘 남아서」
   ✅ 처분을 「다음 시간 숙제」로 바꾸면 사유에서 빠지고 숙제 줄 「반성문 쓰기」가 선다
■ 결석·지각 예정 02c(확정-㉔) · 명단에서 보인다 · 달력에서 수업일을 골라 결석(보강 날짜·시각은 직접)·지각·없음 · 📨 학부모께 알림
   ✅ 오늘 결석 예정인 아이(학생둘) · 「결석 예정 · 보강 안 잡힘」 · 판이 안 섰다(학원·숙제 알약 없음) · 출결은 결석으로
   ✅ 반 알약에 「결석 예정 1명」
   ✅ 학생둘 줄 머리 · 「3회독째」(교재 3회독 배정)
   ✅ (자) 모달 02c-plan · 폰에서 화면 너비 안 · 머리 알약이 닫기 단추와 안 겹친다(02c 요일 알약 · 방식 고치기 교재 알약이 잘렸었다 · .mdl 없으면 건너뜀)
   ✅ 모달 · 아이 이름 · 반 요일·시각(매일 17:00) · 「수업일만 고를 수 있습니다」
   ✅ 매일 수업이라 내일 칸이 수업일(·) · 고를 수 있다
   ✅ 고른 날 머리 「9월 17일 목 · 결석」 · 요일이 브라우저 시간대에 안 기댄다
   ✅ 고르면 결석이 기본 · 사유 · 보강 날짜·시각 · 달력에서 고르기 · 안 잡음
   ✅ 달력에서 고르기 · 알약 「아무 날이나」(설명 「앱은 제안하지 않습니다」는 걷음 · (어12)) · 시각 눈금 10·11·14·16시
   ✅ 시각 눈금을 누르면 보강 시각 칸이 14:00
   ✅ 빈 칸 셈(확정-㉔ · 4단계-3a) · 날짜·시각을 고르면 「그 시각 N명 · … · 막지 않습니다」 또는 「그 시각 비어 있습니다」(보여만 준다)
   ✅ 저장 · 내일 ✕(결석 예정) · 모레 ↻(보강) · 오류 없음
   ✅ 그날을 다시 고르면 적어둔 것이 돌아온다(사유 · 보강 날짜 · 시각)
   ✅ 📨 학부모께 알림 → 큐에 넣고 「알림 보냄 시각」이 남는다
   ✅ 지각 · 얼마나 눈금(10·20·30분·1시간) · 20분을 누르면 분 칸이 20
   ✅ 저장 · 글피 ⏰(지각 예정) · 결석 예정은 그대로 ✕
   ✅ 없음 · 「저장하면 「온다」로 돌아갑니다」 한 줄(설명 「지우는 것이 아니라…」는 걷음 · (어12))
   ✅ 물림 · 내일 · 로 · 모레 보강 ↻ 도 사라진다(줄은 cancelled 로 남는다)
   ✅ 물린 날을 다시 결석 예정으로 잡을 수 있다. 물린 줄은 유일성에서 빠진다(0109 makeup_key 부분 색인)
   ✅ 지각 예정도 물렸다가 다시 잡을 수 있다(late_plan_one_live)
   ✅ 모달이 닫혔다
■ 하원 지연 · 사유 칩(검사 ✕ → 「＋ … 미제출」 → 누르면 사유에 · 다시 누르면 뺌) · 사유 한 줄 · +20분 · 보내기
   ✅ 검사에 ✕ 를 찍으면 3b 에 사유 칩 「＋ … 미제출」(사유 후보 · 원본은 사유 한 줄)
   ✅ 누르면 사유 글에 조각이 들어가고 ✓
   ✅ 다시 누르면 빠진다
   ✅ 3b 머리 · 「평소 HH:MM」(반 끝 시각 · 목업 「평소 9:40 → 10:20」) · 「남」 줄은 아직 없음(✕·△ 준 항목이 후보 · 고르는 것은 원장님)
   ✅ 검사 ✕ → 「나머지는 → 남아서」 → 3b 「남」 줄 하나 「숙제에서 옮겨옴」(조각이 원본을 가리킨다 · 자리 stay) · 사유 글엔 「숙제 나머지」가 안 적힌다(칩이 있다)
   ✅ 항목 더하기 → 「남」 줄 둘 · 「남 2 · 다 함 0 · 넘김 0」
   ✅ 「다 함」 → 그 줄만 다 함(줄 긋기) · 「다 함 1」
   ✅ 「⏭ 남은 것 다음 숙제로 넘기기」 → 남은 줄은 「넘김」(missing · 남아서 하려다 못 한 것으로 센다) · 숙제 자리에 조각 · 남은 것이 없어 단추 둘 사라짐
   ✅ +20분이 시각을 채운다
   ✅ 적어 두면 「보내야 함」
■ 아이 화면 07 · 저녁: 「오늘은 남아서 HH:MM 예정」 · 오늘 할 것이 깔려 있다 · 「집에 가요」를 찍으면 원장님 화면 「실제 하원」과 같은 줄(등원 걸음 4)
   ✅ 아이 화면 · 「오늘은 남아서 HH:MM 예정」 + 사유 · 「오늘 할 것」에 학원·숙제 줄이 깔려 있다(선생님이 검사한 뒤)
   ✅ 아이 화면 「오늘은 남아서」 · 3b 「남」 줄이 아이에게도(✓ 다 함 · ⏭ 넘김)
   ✅ 「집에 가요」 → 「HH:MM 집에 감」 · 단추는 사라진다(하루 한 번)
   ✅ 원장님 화면 · 아이가 찍은 실제 하원이 같은 줄로 보인다(등원 걸음 4 · 0083)
   ✅ 반복 · 그저께·어제 약속 + 오늘 = 21일 안 3번째 → 앱이 먼저 「3주 안 3번째 남습니다. 숙제량을 볼까요?」(규칙 late.repeat_count 3 · repeat_days 21) + 날들에 「오늘」
   ✅ 띠의 「조절 ↗」 → 02 조절 모달이 그 자리에서 열린다(숙제량을 보는 자리)
   ✅ 실제 하원을 찍으면(등원 걸음 4 와 같은 줄) 「실제 하원 22:56 · 예상보다 25분 늦게」 · 차이는 세어 나온다
   ✅ 보내기 → 큐에 들고 「보냄 HH:MM」(누른 때 · 학부모 화면은 이때부터 보인다)
■ 부모님께 글 · 유형 다섯 · 상황이 길이를 먼저 고른다 · 붙는 줄 · 미리보기 · ✨ 브리핑(목업 01 ✉️)
   ✅ 상황 다섯 · 보통·숙제안함·시험전·시험후·늦은밤 · 길이 넷
   ✅ 그날 상태에서 저절로 고른 「늦은밤」 → 길이 50자 이하 · 「오늘 상태에서 저절로」
   ✅ 「숙제안함」을 누르면 길이가 200자로 따라온다
   ✅ 201자면 세는 자리가 빨갛다. 「201 / 200자」
   ✅ 길이를 300자로 올리면 넘지 않는다
   ✅ 글 밑에 붙는 줄 · 다음 시간 단어 시험 20개 · 통과 85%(방식 고치기가 옮긴 통과선) · 오늘 귀가 예정
   ✅ 👁 미리보기 · 글 + 붙는 줄이 학부모 화면 그대로
   ✅ ✨ 브리핑 · 키가 없으면 그 자리에서 말한다(대전제-0): 「AI 키가 없습니다」
   ✅ 글은 그대로(초안이 덮지 않았다)
■ 부모님께 글 · 마감
   ✅ 마감됨이 뜬다
   ✅ 마감 뒤엔 출결이 잠긴다
   ✅ 마감 뒤엔 글을 못 고친다
   ✅ 마감 뒤엔 꼬리표 「300자 · 숙제안함」(09·10 이 같은 것을 보인다)
■ 안 보낸 채 마감(확정-⑭) · 학생둘: 예상 귀가만 적고 마감 → 한 번 묻고(막지 않는다) 「📨 보내고 마감」
   ✅ (어48) 출결을 누르면 도착 시각이 남는다(아이가 안 찍었으면 원장이 찍은 것으로)
   ✅ (어48) 출결 곁 「하원」 · 누르면 그 자리에서 하원 시각 · 단추는 사라진다
   ✅ (어55) 하원 단추는 눈에 띈다(pri) · 찍은 뒤엔 ↩ 로 무를 수 있다(원장님 2026-09-16 「하원버튼 실수할거같으니 강조해주고, 다시 누르면 취소가능하게」)
   ✅ (어55) ↩ 를 누르면 하원이 지워지고 단추가 돌아온다 · 새로고침해도 그대로(잘못 누른 것을 무른 것)
   ✅ (어48) 시각 고치기 · 다시 열어도 하원 21:05(원장님 9/16 「시간 정정가능하게 나중에 누를수도 있으니까」)
   ✅ 학생둘 · 결석 예정이었지만 왔다: 출결을 누르니 판이 선다
   ✅ (어35) 학생둘 · 교재 둘 · 문법책(줄 있음)이 앞 · 독해책(루틴 없음 · 줄 0)은 뒤 · 줄 있는 교재가 하나뿐이라 ▲▼ 잠김 · 줄 없는 교재엔 ▲▼ 없음
   ✅ 학생둘 · 적어 두면 「보내야 함」 · 반복 띠는 없다(처음 남는다)
   ✅ 마감이 한 번 묻는다. 「하원 지연 안내를 아직 안 보냈습니다」 · 「그대로 마감」도 있다(막지 않는다) · 아직 마감 안 됨
   ✅ 「📨 보내고 마감」 → 보냄 + 마감됨
■ 마감이 방아쇠 · 학습 메모가 있는 교재의 오늘 학습 소단원이 ○, 조각(이번에 1-20번)은 ◐ (확정-㊳ · 검사-⑭)
   ✅ 1-4 ○ (메모로 자동) · 대비문제 ◐ (조각) · 마감된 판이라 단추는 잠김
   ✅ (러) 조각 줄 밑에 「낸 것 1-20 · 남은 것 21-62」 · 마감 메모가 조각(이번에 1-20번)을 progress_part 에 남겼다(확정-⑳ · 다 덮이면 저절로 ○)
   ✅ 02b 머리 · 메모로 마감했지만 같은 날 02b 에서 손으로 ○·되돌리기·건너뛰기를 했으니 「메모로만」이 아니다(손 표시가 끊는다 · 검사만 있는 날은 세지도 끊지도 않는다) → 알약 없음
■ 월초 정리 띠 · 지난달 경고가 있고 이 달 정리를 안 정했으면 뜬다 · 전원 정리하면 횟수만 0
   ✅ 띠가 떠 있다(「N월이 시작됐습니다. N월 경고를 정리할까요?」)
   ✅ 정리하면 띠가 내려가고 오늘 것만 남아 「경고 1 · 반성문」(오늘 처분한 것은 그대로)
■ 아이 화면 07 · 마감 뒤: 「다 했어요」(학원 줄은 차례대로 · 무를 수 있다, 답 ⑧) · 선생님 한 마디(마감해야) · 시험 결과 · 「집에 감」 그대로
   ✅ (어42) 07 도 같은 나무 · 📕 교재 머리(tree-book) · ▸ 단원 머리(tree-head) · 줄은 그 아래 들여쓰기(.trr .li)
   ✅ (어35) 학원 줄 · 첫 줄만 「▶ 시작」, 다음 줄은 「앞엣것부터」(0084 ⑱ · 원장님 9/15 「학생페이지 타이머 짓는다」)
   ✅ (어35) ▶ 시작 → 「▶ m:ss」 타이머 + 「■ 끝」 · 다음 줄은 아직 「앞엣것부터」(하는 중) · 시각은 서버가 찍는다(0167 문지기)
   ✅ (어35) 초가 간다(1초마다 다시 센다 · 화면을 다시 안 불러도)
   ✅ (어35) ■ 끝 → 「⏱ N분」 + 「했어요 ✓ · 취소」(끝 = 다 했어요 · said_done_at) · 다음 줄이 열린다(▶ 시작)
   ✅ (어35) 원장 01 학습 줄에 「⏱ N분」 꼬리표(아이가 잰 시간 · 07 과 같은 글 · 마감 뒤에도 보인다)
   ✅ (어35) 취소하면 다시 하는 중(타이머 이어짐 · ■ 끝) · 다음 줄은 다시 「앞엣것부터」 · 문지기가 막지 않는다(답 ⑧ · 0115 → 0167)
   ✅ 숙제 줄 · 「zz_워크북 복습」(소단원마다 한 줄)은 전부 🔒 「앞엣것부터」(다 했어요 없음) · 앞 항목 「zz_클카 문장훈련」 줄은 바로 누른다(숙제는 아무 때나 · 잠긴 줄만 차례 · 확정-㉒)
   ✅ 앞 항목(문장훈련) 줄을 전부 끝내면 🔒 워크북 줄이 열린다(다 했어요)
   ✅ 하나라도 무르면 다시 잠긴다(앞 항목 전부가 끝나야)
   ✅ 시험 줄 꼬리표((가)-⑨) · 오늘 건너뛴 재시험에 「오늘 건너뜀」
   ✅ 선생님 한 마디 · 단어 「Day 38-40 통과. 스크램블 6200점」(마감해야 보인다) · 시험 결과 85% · 「집에 감」 그대로
■ 07-2 ① 받을 교재·학습지(단계 넷 · 내가 정한 마감) · ⑤ 선생님께 남기실 말
   ✅ 받을 학습지 · 「2과 단어」 아직 · 「대의파악」 하는 중 · 끝낸 것 1 은 접힘 · 알약 1/3 · 유형 이름
   ✅ 「받음」 → 저장(받았다고 찍은 때는 서버가, 0117) · 다시 열어도 받음
   ✅ 「대의파악」 제출((가)-⑧ 원장님 「학생어플에서 제출」) → 끝낸 것 2 로 접힘 · 알약 2/3 · 제출한 때는 DB 가 적는다(0145) · 원장님 05 채점 칸에 선다
   ✅ 내가 정한 마감 → 「M/D까지」 알약(달력에도 🚩)
   ✅ 남기실 말을 보내면 아래에 「보냄 · 답 기다리는 중」 · 원장님 대시보드 답할 것에 뜬다
■ 아이 달력 09b · 날마다 표시 · 칸을 누르면 그날의 줄(출·수·숙·시)
   ✅ 달력이 열리고 이 달 · 오늘 칸 ⏰(지각·하원 지연) 📘(숙제) 📝(시험 본 날) · 어제 ⏰📘(정시였지만 하원 지연 약속이 있던 날 · 씨앗) · 그저께 ⏰(하원 지연) · 내일 ✕(결석 예정) · 글피 ⏰(지각 예정)
   ✅ 오늘의 줄 · 「HH:MM 등원 · HH:MM 하원」 · 수업일지(마감한 글) · 숙제 N개 · 단어 시험 17/20 · 85% 못 넘음
   ✅ 어제 칸을 누르면 그날 · 「출석」 · 수업일지 (글 없음) · 숙제 2개
   ✅ 내일 칸 · 「결석 · 보강 안 잡힘」 · 결석 예정
■ 대시보드(목업 17) · 빵꾸 막이가 맨 위 · 카드 여섯 · 조회 ≤ 20
   ✅ 대시보드 조회 ≤ 20 · 20
   ✅ 📨 카드 · 「안 읽은 집 0」(발송 이력 opened_at · 리허설(off)이라 실제로 나간 통이 없다) · 「발송 ↗」
   ✅ 알약 · 「N월 N일 요일」 · 「🚨 빌 아이 1」 · 「오늘 2명 · 17:00」
   ✅ (어50) 띠 이름은 뜻대로 「오늘 줄이 안 나갈 아이 N명」(원장님 9/16 「배정이 빌 아이 … 이게 무슨 의도 말이야 진도체크되어있는데」 · 교재 배정이 아니라 오늘 나갈 줄이 0인 아이다)
   ✅ (어41) 빈 배정은 이름(개수) 칩 하나 · 「zz_시험_학생둘 (2)」 · 줄마다 문장 0 · 「진도 체크 ↗」 0 · 나머지 1명 다 참 · 「오늘 수업 ↗」
   ✅ 진도 신호(5단계-①) · 「메모로만 진도가 올라간 교재」 블록 없음(메모 마감은 1회 · 규칙 3회)
   ✅ (자) 모달 17-gap · 폰에서 화면 너비 안 · 머리 알약이 닫기 단추와 안 겹친다(02c 요일 알약 · 방식 고치기 교재 알약이 잘렸었다 · .mdl 없으면 건너뜀)
   ✅ 칩 → 그 아이 모달 · 독해책 「루틴 없음」(루틴 11 ↗ 명사) · 문법책 「커서 잠김」(진도 체크 단추) · 「+ 교재 배정」
   ✅ 진도 체크 모달이 그 자리에(수업 일지 없이 · 아이·오늘 기준 손) · 01 과 같은 부품 · 대단원 접이 ≥ 1 · ○◐· 셋
   ✅ + 교재 배정 → 같은 모달 · 학생둘은 두 교재가 다 배정돼 있어 「배정할 교재 없음」(대전제-0 · 빈 목록 대신 까닭) · 「배정」 잠김 · 페이지는 그대로(주소 /)
   ✅ 모달 둘 다 닫힘 · 칩 그대로
   ✅ 카드 여섯 · 오늘 수업 · 발송 · 오늘 안 · 안 돌고 있는 것 · 이 달 · 답할 것
   ✅ 📚 오늘 수업 · 반 줄(매일 5:00 리허설 17:00–18:30 · 2명 · 결석 예정 1명) + 열기 · 하원 지연 예정 2명 모두 보냄(보내야 함 없음) · 반성문 1명(오늘 처분한 것)
   ✅ 📨 발송 · 「데일리리포트 2 / 2」(마감한 것만) · 🔥 오늘 안 · 할 것 없음(단원평가는 채점함 · 재시험은 건너뜀)
   ✅ ⚠️ 안 돌고 있는 것 · 클래스카드는 **오늘 받았으니 정상**((뎌-4) 씨앗) · 하루 정리는 한 번도 안 돌았음(✕ 하나)
   ✅ 📅 이 달 · 보강 안 잡힘 N명(학생둘 · 오늘 결석 …) + 잡기 · 영어 시험일 없음 · zz_시험_중학교(시험 06 에 넣어야)
   ✅ (저) 📅 「학교 일정이 바뀌었어요. 전국 zz_시험_모의고사 M/D → M/D」(씨앗 · 가져오기가 이틀 뒤로 옮긴 회차 · 봤음 전) + 「시험 ↗」
   ✅ 💬 답할 것 · 남기실 말 2(씨앗 어제 「…병원이라…」 + 아이가 방금 남긴 것) · 줄마다 「답하기」((처)) · 신규 상담 1건(아직 답 안 함) + 「보기 ↗」
   ✅ (처) 답하기 → 그 줄이 내려가고 「남기실 말 1」(request.answer · answered_at · state answered · 지우지 않는다 · 아이·학부모 카드엔 「답 · …」)
■ 학부모 09 · 마감 뒤: 하원 지연 안내(보낸 것 · 실제 하원) · 오늘 수업일지 + 꼬리표 · 다음 숙제 · 앞으로 · 선생님 한 마디 · 남기실 말 · 달력
   ✅ 학부모 화면 조회 ≤ 20 · 20
   ✅ 🌙 오늘은 늦게 갑니다. 보낸 것이라 보인다 · 사유 · 「HH:MM에 받았습니다」 · 실제 하원이 찍혀 「HH:MM 에 갔습니다」
   ✅ 📋 오늘 수업 · 마감한 수업일지 글 · 꼬리표 「단어 17/20」 「숙제 N%」 · 🌙 귀가 예정 줄
   ✅ (서) 📋 수업 카드의 붙는 줄 · 01 「학부모 화면에 이렇게 보입니다」와 같은 한 벌(attached): 「오늘 HH:MM 귀가 예정 · 워크북 나머지 10-18번」 · 「다음 시간 단어 시험 · … 20개 · 통과 N%」(방식 고치기 걷기가 통과선을 바꾼 뒤라 수는 못 박지 않는다) · 「반성문 · …」도 붙는다(RLS reflection_own · mine_board)
   ✅ (어27) 📘 다음 숙제 줄마다 제목(항목 이름 · 손 글)이 있고 「(이름 없음)」·「(빈 줄)」 0 · (어42) 나무 머리에 📕 교재 · 대단원 › 소단원 · 쪽(줄의 밑글엔 단원 글 없음)
   ✅ 📘 다음 숙제(오늘 낸 것) · 📝 다음 시간 시험 · 📅 앞으로(결석 예정 · 지각 예정) · 💬 선생님 한 마디 · 🕘 오늘 「도착 · 하원」
   ✅ 학부모 남기실 말 → 「보냄 · 답 기다리는 중」
   ✅ 학부모 달력 · 같은 그림: 오늘 ⏰📘📝 · 내일 ✕ · 오늘의 줄에 수업일지(마감한 글) · 다음 달 ▸ 까지만(확정-⑯)
   ✅ 다음 달에서는 ▸ 가 막힌다(앞날은 다음 달까지)
■ 발송 10 · 하원 지연은 01 에서 보냄 표시만(확정-㊿) · 마감한 판만 보낼 것 · 지금 보내기 · 예약·취소(확정-㉕) · 저절로 나가는 것은 백스톱이 · 오늘 나간 것(리허설이라 안 나감) · 크론
   ✅ (어19) PC 1280 · 발송 10 은 카드 목록이라 두 열(main.frame.cols column-count 2 · 틀 폭 ≥ 1200 · 원장님 9/14 「pc에서 배치가 비효율적이야」)
   ✅ 발송 화면 조회 ≤ 6 · 5(껍질·로그인·오늘·오늘 수업 일지·send_board 한 벌 · 백스톱 5개는 렌더 뒤라 안 센다)
   ✅ 🕘 지금 · 하원 지연 안내 둘 다 「HH:MM에 보냄 · HH:MM」(**리허설이라는 말은 줄마다 안 반복한다** · 카드 머리가 한 번 · 2026-09-12) + 「✓ 보냄」 꼬리표 · 취소선(보내는 단추 없음, 확정-㊿ · (어39) 줄은 말하지 않는다) · 🌙 지금 보낼 것 0
   ✅ 📨 마감하면 · 마감한 판 둘 다 「보낼 것」(기본 고름 · 마감됨·글자 수·유형 꼬리표 「300자 · 숙제안함」) · 알약 2 / 2 · 선택 2건(마감 전 판 ⏳ 은 아침 걷기에서)
   ✅ (어39) 발송 10 줄에 문장 0 · 「오늘 화면으로 ↗」 0 · 동사 ↗ 0 · 아이콘 툴팁은 명사 하나(📄 보낼 것)
   ✅ ▸ 펼치면 부모님께 글이 그 자리에 · 고칠 수 있다(마감된 판도 글만 · editDaily)
   ✅ 저장 → 「저장 ✓」 · 페이지 그대로(고른 것 2건 그대로) · 줄은 펼친 채
   ✅ 새로 읽어도 고친 글 그대로(day_sheet.comment) · 저장 단추는 잠김(바뀐 것 없음)
   ✅ 🔔 저절로 나가는 것 · 기다리는 것 0 · 오늘 나간 것 5 ≥ 4 · 🧪 리허설 줄은 시각만 · 못 보낸 **까닭은 카드 머리에서 한 번**(「학부모 계정이 이 아이와 이어져 있지 않습니다 1」 · 줄마다 반복하지 않는다 · 2026-09-12) · ✅ 보냄은 0
   ✅ 📨 선택한 것 지금 보내기 → 「보냄 ✓ · 2건 · 실패 0」 · 학생 판은 보냄 · 학생둘 판은 ⚠️ 못 보냄 · 오늘 나간 것 +2 · 다시 보내기 단추 둘
   ✅ (어39) 나간 줄은 취소선(.srow.done · 이름에 line-through) · 문장 없이 아이콘 ✅ + 시각
   ✅ ⏰ 예약 「내일 09:00」 → 「예약 ✓ · 1건 · 내일 09:00」 · 📢 예약된 것 1(취소 단추) · 그 판은 ⏰ 예약
   ✅ 예약 취소 → 예약된 것 0 · 그 판은 다시 나간 것(지우지 않고 cancelled_at)
   ✅ 뼈대-8 치환 낱말 표 · 발송 화면 「{{ }} 치환 칸」 13개(표 v2.placeholder · 설명·보기는 title) · {{학생명}} · {{학원명}}
   ✅ 크론 · 학원의 오늘을 받고 한 바퀴(뼈대-9·10) · 손이 다 있어 실패 0
■ 월간 리포트(4단계-2b) · /send/monthly: 재원생마다 마감한 판의 숫자 · 한마디(손 떼면 저장) · 📨 보내기(숫자를 굳힌다) → 학부모 📊 카드
   ✅ 머리 「N년 N월 리포트」 · 안 보냄 ≥ 1 · zz_시험_학생 줄은 마감한 판이 있어 「아직 안 보냄」 · 줄에 「출석 N/N회」
   ✅ 한마디 · 손을 떼면 「한마디를 적었습니다」
   ✅ 📨 보내기 → 「1명에게 월간 리포트 · 🧪 리허설(off)」 · 줄이 「보냄 M/D」로 · 한마디 잠김(학부모가 본 글은 안 고친다)
   ✅ (어) ⏰ 예약(학생둘 · 내일 09:00) → 「예약했습니다. 1명 · 내일 09:00」 · 그 줄은 아직 「아직 안 보냄」(때가 되면 그때 상태로 보낸다)
   ✅ (어) 같은 아이·같은 달을 또 예약하면 막힌다(0151 색인) · 「이미 예약된 아이가 있습니다」
   ✅ 학부모 📊 카드 · 「N년 N월 리포트」 · 「M/D 받음」 · 굳힌 숫자 줄(출석 …) · 「원장님 한마디」 그대로(정책 own_mr · 보낸 것만)
■ 루틴 11 · + 교재 배정(맨 끝: 오늘 수업 일지에 안 닿게)
   ✅ 연결 양식 「이 날부터」는 오늘이 기본(4단계-5 · 고를 수 있다)
   ✅ 독해책을 이으면 교재 줄이 서고 「독해 루틴이 없습니다. 위에서 만드세요」(대시보드 빵꾸와 같은 판단) · 이대로면 남은 소단원 N/N · 오늘부터
   ✅ (어50) 루틴 11 교재 줄 「다음 회독」 → 1회독이 2회독이 된다(진도는 회독마다 따로라 1회독 기록은 남고 2회독은 처음부터)
   ✅ 끝내기(4단계-5) → 「끝냈습니다. 2026-09-16까지」(오늘 이은 것은 오늘까지 · 내일부터 안 쓴다 · 줄은 남는다) · 교재 칸에 「2026-09-16까지」
■ 루틴 11 · 항목 자체 삭제((가)-⑨ · 남긴 것 11): ✎ → 「항목 삭제」 → 그 항목을 쓰는 줄이 모든 영역·아이에서 빠진다 · + 항목에 같은 이름이면 되살아난다
   ✅ 「zz_의미덩어리 구두테스트」 항목 삭제 → 「항목을 내렸습니다 …」 · 문법 줄 4 → 3(항목째라 삭제한 것 목록에도 안 선다)
   ✅ + 문법 항목에 같은 이름 「zz_의미덩어리 구두테스트」 → 「내렸던 줄을 복구했습니다」 · 문법 줄 4(줄은 새로 안 만든다)
■ 루틴 11 · 🔤 시험 카드 자리 세그는 **없다**((어12) · 원장님 2026-09-13 「차라리 무조건 단어를 숙제검사 마지막에 넣어」) · 오늘 01 에서 🔤 는 숙제 검사 카드 안 맨 끝
   ✅ 아이 머리에 「시작하자마자 / 다 끝내고」 세그가 없다(자리는 설정이 아니라 기본값 · 대전제-14)
   ✅ 오늘 01 · 🔤 는 숙제 검사 카드 **안 맨 끝**(무조건 · 아이마다 다르지 않다) · 학습·숙제 위 · 제목 줄에 🔤
■ 일정 12 · 원장 달력(42칸 · 정상 수업은 안 띄움) · 반 회차 8회 채우기 · 오늘 결석 예정 ✕ · 내일 ✕·모레 ↻·글피 ⏰ · 다음 달에 휴강·업무·시험(손으로) · 고른 날의 줄 · 취소
   ✅ 이 달 · 42칸 · 반 회차 카드(매일 5:00 리허설 N회 · 8회 채움 ✓ · 2명) · 「보강 안 잡힘 2」(학생둘 오늘 · 학생 내일) · 오늘 칸 「✕ 결석 · zz_시험_학생둘」 · 범례 일곱 · 정상 수업 칸은 비었다
   ✅ 회차가 모자란 반(zz_토요 정규 0회 · 아이 하나)의 「📅 보강일 잡기」 → 9/20 19:00 → 「반 보강일을 잡았습니다. 1명(이미 있던 0명)」 · 회차 1 · 그 칸에 「↻ 보강 · 8회 채우기 19:00」 · 2026-09-07 에 처음 걸은 길(그 전엔 이 카드가 그려진 적이 없었다)
   ✅ 내일 ✕ 결석 · zz_시험_학생(보강 안 잡힘 · 모레 칸엔 ↻ 없음) · 글피 ⏰ 지각 10분(02c 에서 적은 것 그대로 · 같은 표)
   ✅ 오늘 칸을 누르면 그날의 줄 · 「결석 · zz_시험_학생둘」 · 「가족 여행 → 보강 안 잡힘」 · 보강 잡기 칸(날짜·시각 직접, 확정-㉔) · 안 잡음
   ✅ 다음 달로 · 머리 「2026년 10월」 · 고른 날 2026-10-10 · 적힌 것 없음
   ✅ 10월 확정 도장(4단계-3b · ㉚) · 아직이면 「10월 일정 아직 확정 안 함」 + 단추 「✅ 10월 일정 확정 → 학부모 알림」
   ✅ 확정(물어본 뒤) → 「10월 일정 확정 · 반 N · 학부모 N명에게 알림(🧪 리허설(off))」 · 도장 ✅ 「알림 N명」 · 단추 사라짐 · 유형 schedule 발송 이력(나가는 길은 notify 한 곳)
   ✅ + 휴강(전체 · zz_원장 연수) → 칸에 「🚫 휴강 · zz_원장 연수」 · 줄에 취소 · 회차가 하나 준다
   ✅ 휴강이 들어오면 10월 확정이 풀린다(0075 방아쇠 · 지우지 않고 undone_at) · 「⚠️ 휴강이 들어와 … 풀렸습니다. 다시 확정」 + 단추 「다시 확정 → 학부모 알림」
   ✅ 대시보드 「이 달」 카드 · 「📅 10월 일정 확정이 풀렸습니다. 휴강이 들어왔습니다」 + 일정 ↗(풀린 것은 날짜와 상관없이 · 「아직 확정 안 함」은 규칙 20일부터)
   ✅ 다시 확정 → ✅(같은 줄을 되살린다 · 같은 꼬리표 month-달-아이라 폰에는 한 통으로 바뀐다)
   ✅ 다시 확정하면 대시보드 줄이 사라진다
   ✅ + 업무(zz_수납 안내) → 칸에 📋 · 줄에 끝냄
   ✅ + 일정(시험 손으로 · zz_시험_중학교 2학기 중간 10~13 · 영어 12) → 10·13 칸 📝 시험 · 12 칸 📝 영어 시험일 · 줄에 「손으로」 꼬리표 · 「영어 M/D」
   ✅ 휴강 취소 → 칸에서 사라진다(지우지 않고 off)
   ✅ 일정 최상단 「+ 일정」 다섯 갈래(📝 시험 · 🚫 휴강 · 📋 업무 · ↻ 보강 · ✕ 결석 예정) · 달력·머리보다 위 · 고른 날이 붙어 있다(대전제-22)
   ✅ + 결석 예정(zz_시험_학생둘 · 9/22 · zz_가족 일정) → 그 칸에 「✕ 결석 · zz_시험_학생둘」 · 그날 줄에 「가족 일정 → 보강 안 잡힘」 · 보강 잡기 칸(02c 와 같은 손 planSave)
   ✅ (어52) 일정 12 에서 넣은 결석 예정이 **01 오늘 수업**에 그대로(줄 알약 「결석 예정 · 보강 안 잡힘」 · 반 알약 「결석 예정 1명」) · 값 하나를 넣으면 그 값이 필요한 화면까지 이어진다(대전제-24)
■ (저) 02c 시험 기간 = 결석 예상(표시만) · 12 에서 넣은 2학기 중간(다음 달 10~13)이 zz_시험_학생 달력에 📝(0152 student_exams · 보는 아이는 exam_takers 한 곳 · 확정-69)
   ✅ 다음 달 11일 📝(수업일이면서 시험 기간 · 고를 수 있다) · 9일은 그대로 「·」 · 범례 「📝 시험 기간 · 결석 예상(표시만)」
■ 반 화면(4단계-3a) · /schedule/classes: + 반 만들기(요일 · 시각 · 이 날부터) → 명단 넣기 → 반 단가 줄(다음 달부터) → 시간표 바꾸기(다음 달 1일부터 → 다음 시간표 알약) → 빼기 → 반 닫기
   ✅ + 반 만들기(zz_새 반 · 토 16:00~17:30 · 오늘부터) → 줄 「zz_새 반 · 정규 · 토 16:00~17:30 · 0명」 · 이 달 회차 N회(시간표에서 세어 나온다) · 반 3
   ✅ (처) 대시보드 📅 「zz_새 반 N회 · 8회를 못 채웁니다」(이 달 정규반 · 12 와 같은 셈 sessionsOf · dash_ops.classes) + 「📅 보강일 잡기」는 그 자리(ClassMakeup 단추 · (어41) 동사 ↗ 0)
   ✅ + 아이 넣기(학생둘 · 오늘부터) → 명단 1 · 줄 「1명」 · 선택 목록에서 빠진다
   ✅ 반 단가 150,000 / 달 · 2026-10-01부터(fee_rule.class_id · 13 과 같은 표) → 아직 이 달엔 없음
   ✅ 다음 달 1일부터 요일 하나 더(토·월) → 「M/1부터 월·토 16:00~17:30」 알약(일~토 차례) · 지금 줄은 그대로(옛 회차는 옛 시간표)
   ✅ 빼기 → 명단 0(오늘부터 안 나온다. 줄은 어제까지로 남는다)
   ✅ 반 닫기 → 반 2 · 닫은 반에 「zz_새 반」(지우지 않는다. 시간표·명단·단가 줄을 어제까지로 · 다음 달부터인 단가 줄은 시작일 하루로 · fee_rule 제약)
■ 학사일정 가져오기 12b · 전국·학교별 · 낱말 더하기 · 영어 시험일 · 홈페이지 주소 · 키 없으면 다시 받기 잠김
   ✅ 머리 「나이스 · 아직 안 받음」 · 학교 1곳 · 키가 없어 「🔄 다시 받기」 잠김 + 안내 · 전국 낱말(수능 · 학력평가 …) · 학교별에 손으로 넣은 「zz_시험_중학교 2학기 중간」 + 영어 M/D · 나이스에 없는 학교 1곳
   ✅ 전국으로 볼 이름 + 더하기 「zz_모의」 → 꼬리표에 선다(다음 가져오기부터 전국)
   ✅ 🔗 학교 홈페이지 주소 저장 → 「홈페이지 ↗」 링크
   ✅ (버2) 홈페이지 주소를 넣은 학교 줄에 「아직 한 번도 못 받음」 · 조용히 멈춘 것을 앱이 먼저 말한다(목업 12b)
   ✅ (버2) 키가 다르면 401 · 키는 답에도 안 실린다
   ✅ (버2) 확장이 보낸 글에서 **앱이** 회차를 뽑는다. 「1학기 중간고사」 이틀이 한 회차로 · 날짜 없는 줄은 버리고 · 체육대회는 시험이 아니라 안 든다
   ✅ (버2) 12b 학교 줄에 「M/D 받음」과 「홈페이지에서 받은 시험 N」이 선다
   ✅ (버2) 받은 회차는 「홈페이지에서」 꼬리표를 달고 시험 목록에 선다
■ 학교 시험 06b · 보는 아이 · 범위(교재 단원에서) · 학교가 뺌 · 안 봄 · 교재 보류(영어 시험일 − N주 · 지금 보류 · 풀기) · 몇 주 전부터 규칙 · 숨김
   ✅ (어26) 🏫 학교 카드 · 1곳(zz_시험_중학교) · 줄마다 ✎ · 닫기 · 「+ 새 학교」
   ✅ 이름 끝이 「고등학교」면 급 「고」가 저절로 눌린다
   ✅ 넣으면 학교 2곳 · 「zz_새_고등학교 · 고」 줄
   ✅ ✎ 이름 고치기 → zz_새_고등학교2
   ✅ 닫기(묻고 · Sure) → 카드·선택 목록에서 빠진다 · 1곳(지우지 않는다 · state closed)
   ✅ 회차 카드 · 「zz_시험_중 · 전 학년」(12 에서 손으로 넣은 것) · 영어 10.12 · 1명(학교가 있는 리허설 학생만 · 학생둘은 학교 없음) · 손으로 넣음 · 범위 없음 · 멈춘 교재 2(영어 시험일을 넣을 때 문법책·11 에서 이은 독해책이 묶였다 · 내신 교재는 안 묶는다) · 「저절로 풀림」 · **영어 시험일 없음 1**((버2) 로 홈페이지에서 받은 회차 하나 · 홈페이지는 영어 시험일을 안 알려 준다. 이 알약이 원장님을 12b 로 부른다)
   ✅ 06b 머리 「+ 시험」 → 12 일정과 **같은 칸**(학교 · 학년 · 이름 · 기간 시작~끝 · 영어 시험일 · 원장님 답 ⓐ 「06b 에도 기간 칸을 둔다」)
   ✅ 넣으면 06b 에 그 카드(zz_06b 중간)
   ✅ (어52) 06b 에서 넣은 시험이 **일정 달력**에 그대로 뜬다(표 한 곳 v2.exams · 20~21 📝 시험 · 21 📝 영어 시험일)
   ✅ 보고 나서 물린다(지우지 않고 cancelled) · 칸에서 사라진다
   ✅ (저) 전국 줄 zz_시험_모의고사 · 「📡 날짜 바뀜 M/D → M/D」 꼬리표 + 「봤음」(0152 · 씨앗은 가져오기가 이틀 뒤로 옮긴 것 · 0명 · 고등 아이 없음)
   ✅ 봤음 → 꼬리표가 내려간다(이전 기간은 남는다 · 대시보드 📅 줄도 내려간다) · 「봤음 · 대시보드에서 내려갑니다」
   ✅ + 범위 · 문법책 CHAPTER 1 전부(소단원 6) → 칩 「zz_리허설 문법책 CHAPTER 1 · 소단원 6」 · 범위 6줄 · 「범위를 더했습니다. 6줄」
   ✅ 학교가 뺌 → 칩이 지워지지 않고 「M/D 학교가 뺌」(removed_on) · 범위 0줄
   ✅ 안 봄(zz_시험_학생) → 0명 · 안 봄 1 · 묶였던 문법책이 풀려 멈춘 교재 0
   ✅ 본다 → 다시 1명 · 안 봄 꼬리표 없음 · 멈춘 교재 2(다시 묶였다)
   ✅ 「남은 1명 다 안 봄」((가)-⑨ 이 학년 안 봄 한 번에) → 「1명 · 안 봄 …」 · 0명 · 안 봄 1 · 멈춘 교재 0 · 단추는 사라진다(후보 0)
   ✅ 본다 → 다시 1명 · 멈춘 교재 2
   ✅ (저) 새벽 정리 · 크론 한 바퀴(서버 자신)가 회차 보류를 다시 맞춰도 묶인 교재 2 그대로(exam_takers 0152 · 보는 아이를 못 읽으면 다 풀렸을 것) · 실패 0
   ✅ 지금 보류 → 「지금 멈췄습니다. 교재 2권」(문법책 · 독해책)
   ✅ (어57) 보류된 교재는 **속을 안 그린다** · 오늘 학습 카드 맨 밑 목록에 이름·회독·풀리는 날과 상태 세그만(원장님 9/16 「보류된 교재는 내용을 볼 필요가 없잖아 … 목록과 상태버튼만 카드 맨밑에」) · 교재 블록은 사라졌다
   ✅ 풀기 → 「풀었습니다. 교재 2권」 · 멈춘 교재 0
   ✅ 풀기를 한 번 더 → 「푼 교재가 없습니다. 이 시험에 묶인 교재 2권이 이미 다 돌아가는 중입니다」(0 을 말할 때는 까닭까지 · 푼 줄도 stop_exam_id 를 남겨 「손으로 풀었다」를 기억하므로 「묶인 것이 없다」가 아니다)
   ✅ 풀면 보류 목록에서 빠지고 교재 블록이 제자리에 선다((어57) 「진행중으로 바꾸면 그때 상세내용보이고」)
   ✅ 교재 보류 · 언제부터: 중학교 4주 · 고등학교 6주가 눌려 있다(0122 규칙 줄)
   ✅ 중학교 6주로 → 눌림이 옮겨가고 회차 줄이 「6주 전부터」 · 풀어 둔 교재는 다시 안 묶인다(멈춘 교재 0)
   ✅ 숨김 → 카드가 사라지고 「숨긴 시험 1」 · 학교 시험 2(전국 zz_시험_모의고사 · (저) 씨앗 · 홈페이지에서 받은 1학기 중간고사 · (버2))
   ✅ 보이기 → 카드가 돌아온다(지우지 않았다)
■ 성적 16 · 지난달 시험(손으로) → 등급컷·문항표 → 아이가 넣고(07) → 원장님이 확인(16) → 학부모 카드(09)
   ✅ 지난 회차를 손으로 · 2026-08-24~2026-08-27 · 영어 2026-08-26 → 칸에 📝 영어 시험일
   ✅ 시험 고르기에 「zz_시험_중학교 · zz_지난 기말 · M/D · 낸 0/1」(보는 아이 1) · 고르개 이름은 「시험」(어18 · 「회차」는 수업 회차만)
   ✅ 고른 시험 · 영어 8.26 · 확인 안 한 것 0 · 안 낸 아이 1 · 컷 「A 90 · B 80 · C 70 · D 60 · 중학교 절대평가」(적은 컷 없음) · 문항표 「아직 없음」 · 줄 하나(zz_시험_학생 · 아직 안 냄 · 대신 넣기)
   ✅ 📨 안 낸 아이에게 알림 → 「1명에게 알림 · 🧪 리허설(off): 발송 이력만 남고 실제로는 안 나갔습니다」(유형 score · 아이 기기도 · 알림 길은 lib/notify 하나 · 4단계-2a)
   ✅ 등급컷 「A 90 · B 80 · C 70 · D 60」 · 문항표 「1-10 독해, 11-16 어법, 17-20 서술형」(글로 적으면 줄로 · 다시 글로)
   ✅ 문항표 엑셀 · 「1-20 기타」를 엑셀(번호 「1-10」 범위 · 「문법」 → 어법 · 「스물」은 고칠 줄)로 올리면 통째로 「1-10 독해, 11-16 어법, 17-20 서술형」 · 글 「문항표 20문항(엑셀) · 고칠 줄 1: 5행 번호가 아닙니다: 스물」(머리줄이 1행) · data-from=exam
   ✅ ⬇ 문항표 · ⬇ 성적 양식 · /api/scores/xlsx?e=&q=1 · ?e= 둘 다 xlsx 200(questions-… · scores-…) · 시험이 아니면 400
   ✅ 아이 「나」 · 📈 성적 카드에 「zz_시험_중학교 zz_지난 기말 · 점수를 넣어요」(지난 60일 안에 본 시험 · 아직 안 넣음) · 공개된 성적 0
   ✅ 넣으면 「… zz_지난 기말 76 · C」 + 「확인 기다리는 중 · 독해 2 · 어법 1」(등급·영역은 세어 나온다) · 넣는 칸은 사라진다
   ✅ 16 · 줄이 「아이가 넣음」 · 원점수 76 · 등급 C · 틀린 2,5,12 · 확인 안 한 것 1 · 안 낸 아이 0 · 확인 단추
   ✅ 틀린 문항 판 · 2·5·12 가 빨갛게 · 영역 셈 독해 2 · 어법 1 · 「아이가 넣은 것」 꼬리표
   ✅ 확인 → 「확인됨」 · 공개 학생·학부모(아이 기본값 both) · 확인 안 한 것 0 · 원점수 칸 잠김 · 「확인했습니다 · 공개 학생 ✓ · 학부모 ✓」
   ✅ 「풀기」 → 기다림으로 · 원점수 칸 열림 · 확인 안 한 것 1 · 공개는 원장만(학부모가 보던 숫자가 고쳐지는 동안 안 보이게) · 「확인」 단추 다시 · 학교 시험이라 백분위 칸 없음(모의고사만)
   ✅ 78 로 고쳐 저장하고 다시 확인 → 확인됨 · 78 · C · 공개 학생 ✓ · 학부모 ✓(아이 기본값 both 로 다시)
   ✅ 아이 · 확인되면 「확인 기다리는 중」이 사라진다(고친 78 · C · 독해 2 · 어법 1)
   ✅ 학부모 · 📈 성적 카드(parent.reports 켬 · 공개 학부모 ✓)에 「… 78 · C」(풀고 고친 뒤 다시 확인한 값) · 「독해 2 · 어법 1 · zz_시험_중학교」 · 설명 줄 「공개된 시험만」 없음((어16))
   ✅ ⬆ 엑셀 「등급 c」 → 「올렸습니다. 1줄(바로 확인됨)」 · 16 줄 등급 「C (학교)」(컷이 아니라 학교 것) · 78 그대로 · 확인됨 · ⬇ 성적 양식의 등급 열 「C」(3 이 아니라 · 학교 것만)
   ✅ 「등급 F」는 막는다. 「등급이 이상합니다: F」 · 줄은 그대로 「C (학교)」
   ✅ 두 달 전 회차 「zz_지지난 중간」 · 대신 넣기 70 → 확인됨(성적 추이의 지난 회차)
   ✅ 아이 「나」 📈 · 줄 둘(최근 것 먼저) · 최근 「zz_지난 기말 78 · C」에 「▲ 8」(같은 유형 지난 회차 70 대비 · 100점 기준) · 옛 줄엔 추이 없음
   ✅ 학부모 📈 · 같은 한 벌: 줄 둘 · 최근 줄에 「▲ 8」
   ✅ 학생 14 「zz_시험_학생」 성적 표 · 줄 둘 · 최근 줄 원점수 칸에 「▲ 8」(07·09 와 같은 withTrend)
■ 교재 15 · 엑셀 15b · 목록 · 고른 교재(교재ID · 영역 · 배정 겹 · 다른 이름 · 활동 차례 · 단원 · 문법 분류) · 엑셀 미리보기(덮어쓰기 · 지우고 새로 · 보류) · 저장 · 📦 올린 기록 되돌리기 · + 교재 · 교재 시트 올리기·되돌리기 · ⬇ 엑셀·교재 시트(5단계-④)
   ✅ 목록 · 교재 2권 · 문법책 7단원(씨앗 6 + 02 조절에서 생긴 대비문제) · 2명(학생·학생둘) · 단원 없음 0 · 영역 고르기(전체 + 일곱)
   ✅ 진행 방식 세그(단원 · 지문 · 세트 · 단어 · (가)-⑥ 0144) → 지문을 누르면 「진행 방식 · 지문」 · 다시 열어도 지문
   ✅ 고른 교재 · 「zz_리허설 문법책」 · 교재ID ZZ001 · 영역 문법 · 배정 겹 소단원 · 활동 차례 「본책 → 문제」(줄 차례에서 저절로) · 단원 7줄 · 쓰는 학생 2명 · 지우지 못합니다
   ✅ 배정 겹 → 대단원 눌림(저장됨)
   ✅ 다른 이름 「zz 문법책 별명」 → 꼬리표(어느 이름도 다른 것을 덮지 않는다)
   ✅ 문법 분류 「zz_관계사」를 더하고 첫 단원에 연결 → 줄에 분류 꼬리표(단원평가의 단원 = 문법 분류)
   ✅ 단원 줄의 쪽·문항을 고치면 그 줄에만 「저장」이 뜬다(다른 줄은 없음)
   ✅ 저장 → 「단원을 고쳤습니다(쪽·문항 · 조절·회차가 새 값으로 셉니다)」 · 다시 그려도 쪽 10-12 · 문항 20 · 「저장」 사라짐
   ✅ 쪽 「십쪽」은 막는다. 「쪽은 「10-12」처럼 적으세요」(lib/book-plan parseUnitEdit · check-book 이 같은 것을 센다)
   ✅ 숨김 → 줄 data-state=hidden(흐리게 · 쪽·문항 잠김) · 단추는 「복구」 · 줄은 남는다(지우지 않았다. 아이 진도 줄이 붙어 있을 수 있다)
   ✅ 복구 → active · 단추는 다시 「숨기기」((어46) 원장님 9/16 「뭘 배정하고 숨긴다는건지」 · 「+ 배정」 은 「+ 분류」)
   ✅ (자) 모달 15-units-upload · 폰에서 화면 너비 안 · 머리 알약이 닫기 단추와 안 겹친다(02c 요일 알약 · 방식 고치기 교재 알약이 잘렸었다 · .mdl 없으면 건너뜀)
   ✅ (자) 폰에서 모드 세그의 셋째 「이 교재는 건너뛰기」가 보인다(줄을 바꾼 세그먼트를 고정 높이가 잘랐었다)
   ✅ 미리보기 · 5줄 · 문법책이 「다른 이름」으로 맞았다 · 새로 생김 2 · 바뀜 1(1-2: 14 → 15) · 손대지 않음 1 · 파일에 없는 기존 줄 5 · 보류 1줄(zz_없는책) · 덮어쓰기가 기본
   ✅ ②를 고르면 「이만큼이 같이 사라집니다」 · 단원 7 · 쓰는 학생 2명 · 파일에 없는 기존 줄 0
   ✅ 보류 1줄을 뺀 나머지 저장 → 「교재 1권 · 줄 9 · 보류 1권」(덮어쓰기는 전체 차례를 다시 매긴다) · 단원 9줄(CHAPTER 3 둘이 끝에) · 활동 차례 「본책 → 문제 → 워크북」 · 1-2 문항 15 · 3-1 본책 문항 20(범위에서 셈) · 학습유형 워크북
   ✅ 저장 글에 「올린 기록 #N」 · 📦 올린 기록 카드에 살아 있는 단원 올린 기록 1 · 글 「교재 1권 · 새로 2 · 바뀜 1 · 차례만 6」(차례가 바뀐 기존 줄은 되돌리기 자료로만 적는다) · 「되돌리기」 단추
   ✅ 되돌리기는 두 번 · 한 번 누르면 「정말 되돌리기」(아직 안 되돌림 · 단원 9)
   ✅ 정말 되돌리기 → 「되돌렸습니다. #N 단원 · 되살림 7 · 지움 2」 · 단원 7줄 · 1-2 문항 14(before 로) · 활동 차례 「본책 → 문제」 · 올린 기록 줄 「되돌림」 · 단추 없음
■ 교재 15 · 활동 차례 ◀ ▶((가)-②): 칸이 아니라 줄 차례 · 누르면 대단원 안의 단원 줄이 그 차례로 선다(학습 자동 배정·진도도 같은 줄)
   ✅ 본책 ▶ → 「활동 차례 · 문제 → 본책 (단원 줄 N개를 다시 세움 · 오늘 학습·진도도 이 차례)」 · 알약 「문제 → 본책」 · 단원 표 첫 줄이 문제(CHAPTER 1 안에서 앞으로)
   ✅ 본책 ◀ → 다시 「본책 → 문제」 · 첫 줄 본책 · 첫 활동은 ◀ 잠김 · 끝 활동은 ▶ 잠김
   ✅ + 교재 「zz_새 교재」(독해) → 목록 3권 · 단원 없음 1 · 그 교재가 열린다(단원 0)
   ✅ (자) 모달 15-books-upload · 폰에서 화면 너비 안 · 머리 알약이 닫기 단추와 안 겹친다(02c 요일 알약 · 방식 고치기 교재 알약이 잘렸었다 · .mdl 없으면 건너뜀)
   ✅ 교재 시트 미리보기 · 3줄 · 「zz 문법책 별명」이 다른 이름으로 맞아 고침(레벨 · 교재비 · 구매링크) · 「zz_시트 새책」 새로 만듦 · 「zz_리허설 독해책」은 영역이 아니라 고칠 줄 · 「단원수」 열은 셈 열
   ✅ 고칠 줄 1을 뺀 나머지 저장 → 「교재 시트 · 새로 1권 · 고침 1권 · 같음 0 · 올린 기록 #N」 · 교재 4권 · 📦 살아 있는 올린 기록 1(교재) · 단원 올린 기록은 「되돌림」 그대로
   ✅ 문법책을 열면 「레벨 중2 · 교재비 15,000원 · 구매 링크」 · 시트가 고쳤다(교재 시트로 고칩니다)
   ✅ 교재 올린 기록 되돌리기 → 「#N 교재 · 되살림 1 · 지움 1」 · 교재 3권(새책은 아무것도 안 걸려 지워짐) · 문법책 레벨·교재비 없음(before 로) · 올린 기록 둘 다 「되돌림」
   ✅ ⬇ 엑셀 · /api/books/xlsx 가 xlsx 를 준다(200 · 올리기 양식과 같은 열)
   ✅ ⬇ 교재 시트 · /api/books/xlsx?s=books 가 xlsx 를 준다(200 · books.xlsx · 올리기 양식과 같은 열)
■ 내신 자료 04 · 시험 고르기 · + 자료(유형 · 항목 · 배정) → 만들기·인쇄·배부 업무가 저절로(영어 시험일 − 14·7·5) · ♻️ 같은 범위로 지난번에 만든 것(체크된 채로) · 학교 진도 · 오늘 낼 것 · ⬇ 엑셀
   ✅ 두 회차에 문법책 CHAPTER 1 범위 · 범위 줄이 산다(뺐던 줄은 되살아남) · 카드마다 「📄 자료 ↗」
   ✅ 지난 시험의 내신 자료 · 시험 고르기에 그 시험 · 대상 1명 · D+N(지난 시험) · 자료 없음 안내 · 학생 줄 「진도를 알아야 냅니다」 · ♻️ 없음(같은 범위 자료가 아직 없다)
   ✅ 처음-8 학교 교과서 · 회차의 학교·학년·해로 「📚 학교 교과서를 아직 안 적었습니다(YYYY · 2학년)」 + 더하기 고르개(교재 목록)
   ✅ 교과서를 고르면 「학교 교과서 YYYY: zz_리허설 문법책」 · 학교의 속성(그 학교·학년 아이 모두 · 표 v2.school_book) · 선택 목록에서는 빠진다
   ✅ (자) 모달 04-add · 폰에서 화면 너비 안 · 머리 알약이 닫기 단추와 안 겹친다(02c 요일 알약 · 방식 고치기 교재 알약이 잘렸었다 · .mdl 없으면 건너뜀)
   ✅ + 자료(zz_너른터 · zz_분석지 · 항목 셋 · 배정 1명) → 「항목 3 · 배정 1명 · 업무 3」 · 나무 「자료 1 · 유형 1 · 항목 3」 · 유형 꼬리표 「3가지 · 아직 안 만듦」 · 여기서 생긴 업무 3(만들기·인쇄·배부 · 지난 시험이라 「N일 지남」)
■ (어21) 01 3단 · 학생 · 업무 · 내용(원장님 9/14) · 📄 내신 자료 업무는 교재가 멈춘 아이만 · 배정 · 배부 · 범위 고르기(06b 와 같은 부품) · 다음 → · 폰은 세로 카드
   ✅ (어21) 2학기 중간 「지금 보류」 → 멈춘 교재 ≥ 1(01 에 내신 자료 업무가 서는 조건)
   ✅ PC 1280 · 판이 두 열(업무 · 내용) · 업무 넷(📄 내신 자료 · 문법책이 멈춰 있다 · 🗺·🌙 는 오늘 학습 안 접이) · 보이는 몸은 하나 · 처음 고른 업무는 흐름에서 처음 안 끝난 것(검사 또는 오늘 학습)
   ✅ (어57) 보류 목록 줄의 「📄 내신 자료」 단추 → 내신 자료 업무가 열린다(이동 아님 · 창 아님)
   ✅ 📄 내신 자료 몸 · 시험 머리(🏫 · 영어 M/D · D-N) · 멈춘 교재 꼬리표 · 학교 시험 범위 N줄(04·06b 가 넣은 것) · 04 전체 ↗ 는 그 시험으로(?e=)
   ✅ 이 아이 자료 줄 + 안 준 자료 = 그 시험 자료 전부(04 에서 만든 것 · 없으면 「자료 없음 · 04 에서 만들기」)
   ✅ 범위 「고치기」 → 06b 와 같은 부품(scope-form · scope-book · scope-chapter · scope-save)이 그 자리에 펼쳐진다. 이 아이 교재만 고르개에
   ✅ 더하기 → 「범위를 더했습니다. N줄」 · 범위 줄 수가 늘거나 이미 있던 것(그 학교 시험에 붙는다. 06b 가 같은 줄을 본다)
   ✅ 「다음 → 부모님께 나갈 글」 → 그 업무가 열린다(오른쪽 속만 바뀜 · 왼쪽·가운데는 그대로)
   ✅ 폰 390 · 업무 목록·「다음 →」·「📄 내신 자료」 단추는 안 보이고 카드 넷이 세로로 다 선다(원장님 「폰은 세로 카드」)
   ✅ 06b 2학기 중간 카드 · 01 에서 더한 범위가 같은 줄로 보인다(범위 ≥ 1 · 부품·손 한 벌)
■ 내신 자료 04 → 05 · 「단계 ↗」가 그 자료만 걸러 연다((가)-④ · 남긴 것 21)
   ✅ 05 가 「📄 zz_분석지 만」 알약으로 열린다 · 내 업무 3(만들기·인쇄·배부) · 📦 흐름이 그 자료
   ✅ 「전체 보기 ✕」 → 알약 없음 · 내 업무가 3보다 많다 · 주소에서 m 이 빠진다
   ✅ 항목 알약에 「단원 · 」 고르개(범위의 단원 · 4단계-5) · 아직 안 이음
   ✅ 첫 항목을 범위의 단원에 이으면 data-unit 이 차고(material_item.unit_id) 「항목을 단원에 이었습니다」 · 이름은 그대로
   ✅ 다음 달 시험으로 · ♻️ 같은 범위로 지난번에 만든 것 1(「zz_너른터 · zz_분석지」 · 범위 겹침 ≥ 1 · 「✓ 만들기 체크된 채로」) · 개정판 체크박스
   ✅ 가져오기 → 「가져왔습니다. 항목 3 · 만들기는 체크된 채로」 · 유형 꼬리표에 「♻️ 지난번 것」 · 업무 3 중 만들기는 끝냄(확정-㊵) · 인쇄·배부는 D-N · ♻️ 줄은 「이미 가져왔습니다」
   ✅ + 자료(클카 · 인쇄 없는 종류 · 제목 비움 → 종류 이름) → 「업무 2」(만들기·배부) · 나무 「자료 1 · 유형 2 · 항목 5」(출처가 같아 자료 1) · 유형 「zz_클카 문장훈련」
   ✅ 학교 진도를 적으면 → 「학교 진도를 적었습니다」 · 줄이 known · 오늘 낼 것에 ♻️ 만든 것(「zz_너른터 · zz_분석지」 · 만들었고 아직 안 줌) · 남은 것 2
   ✅ ⬇ 엑셀 · /api/prep/xlsx?e= 가 xlsx 를 준다(200)
■ 내 업무 05 · 종류가 바깥 축(칸 여덟) · 🔥 마감 지남 · 표 ↔ 보드 전환은 서버 조회 0(속도-1 예외) · 새로 만들기 한 곳(메모 · 반복 · 단원평가 출제) · 🖨 한 번에 뽑기 · 끝냄 → 숨긴 그룹 · 📦 자료 하나 안의 순서
   ✅ 칸 열 · 풀이 1(2과 단어 · 아직 zz_시험_학생) · 채점 1(대의파악 · 07 에서 제출) · 자료 만들기 2(지난 회차 분석지 · 클카 · ♻️ 는 끝난 채라 안 섬) · 인쇄 「6장」(3항목 × 1명 × 2) · 배부 3 · 성적 받기 2(다음 달 회차 + (버2) 홈페이지에서 받은 회차 · 회차가 서면 성적 받기도 저절로 선다) · 메모 1(12 의 zz_수납 안내) · 🔥 마감 지남 ≥ 3(지난 회차의 셋)
   ✅ 채점 카드 · 「zz_너른터 · 대의파악」 · 채점 0/1 · 제출한 아이 「zz_시험_학생 ✓」 단추 · 풀이 카드 「zz_클카 문장훈련 · 2과 단어」 「제출 0/1 · 아직: zz_시험_학생」
   ✅ 「zz_시험_학생 ✓」 → 「채점 ✓ · zz_시험_학생」 · 채점 칸 0(다 채점하면 ✓ 끝냄 그룹으로) · ✓ 끝냄 그룹에 「대의파악」 채점 카드(「zz_시험_학생 채점함」 · 누르면 무름)
   ✅ ⊞표 ↔ ▦보드 · 보기를 바꿔도 서버 조회 0건(표 0 · 보드 0, 속도-1 예외 · 9/5 ㉖) · 표의 줄 수 = 하는 업무 12
   ✅ 새로 만들기 → 메모(어제 마감) → 메모 2 · 🔥 마감 지남 ≥ 4 · 카드가 nb-hot
   ✅ 반복(매달 오늘 날짜 · 3일 전부터) → 「오늘 걸리는 것 1건」 · 반복 칸 1 · 왜 「매달 N일 · 저절로」 · 규칙 꼬리표
   ✅ 반복 사건 유형(4단계-5) 「신규 학생 · 들어온 지 3일」 · 규칙 꼬리표에 선다 · 씨앗 아이는 들어온 날이 없어 오늘 서는 것 없음(아이마다 한 번 · 학생 14 의 들어온 날)
   ✅ 「교재 끝나감 · 남은 소단원 30개 이하」 → 잇고 있는 교재마다 오늘 업무(「아이 · 교재 · 규칙 이름」 · 왜 「남은 소단원 N개 · 저절로」) · 오늘 걸리는 것 ≥ 1 · 반복 칸 ≥ 2
   ✅ (버) 단원평가 칸에 저절로 선 카드 · 「zz_시험_학생둘 · …zz_시험_관계사」(3회독 · 끝낸 1-1~1-3 · 1-2·1-3 의 분류) · 왜 「📚 zz_리허설 문법책 · … · 소단원 3개 · 저절로」 · 「출제 완료」 단추(손으로 낸 줄이 없어도 선다. 남긴 것 6)
   ✅ (버) 「출제 완료」 → 카드가 사라지고 단원평가 칸 0(같은 올린 기록은 다시 안 선다. 0149 색인)
   ✅ (버) 01 📝 단원평가 카드에 「📚 zz_리허설 문법책 · …」 꼬리표 + 머리에 「zz_시험_관계사」(목업 01 · 어느 올린 기록이 끝나 낸 것인지 · 분류는 그 단원들의 첫 분류 · 15 걷기가 1-1 에 이은 zz_관계사가 앞선다)
   ✅ 단원평가 출제(학생둘 · 첫 분류 · 25문항) → 단원평가 칸 1 · 「다음 수업 · M월 D일」 · 왜 「단원평가 숙제가 나가서 저절로」
   ✅ 「출제 완료」 → 단원평가 칸 0(01 카드가 그때부터 선다)
   ✅ 🖨 한 번에 뽑기 · 6장 단추
   ✅ (자) 모달 05-print-all · 폰에서 화면 너비 안 · 머리 알약이 닫기 단추와 안 겹친다(02c 요일 알약 · 방식 고치기 교재 알약이 잘렸었다 · .mdl 없으면 건너뜀)
   ✅ 뽑았습니다 → 「자료 2개 · 6장」 · 인쇄 칸 「0장」 · 만들기 칸 1(뽑았으면 만든 것 · 분석지 만들기도 끝) · ✓ 끝냄 늘어남
   ✅ 자료 카드를 누르면 📦 자료 하나 안에서만 순서 · 만들기 ✓ · 인쇄 ✓ · 배부가 「지금」(0/1)
   ✅ 배부 끝냄 → 배부 칸 2 · 저장줄 「업무 N · 마감 지남 N · 이미 있음 1」
   ✅ 숨긴 그룹 ✓ 끝냄을 펴면 끝낸 카드가 보인다(되돌리기 단추)
■ 내 업무 05 · ☑ 체크하면 카드가 저절로 다음 칸으로((가)-③ · 목업 「끌어 옮기지 않습니다. 폰에서 어렵고 손이 더 갑니다」)
   ✅ 만들기 칸 카드의 ☑ 만들기를 누르면 「만들기 ✓ · 카드가 다음 칸으로 갑니다」 · 만들기 칸 0 · 그 카드는 ✓ 끝냄 그룹에
   ✅ 끝낸 카드의 ☑ 만들기를 다시 누르면 「만들기 취소 · 카드가 제 칸으로 돌아갑니다」 · 만들기 칸 1
■ 진도 체크 열기(원장 쪽 · 확정-㊶) · 학원 전체 켬 → 「1일째」 · 대시보드 띠
   ✅ 닫혀 있음 · 아이가 찍은 것 0 · ❗ 0 · 아이마다 「학원 따라감」
   ✅ 켬 → 「✎ 열림 · 1일째」 · 「M/D에 켬」
   ✅ 대시보드 띠 「✎ 진도 체크가 1일째 열려 있습니다」 + 그 자리 「닫기」 + 「진도 체크 화면 ↗」(명사)
■ 로드맵 08(아이 · (어43) 초5) · 책 차례 한 줄 · 대단원마다 상태 말 · 막대 · 큰 네모로 찍기 → 확인 기다리는 중 · 쌤 줄은 잠김 · 「이 단원 다 했어요」 · ❗ 달기 · 원장님 9/15 「이걸 초5가 알아보겠냐?」
   ✅ (어43) 칸반 세 칸 → 책 차례 한 줄 목록(첫 줄 CHAPTER 1) · 대단원마다 상태 말(✓ 다 했어요 · ▶ 하고 있어요 · 아직) · 막대 · n / N · 하고 있는 단원은 펼쳐진 채 · 나머지는 접힌 채
   ✅ 내 교재 줄을 누르면 /me/book?b= · 교재 이름 · 「내가 찍을 수 있어요」 띠 · 「1회독」 · 「소단원씩」 · 「다 한 단원 n/N」 · 「이대로면 …」 · 교재 꼬리표(진행중 · 영어 시험일 4주 전부터는 「교재 보류 · M/D에 풀림」)
   ✅ 쌤·검사가 찍은 끝냄 줄의 네모는 ✓ 인 채 잠김(못 덮는다, 0052 ②) · 아직인 줄의 네모는 빈 채 열림 · 줄마다 상태 말 「아직」
   ✅ 네모를 누르면 → 「다 했어요 ✓ · 쌤이 확인하면 돼요」 · 다시 열어도 ✓ · 「내가 · 확인 기다리는 중」 · 줄이 own · 상태 말 「✓ 다 했어요」
   ✅ (허) 소단원 줄에 조각 글 · 「낸 것 1-5 · 남은 것 6-13」(씨앗 조각 · 02b 와 같은 셈 · 확정-⑳)
   ✅ 다시 누르면 아직으로(빈 네모 · 「아직」 · 내가 찍은 줄은 내가 되돌린다)
   ✅ (허) 대단원 머리에 「이 단원 다 했어요」 네모가 바로 있다(펴지 않아도 · 남긴 것 21) · 처음엔 빈 채
   ✅ (허) 「이 단원 다 했어요」 → 내가 찍을 수 있는 소단원이 한 번에 「확인 기다리는 중」 · 「N개 다 했어요 ✓」 · 다시 열면 머리에 「✎ 확인 기다리는 중 N」 · 상태 말 「▶ 하고 있어요」
   ✅ ❗ 달기(이거 아직 안 했어요) → 줄 1 「기다리는 중」 · 진도는 안 바뀐다
■ (뎌) 학생 14 = 재원생 화면 · 달을 넘겨 가며 날짜별 출결 · 목록에 그 달 요약 · (녀) 🃏 클래스카드 아이디 연결
   ✅ (뎌) 출결 카드에 달 넘기기(◂ ▸)와 그 달 요약((어28) 목록의 출결 칸은 아이 카드로)
   ✅ (뎌) ◂ → 지난 달(주소에 m=YYYY-MM) · 머리 달이 바뀐다 · 「이번 달」로 돌아오는 길이 생긴다
   ✅ (녀) 🃏 클래스카드 아이디 · 아직 안 이었다
   ✅ (녀) 연결 → 줄이 선다(로그인 아이디 · 아이디 · 이은 날) · 확장이 보낸 것은 이 아이디로 아이를 찾는다
   ✅ (녀) 잘못 이었으면 **바른 아이디로 다시 이어** 덮어쓴다. 줄을 지우는 길은 없다(대전제-6 · 아이마다 한 줄)
■ (허) 학생 14 · 그 아이의 진도 체크(설정 진도 체크와 같은 손 · 남긴 것 21)
   ✅ (허) 14 에 「✎ 진도 체크 · 이 아이」 카드 · 학원 열림 · 모드 세그(끔·켬·학원 따라감) · 지금 찍을 수 있음 · 아이가 찍은 줄이 그대로 보인다(08 원장 쪽과 같은 셈)
   ✅ (허) ❗ 도 같은 카드에 · 「이거 아직 안 했어요」 · 처분 단추 둘(아직 안 함으로 · 그대로)
   ✅ (허) 줄마다 확인·되돌리기 단추가 있다(설정 진도 체크와 같은 손 · lib/progress.js · 여기서 눌러도 그 화면에서 눌러도 같은 줄이 움직인다)
   ✅ (허) 모드를 「켬」으로 → 이 아이만 열린다(학원이 닫혀도) · 다시 「학원 따라감」으로 돌린다
■ 진도 체크(원장 쪽) · 아이가 찍은 것 확인 · ❗ 처분(아직 안 함으로) · 끔
   ✅ 아이가 찍은 것 N(zz_시험_학생 · ○ 끝냄 · (어43) 큰 네모로 찍은 것 · (허) 「이 단원 다 했어요」로 찍은 줄까지 · 원장 화면 말은 끝냄) · ❗ 1(「이거 아직 안 했어요」 · 처분 단추 「아직 안 함으로」)
   ✅ 한 번에 확인 → 「확인했습니다. N줄」 · 처분 → 0 · 0
   ✅ 끔 → 「✎ 닫힘」
   ✅ (허) 설정에서 확인·처분하면 14 카드도 곧바로 빈다. 두 화면이 **같은 판**을 본다(원칙-1) · 학원이 닫혔으니 「지금은 못 찍음」
■ 학교별 표 06c · + 새 표(본에서) · 줄(학교) · 셀 종류마다(손 떼면 저장) · + 칸 · 표 ↔ 보드 조회 0 · 카드 ▶ = 선택 칸 값 · 칸 삭제 · 따로 챙길 아이 · 표 삭제 = 내림 · 복구
   ✅ 상단 탭 열하나 · 대시보드 · 오늘 · 발송 · 일정 · **내신** · **업무** · **성적** · 교재 · **학생**(=운영 · (어28)) · **자료실** · 설정(날마다 여는 것은 한 번에 · 원장님 2026-09-11)
   ✅ 「내신」을 누르면 학교별 표(06c) · 그 탭이 파랗다(주소는 /schedule/grid 그대로 · 안 옮겼다)
   ✅ 「업무」를 누르면 내 업무(05) · 그 탭이 파랗다
   ✅ 학교 시험(06b)은 그대로 「일정」 아래 · 얹은 탭이 남의 화면을 뺏지 않는다
   ✅ 표가 없을 때 · 「+ 새 표」 안내 · 따로 챙길 아이들 0명 · 전체 N
   ✅ + 새 표(학교별 교재 본) → 「칸 5 · 보드 축 붙음」 · 탭이 곧 표 이름 「학교별 교재 0」 · 머리칸 5(학년·교재·배부·진행 상황·마감) · (어58)⑦ 군더더기 셈은 없다
   ✅ (어26) 학교 추가 고르개 옆 「+ 새 학교」(06c·14·12b·06b 가 한 벌 · 학교가 없으면 펼친 채)
   ✅ 학교 추가(zz_시험_중학교) → 줄 1 · 셀 다섯(선택 · 고르기 · 예/아니오 · 선택 · 날짜)
   ✅ 셀 · 교재(문법책 · 앱에서 고르기, 확정-56) · 배부 예 · 진행 상황 만들기 · 마감 날짜 · 손 떼면 저장 · 다시 열어도 그대로
   ✅ + 칸(비고 · 글) → 머리칸 6 · 칸으로 이동 6 · 글 셀에 적고 손을 떼면 저장
   ✅ 칸으로 이동 ◀ ▶((가)-③ · 넓은 표에서 한 칸씩): 처음엔 1번이 지금 · ◀ 잠김
   ✅ ▶ → 2번이 지금 · ◀ 풀림 → ◀ → 다시 1번
■ 학교별 표 06c · 「앱에서 고르기 → 단원」 두 단을 한 번에((가)-⑤ · 남긴 것 22)
   ✅ + 칸(단원 · 앱에서 고르기 → 단원) → 고르개 하나에 교재마다 묶인 단원(optgroup 문법책·독해책 …) · 교재를 먼저 고르는 단이 없다
   ✅ 단원 하나를 고르면 손 떼자마자 저장(교재는 단원에서 나온다) · 다시 열어도 그 단원 · 보드 카드 글도 「CHAPTER 1 › 1-2 …」
   ✅ 단원 칸 ✕ → 내림(값은 남는다. 대전제-6) · 머리칸 6(뒤 걷기는 비고 칸이 마지막)
■ 학교별 표 06c · 「한 학교만 크게」 ▣((가)-⑦): 표에 그 줄만 남고 아래에 카드(칸마다 한 줄 · 고치기)가 편다
   ✅ ▣ → 표는 그 줄만(data-focus 1) · 카드 「zz_시험_중학교 · 한 줄만 크게」 · 칸마다 한 줄(6) · 「← 전체 1줄」
   ✅ ← 전체 → 카드 닫힘 · 표 전부(data-focus 0)
   ✅ 비고 글 → 선택 · 「비고 · 선택 · 옮겨 담음 0 · 못 옮김 1(그대로 둠 · zz_시험_중학교 · 글로 되돌리면 복구됩니다)」 · 셀은 고르개(값이 선택지에 없어 「 · 」) · 머리칸 종류 select
   ✅ 다시 글 · 「비고 · 글 · 옮겨 담음 1 · 못 옮김 0」 · 셀에 「영어 10.16 · 나이스에서」가 그대로(지우지 않았다)
   ✅ ⊞표 → ▦보드 · 서버 조회 0건(0) · 축 「진행 상황」 · 칸 넷(만들기 1 · 인쇄 0 · 배부 0 · 채점 0) · 카드 제목 = 교재 이름 · 숨긴 그룹 「진행 상황 없음 0」
   ✅ 카드 ▶ → 「→ 인쇄」 · 인쇄 칸 1 · 만들기 0 · 표로 돌아오면(조회 0건) 진행 상황 셀이 「인쇄」 · 같은 값 한 벌
   ✅ 비고 칸 ✕ → 「내렸습니다(지우지 않았습니다)」 · 머리칸 5
   ✅ 체크 목록 칸 「체크」 → 항목 「단어」 더하기 → (어58)⑥ 접힌 단추 뒤가 아니라 **진짜 체크상자**가 셀에 바로 선다 · 항목마다 ✕
   ✅ ⑥ 체크하면 **서버를 기다리지 않고** 그 자리에서 켜진다(낙관적 · 속도-3) · 새로고침해도 켜져 있다(저장은 뒤에서)
   ✅ ✕ 빼기 → 「단어 · 뺐습니다」 · 항목 0 · 「＋」 로 더한다
■ (어58) 06c 엉킨 것 여덟 — 원장님 2026-09-16 「칸반보드 구현이 엉킨것 같아 … 탭으로 칸반 전환이가능해졌는데, 칸 내용이 똑같으면 탭을 전환할필요가없잖아」
   ✅ ①② 탭이 곧 표 이름(누르면 다른 표) · 제목으로 또 안 쓴다(✎ 하나) · 보기는 작은 토글 셋(⊞ 표 · ▦ 보드 · 📅 달력) · 큰 탭 줄(nb-viewbar)은 없앴다
   ✅ ④ 학생별로 더하는 띠(🎯 따로 챙길 아이들)가 표 아래로 내려갔다(원장님 「학생별로 추가하는 부분 칸반 맨 밑으로 내려」) · ⑦ 군더더기 셈(「학교 1곳 · 칸 6개」 · 「표 1종 · 줄 1 · 칸 3」)은 없다
   ✅ ③ 줄 둘 · 만든 차례는 「zz_시험_중학교 · zz_표_고등학교」 · 마감은 2026-10-12 와 2026-10-10
   ✅ ③ 정렬을 「마감」으로(원장님 「내가 정한순서말고 … 만든 칸을 기준으로 정렬하게 하면됨」) · 이른 날이 위 · ↑↓ 가 뜬다 · 서버 조회 0건(0 · 화면 안에서 센다)
   ✅ ③ ↓ 로 뒤집으면 늦은 날이 위
   ✅ ③ 「내가 정한 순서」로 돌아오면 만든 차례 · ↑↓ 는 사라진다
   ✅ ⑤ 날짜 칸은 처음엔 하루 · 시작일 하나와 「종료일」 체크상자(원장님 「날짜속성에 시작일 종료일 개념이 없어. 체크박스로 선택할수있게해」)
   ✅ ⑤ 체크하면 칸이 하나 더(2026-10-12 ~ 2026-10-13) · 새로고침해도 그대로 · 종료일 칸은 시작일보다 앞으로 못 간다(min)
   ✅ ⑧ 📅 달력 보기(원장님 「달력보기만 좀만들어줘. 보드 끌어서옮기기는 없어도돼」) · 서버 조회 0건(0 · 같은 값을 다르게 볼 뿐) · 42칸(달 한 벌 monthGrid) · 머리에 달과 축 칸 이름
   ✅ ⑧ ▶ 다음 달(2026년 10월) · 2026-10-10 한 칸에 zz_표_고등학교 · 기간(2026-10-12~2026-10-13)은 이틀에 걸쳐 선다(첫 날이 머리 · 이어지는 날은 ↳)
   ✅ ⑧ 달력의 줄을 누르면 표로 돌아가 그 줄만 크게(대전제-22 그 자리에서)
   ✅ 따로 챙길 아이 · 이름을 누르고 메모를 적으면 손 뗄 때 저장 · 「1명」 · 줄 하나 · 그 아이는 이름 알약에서 빠진다
■ (너) 학교별 표 → 아이·학부모 「우리 학교」 카드 · 표마다 공개 스위치(기본 끔) · 학교 줄 표만 · 그 아이 학교 줄만(원장님 9/9 「강사조교는 다 봐도 되고 학생학부모는 따로 권한두기」)
   ✅ (너) 공개 끔(기본)이면 아이 화면에 「우리 학교」 카드가 없다(키 me.grid 는 씨앗이 켬 · 무엇을 보이나는 표마다)
   ✅ (너) 「아이·학부모 공개」 켬 → 스위치가 켜져 있다 · 「우리 학교 줄이 보입니다」
   ✅ (너) 아이 「우리 학교」 카드 · 알약 zz_시험_중학교 · 표 「학교별 교재」 · 줄 「zz_시험_중학교 …」 · 값 있는 칸만
   ✅ (너) 학부모 「우리 학교」 카드 · 같은 한 벌(parent.grid 켬 · 그 아이 학교 줄)
   ✅ (어17) 학부모 PC 1280 · 두 열(.mine column-count 2) 안에서 연 사진 라이트박스가 창 전체를 덮는다(열 하나에 갇히지 않는다)
   ✅ 표 삭제 → 내림(되살릴 수 있다) · 탭에 「삭제한 표 1」
   ✅ 복구 → 표 알약이 돌아온다(줄 1 · 값 그대로)
   ✅ 빈 표 하나 더 → 알약 둘 「학교별 교재 · 빈 표」 · 빈 표를 고르면 표 ◀ 열림(둘째) · ▶ 잠김
   ✅ (라) 표 이름 ✎ 는 확인 창(prompt)이 아니라 화면 안 입력칸 · 지금 이름이 들어 있다
   ✅ (라) 취소하면 이름 그대로 · 입력칸 없음
   ✅ 표 ◀ → 알약 차례 「빈 표 · 학교별 교재」(sort 10씩 · 판이 sort 차례로 준다) · 이제 ◀ 잠김 · ▶ 열림
■ (터) 설정 🔌 연동 설정 · 원장이 앱에서 넣고 고친다(확정-72) · 넣어 둔 것은 가려서만 · 빈 칸은 그대로
   ✅ 카드 · 유형 넷(솔라피·나이스·앤트로픽·클래스카드 확장) · 씨앗 솔라피는 「켜짐」 + 가린 값(API Key 앞 넉 자 · Secret 은 ●●●●) · 나이스는 「안 켜짐」
   ✅ 나이스 인증키를 넣으면 「인증키 고쳤습니다」 · 그 줄이 「켜짐」 · 값은 ●●●● 로만 보인다(SQL 없이 앱에서)
   ✅ (터) 비밀 아닌 칸(발신번호)은 지금 값이 칸에 채워져 있다. 저장해 놓고 빈 칸으로 보여 「저장이 안 된다」가 됐다(원장님 9/10)
   ✅ (퍼) 키 칸은 브라우저 **자동완성**이 못 채운다. 짝으로 보이는 비밀번호 칸이 아예 없고(가리기는 -webkit-text-security) 칸마다 끄기가 붙어 있다(원장님 9/10 「뭔가 자동완성같은데」)
   ✅ (퍼) 자동완성이 넣은 이메일은 **적는 그 자리에서** 빨갛게 말하고 ✕ 로 비운다. 저장까지 가지 않는다
   ✅ 키 자리에 이메일을 넣으면 저장 전에 막고 말한다(원장님이 그렇게 넣으셨다) · 있던 키는 안 바뀐다
   ✅ ✉️ 시험 한 통 · 리허설(NOTIFY_SINK=off)이라 발송 이력만 · 가린 번호 010-****-1234
   ✅ (터) 12b · 키를 넣었으니 「🔄 다시 받기」가 켜지고 「키 없음」 줄이 사라진다
■ 신규 상담 18 · + 전화 문의 → 🔥 오늘 답할 것 · 📨 안내 보냄 · 방문 잡기 → 상담 잡힘 · 점수 → 레벨 봄 · 제안 · 등록 전환(반 · 교재 · 아이디) → 일곱이 저절로(학생 · 계정 둘 · 반 · 교재 · 루틴 · 결제선생 업무 · 첫 등원 안내)
   ✅ 머리 「답 안 한 문의 1」(씨앗 zz_시험_문의) · 칸 다섯 · 첫 칸 1
   ✅ + 전화 문의 받기 → 🔥 오늘 답할 것 2 · 답 안 한 문의 2 · 카드 hot · 「2학년 · zz_시험_중학교」 · 연락 가림 010-****-0000 · 물음 · 「방금 들어옴 · 답 안 함」
   ✅ 📨 안내 보내기 → 답한 때 · hot 풀림 · 답 안 한 문의 1 · 「안내 보냄 오늘 HH:MM」
   ✅ (커) 안내 문자(솔라피 · 씨앗 연동 solapi) · 리허설(NOTIFY_SINK=off)이라 발송 이력만 · 가린 번호 010-****-0000
   ✅ 방문 잡기(내일 16:00) → 상담 잡힘 1 · 방문 「9/17 ○ 16:00」 · 레벨 「안 잡힘」 · 왜 「레벨테스트를 아직 안 잡았습니다」
   ✅ 레벨 잡기(같은 날) · 점수 → 레벨 봄 1 · 「같은 날」 · 점수 · 왜 「제안 교재를 적어 두세요」
   ✅ (자) 모달 18-convert · 폰에서 화면 너비 안 · 머리 알약이 닫기 단추와 안 겹친다(02c 요일 알약 · 방식 고치기 교재 알약이 잘렸었다 · .mdl 없으면 건너뜀)
   ✅ 등록 전환 → 일곱 걸음 · 학생 ✓ · 계정 ✓(chloe9901 · 학부모 01099990000 · 첫 비밀번호 0000) · 반 ✓ · 교재 ✓(1권) · 루틴 ✓ · 결제선생 업무 ✓ · 첫 등원 안내 = 문자(솔라피 · (커) · 리허설이라 발송 이력만 · 가린 번호)
   ✅ 등록 칸 1 · 카드에 「학생 화면 ↗」 · 레벨 봄 0
   ✅ (뎌-2) 리허설이면 **안 나간다는 것을 그 자리에서** 말한다(원장님 9/10 「문자 안보내져」 · 앱이 아니라 Vercel 스위치였다)
   ✅ ⓘ 를 누르면 **켜는 법**이 펴진다. NOTIFY_SINK=live · Production · Redeploy(폰에서도 눌러서 본다. 툴팁이 아니다)
   ✅ (커) 발송 10 「오늘 나간 것」에 문자 발송 이력 둘 · 「zz_문의_아이 · 첫 등원 안내 · 문자 010-****-0000」 · 「상담 안내 · 문자 010-****-0000」(리허설 off 라 안 나감 · 다시 보내기 없음)
   ✅ (뎌-2) 유형 토글 셋(하원 지연 · 수강료 · 월간 리포트) · 처음엔 다 꺼짐(규칙이 비어 있다. 지금까지처럼 등록·상담 안내만 문자로)
   ✅ 하원 지연을 켠다 → 「문자로도: 하원 지연」 · 단추 ✓ · 새로 읽어도 켜져 있다(규칙에 적혔다)
   ✅ 새로고침 뒤에도 하원 지연만 켜짐
   ✅ 다시 눌러 끈다 → 「문자로도 보내는 유형이 없습니다(앱 알림만)」 · 단추 ✕(걷기 뒤를 원래대로 돌려놓는다)
   ✅ 문구 다섯 · 첫 등원·상담 안내 + 하원 지연·수강료·월간 리포트(0157 이 세운 처음 한 벌 · 원장님이 화면에서 고친다)
■ 학생 14 · 목록(재원생 · 퇴원생) · 한 아이(머리 · KPI 여섯 · 교재 진도 · 성적 · 이 달 출결(하원 시각) · 단원평가 · 지나온 것 · 상담) · ✎ 고치기(성적 공개 · 퇴원·복귀) · 새 계정은 첫 로그인에 비밀번호를 바꾼다
   ✅ 새 아이 · 재원생 N · 퇴원생 0 · 머리 「zz_문의_아이」 · 「2학년 · zz_시험_중학교」 → 「중2 · zz_시험_중학교」 · 반 알약(반 없음 아님) · 「YYYY.MM ~ 재원 0개월」 · 교재 진도 1(문법책 0/N) · KPI 여섯 · 지나온 것에 등원·반·교재 배정
   ✅ ✎ 고치기 · 계정 「아이디 chloe9901 · 첫 비밀번호(0000) 아직 안 바꿈 · 앱이 발급」 + 「비밀번호 0000」 단추 · 학부모 「01099990000 · 앱이 발급」
   ✅ 학부모 계정 이름 · 발급 때 「zz_문의_아이 학부모」 → 「zz_문의_엄마」 저장 → 「학부모 계정 이름 · zz_문의_엄마」 · 줄 「zz_문의_엄마 · 01099990000 · 앱이 발급」 · 칸도 그 이름 · 저장 잠김(같은 이름)
   ✅ 성적 공개 → 학생만 → 저장줄 「성적 공개 · 학생 ✓ · 학부모 ✕」
   ✅ + 상담 적기 → 상담 줄 1 · 지나온 것에 상담((어28) 목록의 마지막 상담 칸은 아이 카드로)
   ✅ (어28) 줄 옆 🚪 → 그 한 줄만 고른다 · 띠 「고른 1명」 · 나간 날은 오늘 · 🚪 퇴원 · ↩ 복귀 · 반 옮기기(반 고르기 · 이 날부터)
   ✅ 퇴원 처리(띠에서) → 「1명 퇴원 처리했습니다. 줄은 남습니다」 · 「퇴원」 꼬리표 · 재원생 N−1 · 퇴원생 1(줄은 남는다) · 재원 기간 「~ YYYY.MM 퇴원」 · 띠는 비워진다 · 재원 목록에서 그 줄이 빠진다
   ✅ 퇴원 보기 → 그 줄이 「퇴원」 꼬리표를 달고 선다 · 줄 옆은 ↩
   ✅ 복귀(띠에서) → 「1명 재원으로 돌렸습니다」 · 재원생 N
   ✅ (어28) 「전체」 → 띠 「고른 6명」 · 「전체」 네모가 켜짐 · 비우기 → 띠 없음 · 네모 다 꺼짐
   ✅ 다른 창이 아이 전화를 고쳐 저장 → 「고쳤습니다」(읽은 줄이 그대로라 통과 · updated_at 대조)
   ✅ 0-3 옛 화면에서 저장 → 「다른 사람이 먼저 고쳤습니다. 새로고침 뒤 다시 적어 주세요」(덮어쓰지 않는다)
   ✅ 새로고침하면 다른 창이 적은 전화(01055550001)가 그대로 · 내 것(…0002)은 안 들어갔다
   ✅ (다) 학생 줄을 누르자마자(서버 답 전 · 주소의 s 는 아직 그 아이가 아님) 그 줄이 켜지고(hi) 상단 띠가 켜진다
   ✅ (다) 답이 오면 띠가 꺼지고 켜진 줄은 서버가 켠 그 줄 하나뿐
   ✅ zz_시험_학생 · 하원 지연 KPI 「3회」(21일 안 셋 · bad) · 출석 n/N · 교재 진도 2(문법책 · 독해책) · 성적 줄 ≥ 1(16 에서 확인한 것) · 이 달 출결에 하원 시각(답 ⑩ · 07 「집에 가요」) · 단원평가 알약 ≥ 1
   ✅ 새 계정 chloe9901 / 0000 으로 들어가면 첫 비밀번호 바꾸기 문(/password)으로 · 앱이 발급한 계정은 must_change_pw
■ 자료실 20 · 방금 온 것(학부모가 보낸 사진) → 유형 고르기 → 유형별 칸 · 열기 200 · 유형 옮기기 → 아이별 · 📤 보내기(아이 → 숙제 줄 → 파일, 폰이 줄여 보낸다) → 보낸 것 「아직」 0/1
   ✅ 머리 · 📥 안 본 것 1 · 방금 온 것 1줄(「zz_시험_학생 학부모가 보냄」 · 💬 한 마디 · 「🏫 zz_시험_중학교 2 · 26-2」 저절로) · 유형별 칸 0 · 받은 것 1 · 보낸 것 1(원장이 어제 숙제에 붙인 pdf)
   ✅ (자) 모달 20-lightbox · 폰에서 화면 너비 안 · 머리 알약이 닫기 단추와 안 겹친다(02c 요일 알약 · 방식 고치기 교재 알약이 잘렸었다 · .mdl 없으면 건너뜀)
   ✅ (어19) 두 열 틀(.frame.cols) 안에서 연 라이트박스도 창 전체를 덮는다(fixed · 열 하나에 갇히지 않는다. column-span:all)
   ✅ ① 사진 미리보기 · 방금 온 것의 사진을 누르면 그 자리에서 크게(라이트박스 · 💾 저장 · 닫기 · Esc)
   ✅ Esc 로 닫힌다
   ✅ 유형 「수행평가」 → 방금 온 것 0 · 안 본 것 0 · 칸 「🏫 zz_시험_중학교 2」 1 · 올린 기록 「26-2 수행평가 · 사진 1」 · 학교·학년·학기는 아이에게서 저절로
   ✅ 올린 기록 열기 → 파일 1(zz_수행평가.jpg · 학부모가 보냄) · 열기 /api/files/id 200 image/jpeg(읽어도 되나는 v2.file 의 접근 규칙이 정한다)
   ✅ 유형 옮기기 「그 밖」 → 🧑‍🎓 아이별 칸 「zz_시험_학생 · 그 밖 · 학교와 상관없는 것」 · 학교 칸은 사라진다(빈 올린 기록은 안 그린다)
   ✅ ② 답 한 줄 · 유형을 고르면 저절로 「받았어요. 「수행평가」로 넣었어요」 · 옮기면 「그 밖」으로 따라 바뀐다(자동 글일 때만)
   ✅ 고쳐 쓴 답은 그대로 남는다(「답을 적었습니다」)
   ✅ (자) 모달 20-send · 폰에서 화면 너비 안 · 머리 알약이 닫기 단추와 안 겹친다(02c 요일 알약 · 방식 고치기 교재 알약이 잘렸었다 · .mdl 없으면 건너뜀)
   ✅ 📤 보내기 · 아이를 고르면 마지막 판(오늘)의 숙제 줄이 고르기로 선다
   ✅ 파일을 고르고 보내기 → 「1장 보냈어요」(폰이 jpg 로 줄여 · /api/files 한 길 · 보관함 흉내에 올라간다)
   ✅ 보낸 것 · 2줄 · 새로 보낸 것은 「zz_시험_학생 · 9/16 숙제 · …」 아직 0/1 · 어제 pdf 도 아직 · 받은 것 1 · 보낸 것 2
■ 공지(4단계-6) · 만들기(학생·학부모 · 반 리허설) → 📎 자료실에서 붙이기(보내기 전만) → 보내기(🧪 리허설 · 발송 이력 notify_log) → 07·09 📢 카드 · 읽음은 서버가
   ✅ 공지 화면 · 비어 있음 · 안 보냄 0 · 보냄 0
   ✅ + 공지(학생·학부모 · 반 리허설) → 줄 1(draft) · 「학생·학부모 · 반 …」 · 「안 보냄」 · 붙인 것 없음 · 보내기 단추에 대상 N명(반 명단으로 센다)
   ✅ 📎 자료실에서 붙이기(학원 사람이 올린 파일) → 📎 1 · 「안 보냄 · 📎 1」 · 보내기 전에 붙인다(목업 20)
   ✅ 보내기 → 「N명에게 보냈습니다. 🧪 리허설(off)」 · sent · 「보냄 M/D · 읽음 0/N · 📎 1」 · 붙이기·보내기 단추 사라짐(보낸 공지는 못 고치고 못 붙인다) · 안 보냄 0 · 보냄 1
■ 아이 화면 07 · 영상 19 · 숙제 줄의 📎(어제 pdf 는 검사 줄에 따라온다 · 오늘 숙제에 새 사진) · 💾 저장(내려받기 200 attachment) · ✓ 안 보기 → 지난 것 보기 · 📷 사진 보내기 · 🎬 영상 카드 「1개 남음」 → 나 › 영상(20% 봄 · 이어 볼 곳 1:30) → ▶ 보기 → 앱 안 재생기(유튜브에 못 닿으면 「유튜브에서 보기」)
   ✅ 📢 공지 카드 · 「zz_10월 휴강 안내」 · 🆕(안 읽음) · 📎 1 · 알약 「새 1」(mine_board 'board' · 반·학교·역할로 거른 것)
   ✅ 다시 열면 읽음(서버가 찍는다. notice_read · 아이는 표에 못 넣는다) · 알약 「1」
   ✅ ⇅ 카드 순서(확정-⑮) · 공지를 ▼ 로 맨 아래에 두고 저장 → 다시 열어도 공지가 오늘 할 것 뒤(screen_pref · 사람마다) · 처음엔 공지가 앞이었다
   ✅ (어15) 끌기 · 둘째 줄 「due」 의 ⠿ 를 잡아 첫 줄 위로 놓으면 판에서 첫 줄이 된다(pointer · 저장 전 · 폰 문맥) · 줄 수 그대로
   ✅ 저장 → 다시 열어도 그 카드가 첫 줄이던 카드보다 앞 · 공지는 여전히 뒤(끌기도 ▲▼ 와 같은 줄 screen_pref · 부분만 보내 접은 것은 안 건드린다)
   ✅ (어27) 07 오늘 낼 숙제 줄마다 제목이 있고 「(이름 없음)」·「(빈 줄)」 0(원장 검사 줄과 같은 글 한 벌 lib/item-plan)
   ✅ (어2) ▾ 를 누르면 그 자리에서 접힌다. data-folded=1 · **판을 다시 안 읽는다**(판 RPC 0 · 속도-1 「접기는 다시 조회하지 않는다」 · 접힘만 뒤에서 저장된다) · 속은 안 보이고 머리·알약은 그대로
   ✅ (어2) 다시 열어도 접힌 채 · 저장은 뒤에서 되고(screen_pref folded) **차례는 그대로다**(⇅ 로 맨 아래 둔 공지가 안 되돌아왔다 · 부분만 보내도 나머지가 안 지워진다)
   ✅ (어2) 한 번 더 누르면 펴진다 · 속이 다시 보인다
   ✅ 숙제 줄에 📎 2 · 검사 줄에 어제 pdf 「zz_어순정리.pdf」(carry_of) · 오늘 숙제에 새 jpg · 「N/D까지 보여요」 · 📎 자료 카드(보내기 · 지난 것 0)
   ✅ 💾 저장의 길 · /api/files/id?dl=1 → 200 · attachment · application/pdf(내 숙제에 붙은 것 · 접근 규칙 own_file)
   ✅ 💾 저장을 누르면 그 줄에서 없어지고 「지난 것 보기 1 · 💾 저장」(1달간 다시 꺼낼 수 있다)
   ✅ ✓ 안 보기 → 남은 📎 0 · 지난 것 2(✓ 안 보기)
   ✅ (어17) 파일 고르기 단추가 이름으로 보인다. 「📷 사진 · 📄 파일 보내기」 label.btn · 브라우저 기본 「Choose Files」 칸은 숨김(원장님 9/14 「보이게」)
   ✅ ⑦ 고른 사진이 보내기 전에 줄로 · 2줄(미리보기 img · 이름 · 크기 · ✕)
   ✅ ✕ 로 하나 빼면 줄 1(e2e-up.png) · 보내기는 남은 것만
   ✅ 📷 사진 보내기 → 「1장 보냈어요」(아이는 제 것만 · 숙제에 못 붙인다 · 원장님만 본다)
   ✅ ② 📎 카드 「내가 보낸 것」 · 방금 보낸 사진 1(미리보기 · ⏳ 아직 안 봤어요)
   ✅ 🎬 영상 카드 · 「1개 남음」 · 줄에 「20% 봄」(지나간 구간 60초 / 300초 · Postgres 가 합친 것) · 줄이 곧 그 영상 링크(?v= · (어16) 한 번에) · 「모두 N개 ↗」
   ✅ 나 › 영상 · 1개 남음 · 줄 1(zz_간접의문문 정리 · 5:00 · 마감 · 20% 봄 · 이어 볼 곳 1:30)
   ✅ ③ 본 구간 막대 · 조각 둘([0,30)·[60,90) / 300초 → 0%·10% · 20%·10%) · 머리 30%(이어 볼 곳)
   ✅ ▶ 보기 → 앱 안 재생기 카드(20% 봄 · 막대 조각 둘) · 유튜브에 못 닿는 검사 자리라 「앱 안에서 못 틀어요 → 유튜브에서 보기」로 정직하게(대전제-0) · fail
   ✅ ④ 재생기를 열면 연 횟수 +1 · 줄에 「1번 열어봄」(서버가 센다 · v2.video_open · 새로고침해도 그대로)
■ 학부모 09 · 📎 자료 카드(parent.files 켬): 형제 하나라 「누구 학교 것인가요」를 안 묻는다 · 아이에게 보낸 자료(마감한 판의 숙제에 붙은 것 · 아이가 처리했나) · 📷 사진 보내기
   ✅ 학부모 📢 공지 카드 · 「zz_10월 휴강 안내」 · 📎 1 · 🆕(이 집은 처음)
   ✅ 💰 수납 카드 · 이 달 수납 줄이 아직 없어 안 뜬다(빈 카드 금지 · 13 에서 적으면 뜬다)
   ✅ 📎 자료 · 받은 것 2(어제 pdf 「아이가 💾 저장」 · 오늘 jpg 「✓ 안 보기」) · 형제가 하나라 물음 없음 · 열기 단추
   ✅ ⑤ 학부모 🎬 영상 카드 · 「1개 남음」 · 줄 「zz_간접의문문 정리 · 20% 봄 · 1번 열어봄」(원장님이 배정한 영상과 아이가 어디까지 봤나를 학부모도 본다)
   ✅ ② 학부모 「내가 보낸 것」 · 씨앗 사진 1(미리보기 · 아이 이름 · ✓ 원장님이 고쳐 쓴 답 「잘 받았어요. 월요일에 볼게요」)
   ✅ ① 학부모도 붙임 사진을 그 자리에서 크게 본다(폰)
   ✅ 학부모 📷 사진 보내기 → 「1장 보냈어요」(제 아이에게 붙는다 · 원장님만 본다)
   ✅ 원장 자료실 · 아이·학부모가 보낸 것이 「방금 온 것」 2 · 「zz_시험_학생이 보냄」 · 「zz_시험_학생 학부모가 보냄」 · 줄임(폰이 줄였다) 표시 · 미리보기 둘
   ✅ ② 원장님이 유형 「수업자료」를 고르자 아이 📎 카드에 「✓ 받았어요. 「수업자료」로 넣었어요」
■ 영상 배정 19(원장) · 교재 › 🎬 영상: 안 본 아이 1 · 카드(막대 20% 봄 · 마감) · + 배정(학생둘) → 2명 · 마감 미루기 → 2명 · 📨 알림 → 「2명에게 알림 · 🧪 리허설(off)」(알림 길 하나) · + 영상(유튜브 주소 검사) · ✕ 배정 삭제 · 삭제 → 삭제한 영상 1
   ✅ 교재 15 머리에 「🎬 영상」 단추
   ✅ 머리 · 안 본 아이 1 · 카드 1(zz_간접의문문 정리 · 5:00 · 📁 zz_문법) · 줄 「zz_시험_학생 20% 봄」 · 다 봄 0 · 보다 맒 1 · 안 봄 0 · 줄에 「1번 열어봄」(④)
   ✅ + 배정 학생둘(마감 9/21) → 줄 2 · 안 봄 1 · 안 본 아이 2
   ✅ 마감 미루기 → 「마감을 9/25 로 · 2명」
   ✅ 📨 안 본 아이에게 알림 → 「2명에게 알림 · 🧪 리허설(off): 발송 이력만 남고 실제로는 안 나갔습니다」(대전제-0 · 알림 길은 lib/notify 하나)
   ✅ + 영상 · 유튜브가 아니면 그 자리에서 「유튜브 주소가 아닙니다」
   ✅ 있는 폴더 칩(0-7 · datalist 는 아이폰에서 안 보여 안 쓴다)에 씨앗 폴더 zz_문법 하나
   ✅ 칩을 누르면 폴더 칸에 그 이름이 들어간다(zz_문법)
   ✅ 유튜브 주소면 카드 2(길이 5:00 · 배정한 아이 없음)
   ✅ 폴더로 묶인다(4단계-6) · 「📁 zz_독해 1개」 · 「📁 zz_문법 1개」(씨앗 영상) 머리 둘 · 이름 차례
   ✅ ✕ 배정 삭제(학생둘) → 줄 1 · 안 본 아이 1(내린 배정은 안 센다)
   ✅ 새 영상에 + 배정(zz_시험_학생) → 안 본 아이 2 · 그 카드 줄 1(안 봄)
   ✅ ⑥ 아이 나 › 영상 · 2개 남음 · 줄 2(마감 순: 간접의문문 → 분사구문)
   ✅ 재생기 아래 「다음 영상 ▶ zz_분사구문 5분 정리」 · 아직 안 본 다음 것(nextOf)
   ✅ 누르면 그 영상의 재생기(zz_분사구문 5분 정리 · 아직) · 다음은 다시 첫 영상(안 본 것끼리 돈다)
   ✅ 삭제 → 카드 1 · 「삭제한 영상 1」(지우지 않는다 · 복구)
   ✅ 삭제한 영상을 펴면 복구 단추
   ✅ 삭제한 영상은 아이 목록에서도 빠진다. 1개 남음 · 줄 1(배정은 남아 되살리면 돌아온다)
■ 학생 14 다시(4단계-6) · 🎬 영상 줄 · 📎 자료 줄 · 상담에 📎 붙이기
   ✅ 🎬 영상 줄 ≥ 1(배정한 것 · 본 %) · 📎 자료 줄 ≥ 1(학부모·아이가 보낸 것 · 학원이 보낸 것) · 상담을 적으면 그 줄에 「📎 붙이기」 고르개
   ✅ 상담에 📎 → 상담 줄에 📎 이름(file_link.consult_id) · 자료 줄에 「상담에 붙음」
■ 수강료 13 = 학생 14 안 유형(?v=fee · (어28) 원장님 9/15 「운영이 단순히 수강료 페이지면, 그냥 학생 페이지에 통합」) · 수강료(넣고 체크만) · 금액을 적으면 단가 줄이 이 달부터 · 다음 달엔 그 금액이 미리 · 엑셀로
   ✅ (어28) 머리 세그 「학생 · 💰 수납」 · 수강료가 눌려 있다 · 표에 고르기 네모(전체 · 줄마다)
   ✅ 이 달 · 머리 「2026년 9월」 · 재원생 줄 6 ≥ 2 · 단가 줄·학년 기준이 없어 전부 「금액 없음」(0원이 아니다) · 합계 0원 · 저장 잠김 · **수강료 유형엔 메뉴 카드가 없다**((어28) 학생 안 유형 · 원칙-1)
   ✅ 금액·받은 날을 적으면 화면이 먼저 센다(저장 전) · 그 줄 받음 · 합계 300,000원 · 안 받음 0원 · 저장 열림
   ✅ 저장 → 「저장했습니다. 1줄 · 단가 줄 1(이 달부터)」 · 다시 열어도 받음 300,000 · 받은 날 2026-09-16 · 금액 없음 5
   ✅ 수납 방법 「계좌」를 고르고 저장 → 「저장했습니다. 1줄」(금액이 그대로면 단가 줄은 새로 안 만든다)
   ✅ 다시 열어도 계좌(payment.method) · 학년별 기준 양식은 접혀 있다
   ✅ 「학년별 기준」 → 양식(초1 … 고3 열둘 · 전부 빈 칸 · 저장 잠김)
   ✅ 초1 250,000 저장 → 「학년별 기준을 적었습니다. 1학년」 · 씨앗에 초1 이 없어 줄은 그대로(금액 없음 5)
   ✅ 다시 열어도 초1 250000(v2.integration tuition config.byGrade · 옛 앱과 같은 자리 · 나머지는 빈 칸)
   ✅ 학생둘 · 금액만 적고 저장(받은 날 없음) → 그 줄 「안 받음」 · 안 받음 1 · 200,000원
   ✅ 결제선생 엑셀 올리기(남긴 것 17) · 「올렸습니다. 1줄 · 건너뜀 1 · 못 맞춘 이름: zz_없는아이 · 같은 이름 둘: zz_시험_학생」(이름으로 맞춘 줄만 · 다른 달은 건너뜀 · 없는 이름·같은 이름 둘은 알려 준다. 그 줄은 손으로)
   ✅ 올린 뒤 · 학생둘 줄은 그대로 안 받음 200,000(미납 줄은 받은 날 없이) · 수납 방법만 엑셀의 「카드」(payment 한 줄에 덮어씀 · source excel) · 안 받음 200,000원
   ✅ (어28) 고른 줄이 없으면 띠가 없다
   ✅ (어28) 학생둘 줄을 고르면 띠 「고른 1줄」 · ✔ 받음 1 · 📨 안내 1 · ⏰ 예약 1 · 때 고르기
   ✅ 💰 안 받은 집에 안내 → 「1집에 수강료 안내 · 🧪 리허설(off)」(유형 fee · 금액을 적어 저장한 줄만 · 학부모 기기 · 4단계-2a)
   ✅ (어) ⏰ 안 받은 집 예약(내일 09:00) → 「예약했습니다. 1집 · 내일 09:00」
   ✅ (어) 📢 예약된 것 2 · 「zz_시험_학생둘 · 월간 리포트 N년 N월 · 내일 09:00」 「zz_시험_학생둘 · 수강료 안내 N년 N월 · 내일 09:00」(판 없이도 이름이 선다. send_board student_name)
   ✅ (어) 둘 다 취소 → 예약된 것 0(지우지 않고 cancelled_at)
   ✅ 학부모 💰 수납 카드 · 「9월 수강료 300,000원」 · 「받음 9/16」(정책 own_payment · 제 아이 줄만 · mine_board 한 판)
   ✅ 다음 달 · 단가 줄이 살아 300,000 이 미리 선다(「학생 단가」) · 학생둘도 200,000(적어 저장하면 이 달부터 단가 줄) · 받은 날은 비어 「안 받음」 · 안 받음 2 · 안 받음 500,000원
   ✅ 다음 달 머리에 「지난달 안 받음 1명 · 200,000원 ↗」 알약(이월 표시 · 옮겨 적지 않고 지난달 줄을 그대로 센다 · 누르면 지난달) · 이 달(안 받음 없음)엔 없다
   ✅ (어28) 「전체」 고르면 띠 「고른 N줄」 · ✔ 받음 2 → 「2줄 받음(9/16) · 저장했습니다」 · 학생·학생둘 받음 · 받은 날 2026-09-16 · 안 받음 0 · 0원 · 띠 사라짐 · 금액 없음 4 그대로 · 단가 줄 새로 없음
   ✅ 엑셀로 · /api/ops/fee 가 xlsx 를 준다(200 · spreadsheet · fee-2026-09.xlsx) · 달이 아니면 400
■ (어56) 숙제 배정은 글이 아니라 교재 › 단원 × 루틴 활동(원장님 2026-09-16 「숙제주기를 텍스트로 주면 루틴이 안 먹잖아. 밑에 숙제배정과 같은 방식으로 배정하도록 모달을 띄우게해. 숙제가 잘못나갔거나 고쳐야할수 있어서 필수 핵심기능중하나야」 · 답 「a인데 필요시 추가도 가능하게」)
   ✅ 숙제 0 인 아이 줄이 있다(등록 전환한 zz_문의_아이 · 판만 서고 루틴이 아직 안 깔려 0·0)
   ✅ 숙제 칸에 「+ 숙제 배정」 단추 하나 · 그 밖에 양식 둘(학원/집)은 「+ 항목」 안에 접혀 있다((어24) · 페이지가 안 늘었다)
   ✅ 배정 모달 · 집이 눌려 있다 · 교재 고르개 · 단원 목록 · **그 자리 루틴 활동이 전부 체크된 채**(답 ⓐ) · 진도 다음 단원 하나가 체크된 채 · 단추는 「N줄 배정」
   ✅ (자) 모달 give · 폰에서 화면 너비 안 · 머리 알약이 닫기 단추와 안 겹친다(02c 요일 알약 · 방식 고치기 교재 알약이 잘렸었다 · .mdl 없으면 건너뜀)
   ✅ 활동 하나를 풀면 줄 수가 준다(전부 깔고 뺄 것만 푼다)
   ✅ 배정하면 루틴 줄은 **교재 줄**로 서고(item_id·unit_id 가 붙어 day-plan bookLine 이 잡는다 · 그 교재가 보류면 (어57) 목록으로 내려간다) 글 한 줄만 「그 밖에 · 집」에 · 머리 알약 「학원 0 · 숙제 3」
   ✅ 다시 열면 **오늘 나간 그대로** 체크되어 열린다(잘못 나간 숙제를 고치는 자리 · 원장님 「숙제가 잘못나갔거나 고쳐야할수 있어서」)
   ✅ 체크를 풀면 그 줄이 내려간다(지우지 않는다 · 대전제-6) · 숙제 2 · 「+ 항목」 안 「뺀 줄」에 남아 복구된다
   ✅ (어59) 검사에서 연 배정 · 제목 「검사할 숙제 배정」 · 세그는 「지난 숙제」 하나(집·학원 없음) · 단원 머리 📕 와 활동 머리 ✓ 로 갈렸다(원장님 「학습항목과 단원이 구별이 안되는점」)
   ✅ (어59) 이미 끝낸 단원은 「다 함」으로 표시되고 안 한 단원이 먼저(원장님 「이미 완료된 부분이 표시안되는점」)
   ✅ (어62) 대단원 고르개(한 번에 한 대단원) 대신 **대단원 머리 + 소단원**이 한 목록에 · 교재 단원이 전부 보인다
   ✅ (어62) 체크가 거짓말하지 않는다 — 체크가 있어도 판에 안 들어갔으면 「아직 안 나감」
   ✅ (어62) 대단원 머리의 「전체」로 그 대단원을 한 번에 켠다(여러 대단원에서 골라 배정)
   ✅ (어62) 한 번 더 누르면 **그 대단원만** 꺼진다(다른 대단원은 그대로)
   ✅ (어63) 배정 창에서 단원의 진도를 **그 자리에서** 고친다(창을 안 떠난다 · 손은 02b 진도 체크와 같은 것)
   ✅ (어63) 눌린 것이 **색으로 보인다**(CSS 열쇠가 어긋나면 안 보인다 · (어23) 과 같은 종류)
   ✅ (어63) 새로고침해도 그대로 · 진도가 진짜 저장됐다
   ✅ (어63) 되돌려도 그 자리에서 바뀐다(양쪽 다) · 씨앗 진도를 제자리로
   ✅ (어59)(어60) 검사 줄 2개가 **그 자리에서 ○△✕ 할 줄로 선다**(원장님 9/16 「숙제검사에서 배정한 지난시간 숙제가 검사할 것으로 떠야하는데 안뜸」 — 교재가 보류라도 접지 않는다) · **오늘 낼 숙제 수는 안 는다**(집에 가서 해올 것이 아니다)
■ (어15) 카드 차례를 끌어서 · 01 판 · 14 학생(원장님 2026-09-14 「차례를 바꾸고 싶으면 드래그로 바꿀 수 있게 하면 될거같은데」) · 기본은 생각의 흐름 · 바꾸면 그 사람 것(screen_pref · 사람마다)
   ✅ 01 판 카드 셋 · 기본 차례 check → work → comment(🗺·🌙 는 오늘 학습 안 접이 · (어24)) · 번호 1 · 2 · 3 은 앞 둘에
   ✅ ⇅ 판에서 「부모님께 나갈 글」 ⠿ 를 맨 위로 끌면 첫 줄(PC · 마우스 · 저장 전)
   ✅ 저장 → 판이 그 차례로 선다. 글이 맨 앞 · 번호는 선 자리 순(검사 1 · 학습 2 · 숙제 3 · 글엔 번호가 없다) · 저장줄은 여전히 판 끝
   ✅ 다시 열어도 그 차례(screen_pref today · 원장 제 것 · 아이마다가 아니라 사람마다)
   ✅ 14 학생 · 카드 열 둘 · 기본 차례(교재 → 🃏 → 진도 체크 → 성적 → 출결 | 영상 → 자료 → 단원평가 → 지나온 것 → 상담) · 앞 절반이 왼쪽
   ✅ ⇅ 판에서 「상담」 ⠿ 를 맨 위로(마지막 줄을 첫 줄로)
   ✅ 저장 → 상담이 왼쪽 열 맨 위 · 나머지는 그 차례대로 절반씩(screen_pref student)
■ (어17) 아이 화면 PC 최대 너비 · 원장님 9/14 「아이들 화면을 원내에서도 접속시켜서 pc에서는 최대너비로 보이게, 폰에서는 한줄로 보이게」 · 👁 로 연 /me
   ✅ PC 1280 · 틀이 화면 폭까지(1280px > 1000 · 최대 1400) · 카드 두 열(column-count 2) · 차례는 DOM 그대로
   ✅ 폰 390 · 한 줄(column-count auto)
   ✅ 달력 PC · 달력 왼쪽 · 그날 카드 오른쪽(grid 두 열)
■ (어28)-② 01 「전체」 → 「마감 N」 · 판 있는 줄만 · 마감된 줄은 네모가 잠긴다
   ✅ 「전체」 → 띠 「고른 1명」(마감 안 한 줄만) · 「마감 M」은 판 있는 줄 수 · 마감된 줄의 네모는 잠김
   ✅ 「마감 M」 → 판 있던 줄 M개가 닫힌다(저장된 글 그대로 · 판 없는 줄은 그대로 열림) · 띠 사라짐
■ (어28)-③ 시험 06b · 업무 05 · 자료실 20 · 영상 19 · 고르기 → 한 번에(끝에서 · 뒤 걷기가 없다)
   ✅ 06b 「전체」 → 띠 「고른 N개」 · 🙈 숨기기 3(학교 시험) · 👁 복구 0 · 📡 봤음(바뀐 것만)
   ✅ 숨기기 → 학교 시험 카드 0 · 「🙈 숨긴 시험 3」 · 지우지 않았다
   ✅ 숨긴 시험 줄 3 에도 네모 · 「전체」 → 👁 복구 3
   ✅ 복구 → 학교 시험 카드 3 로 돌아온다
   ✅ 05 업무 줄 카드에 네모(자료 단계 카드엔 없다) · 고르면 띠 「고른 1개」 · ✓ 완료 1 · ↩ 되돌리기 0 · 📅 미루기 · 내림 1
   ✅ ✓ 완료 → 「zz_클카 문장훈련」 가 ✓ 끝냄 그룹으로
   ✅ ↩ 되돌리기 → 「zz_클카 문장훈련」 가 칸으로 돌아온다
   ✅ 20 올린 기록 안 파일에도 네모 · 고르면 띠 「고른 1개」 · 유형 여섯 단추
   ✅ 유형 「수업자료」 로 한 번에 → 「1개를 「수업자료」 로 넣었습니다」 · 올린 기록에 수업자료
   ✅ 19 「전체」 → 📁 옮기기 zz_한곳 → 폴더 머리 하나 「zz_한곳 1개」
   ✅ 삭제 1 → 살아 있는 카드 0 · 삭제한 영상 2(지우지 않는다)
   ✅ 복구 → 살아 있는 카드 2
■ (어28)-④ 단원 15 · 루틴 11 · 학교 06b/12b · 성적 16 · 반 · 상담 18 · 공지 · 고르기 → 한 번에(끝에서 · 뒤 걷기가 없다) · ⑤ 발송 10 은 같은 부품
   ✅ 15 단원 표 머리 「전체」 → 띠 「고른 7단원」 · 숨기기 7 · 복구 7
   ✅ 숨기기 → 단원 줄 7 모두 hidden(흐리게 · 지우지 않았다) · 「7단원을 숨겼습니다 …」
   ✅ 복구 → active 7
   ✅ 11 학원 기본 줄에 네모 · 머리 「전체」 · 고르면 띠 「고른 1줄」 · 필수 켬 1 · 필수 끔 1 · 삭제 1
   ✅ 필수 끔 → 그 줄 「필수」 꼬리표 꺼짐(setLine 한 벌 · 띠는 비워진다)
   ✅ 다시 돌려놓는다(원래 값)
   ✅ 🏫 학교 줄에 네모 · 머리 「전체」 · 새로 넣은 zz_고른_고등학교 를 고르면 띠 「고른 1곳」 · 닫기 1 (3곳)
   ✅ 닫기(묻고 · Sure) → 2곳 · 띠 사라짐(지우지 않는다 · 같은 이름을 넣으면 되살아난다)
   ✅ 16 성적 줄에 네모(넣은 줄만 · 안 넣은 줄은 잠김) · 고르면 띠 「고른 1줄」 · ✓ 확인 1 · 확인 풀기 1 (지금 confirmed)
   ✅ 한 번에 확인 풀기 → pending
   ✅ 다시 돌려놓는다 → confirmed
   ✅ 반 · 명단 아이에 네모 → 띠 「고른 1줄」 · 명단 빼기 1 · 반 닫기 0(잠김)
   ✅ 명단 빼기 → 0명(오늘부터 · 줄은 어제까지로 남는다)
   ✅ 반 줄 네모 → 반 닫기 1 · 명단 빼기 0(잠김) · 머리 「전체」
   ✅ 반 닫기(묻고) → 반 2(닫은 반으로 · 지우지 않는다)
   ✅ 18 카드에 네모(등록된 장은 잠김) · 고르면 띠 「고른 1장」 · 단계 세그 넷(등록은 「등록 전환」으로만) · 📨 안내 1 (지금 new)
   ✅ 단계 「상담 잡힘」 → 그 칸으로
   ✅ 다시 「🔥 오늘 답할 것」 로 돌려놓는다
   ✅ 공지 카드에 네모(보낸 것은 잠김) · 머리 「전체」 · 고르면 띠 「고른 1개」 · 📨 보내기 1
   ✅ 보내기(묻고) → 「공지 1개 · N명에게 보냈습니다. 🧪 리허설(off) …」 · 보냄 2
   ✅ 10 발송의 고르기도 같은 부품 · 「이 목록 전체」·「전체 선택」= PickAll 둘 · 줄 네모 data-g=pick · 「선택 N건」은 셈 그대로
■ (어36) 계정만 있고 사람 줄이 없는 아이디 · 첫 화면이 잇는 길을 말한다 · 14 에서 그 아이디로 발급하면 잇는다(비밀번호 그대로) · 원장님 9/15 「학생페이지들어가면이래」
   ✅ 아이디만 있고 사람 줄이 없는 chloe9837 로 들어가면 첫 화면에 「아직 학원에 이어지지 않은 아이디」 카드 · 아이디 · 길(학생 14 → 계정) · 로그아웃 단추 · 꼬리 도메인 없음
   ✅ (어46) 발급 전 머리 알약 「앱 계정 없음」(빨강 · 원장님 9/16 「학생어플에 연결안됐다고함」) · 🔑 계정 칸엔 chloe+폰 뒤 4자리가 미리 채워져 있다 · 단추 「… 발급」
   ✅ (어46) 🃏 클래스카드 칸에 앱 아이디(chloe…)를 넣으면 막고 길을 말한다(원장님이 9/16 에 여기에 적으셨다) · 🃏 카드에 한 줄 안내
   ✅ 학생셋에게 아이디 chloe9837 로 발급 → 「이미 있던 계정 chloe9837 을 이었습니다 · 비밀번호는 그대로」 · 계정 줄 「아이디 chloe9837 · 이어진 계정(비밀번호는 그대로)」
   ✅ (어46) 발급 뒤 머리 알약 「🔑 chloe9837」 · 「앱 계정 없음」 사라짐
   ✅ 그 아이가 다시 열면 제 화면(/me · 비밀번호 그대로 · 바꾸라고 안 묻는다) · 이름 zz_시험_학생셋
■ (어54) + 학생에 전화번호가 있으면 앱 계정이 같이 난다(원장님 2026-09-16 「학생 추가하면 전화번호있으면 바로 로그인정보 함께 생성되고 로그인 가능하게해줘 계속안돼」)
   ✅ 전화를 적고 저장하면 그 자리에서 「✓ 아이디 chloe9182 · 첫 비밀번호 0000」(따로 발급을 안 누른다)
   ✅ 그 아이 머리에 🔑 아이디 알약 · 「앱 계정 없음」 0
   ✅ 그 아이디로 바로 들어가진다(0000 · 「아직 학원에 이어지지 않은 아이디」 카드 0)
■ (어41) 14 교재 진도 머리 「+ 교재 배정」 → 같은 모달 · 고르기 한 벌(여러 권 한 번에) · 배정하면 그 자리에 줄이 선다(학생셋 · 교재 0 → 2)
   ✅ (자) 모달 17-assign · 폰에서 화면 너비 안 · 머리 알약이 닫기 단추와 안 겹친다(02c 요일 알약 · 방식 고치기 교재 알약이 잘렸었다 · .mdl 없으면 건너뜀)
   ✅ 14 「+ 교재 배정」 → 모달 · 학생셋은 교재 0 · 「배정된 교재 없음」 · 배정 안 된 교재 = 살아 있는 교재 전부(문법책 · 독해책 · 걷기가 만든 zz_새 교재 = 3권 · 다 진도 없음 📕) · 고르기 전엔 「배정」 잠김
   ✅ 고르기 한 벌 · 네모 하나 → 줄 on 1 · 「배정」 열림 · 「전체」 → 다 on · 단추 「배정 3권」
   ✅ 배정 → 모달 닫힘 · 주소 그대로(/ops/students) · 교재 진도 0 → 3(문법책 · 독해책 · … · 오늘부터 · 루틴 11 과 같은 손 assignBook)
   ✅ 화면 안 JS 오류 0 · 0

■ 오늘 수업 걷기 736건 · 실패 0
✓ PC 1280 http://127.0.0.1:3300/login · 단추 보통 없음 · 단추 작은 28×18 · ○△✕ 없음 · 스테퍼 없음 · 입력칸 없음 · 점수칸 없음 · 넘침 0 · 겹침 0
✓ 폰 390 http://127.0.0.1:3300/login · 단추 보통 없음 · 단추 작은 28×18 · ○△✕ 없음 · 스테퍼 없음 · 입력칸 없음 · 점수칸 없음 · 넘침 0 · 겹침 0
✓ PC 1280 http://127.0.0.1:3300/ · 단추 보통 없음 · 단추 작은 28×18 · ○△✕ 없음 · 스테퍼 없음 · 입력칸 없음 · 점수칸 없음 · 넘침 0 · 겹침 0
✓ 폰 390 http://127.0.0.1:3300/ · 단추 보통 없음 · 단추 작은 28×18 · ○△✕ 없음 · 스테퍼 없음 · 입력칸 없음 · 점수칸 없음 · 넘침 0 · 겹침 0
✓ PC 1280 http://127.0.0.1:3300/settings · 단추 보통 없음 · 단추 작은 28×8 · ○△✕ 없음 · 스테퍼 없음 · 입력칸 없음 · 점수칸 없음 · 넘침 0 · 겹침 0
✓ 폰 390 http://127.0.0.1:3300/settings · 단추 보통 없음 · 단추 작은 28×8 · ○△✕ 없음 · 스테퍼 없음 · 입력칸 없음 · 점수칸 없음 · 넘침 0 · 겹침 0
✓ PC 1280 http://127.0.0.1:3300/settings/access · 단추 보통 없음 · 단추 작은 28×1 · ○△✕ 없음 · 스테퍼 없음 · 입력칸 없음 · 점수칸 없음 · 넘침 0 · 겹침 0
✓ 폰 390 http://127.0.0.1:3300/settings/access · 단추 보통 없음 · 단추 작은 28×1 · ○△✕ 없음 · 스테퍼 없음 · 입력칸 없음 · 점수칸 없음 · 넘침 0 · 겹침 0
✓ PC 1280 http://127.0.0.1:3300/today · 단추 보통 없음 · 단추 작은 28×6 · ○△✕ 없음 · 스테퍼 없음 · 입력칸 없음 · 점수칸 없음 · 넘침 0 · 겹침 0
✓ 폰 390 http://127.0.0.1:3300/today · 단추 보통 없음 · 단추 작은 28×6 · ○△✕ 없음 · 스테퍼 없음 · 입력칸 없음 · 점수칸 없음 · 넘침 0 · 겹침 0
✓ PC 1280 http://127.0.0.1:3300/send · 단추 보통 36×2 · 단추 작은 28×17 · ○△✕ 없음 · 스테퍼 없음 · 입력칸 없음 · 점수칸 없음 · 넘침 0 · 겹침 0
✓ 폰 390 http://127.0.0.1:3300/send · 단추 보통 36×2 · 단추 작은 28×17 · ○△✕ 없음 · 스테퍼 없음 · 입력칸 없음 · 점수칸 없음 · 넘침 0 · 겹침 0
✓ PC 1280 http://127.0.0.1:3300/send/monthly · 단추 보통 없음 · 단추 작은 28×20 · ○△✕ 없음 · 스테퍼 없음 · 입력칸 없음 · 점수칸 없음 · 넘침 0 · 겹침 0
✓ 폰 390 http://127.0.0.1:3300/send/monthly · 단추 보통 없음 · 단추 작은 28×20 · ○△✕ 없음 · 스테퍼 없음 · 입력칸 없음 · 점수칸 없음 · 넘침 0 · 겹침 0
✓ PC 1280 http://127.0.0.1:3300/send/notice · 단추 보통 없음 · 단추 작은 28×3 · ○△✕ 없음 · 스테퍼 없음 · 입력칸 없음 · 점수칸 없음 · 넘침 0 · 겹침 0
✓ 폰 390 http://127.0.0.1:3300/send/notice · 단추 보통 없음 · 단추 작은 28×3 · ○△✕ 없음 · 스테퍼 없음 · 입력칸 없음 · 점수칸 없음 · 넘침 0 · 겹침 0
✓ PC 1280 http://127.0.0.1:3300/schedule/classes · 단추 보통 없음 · 단추 작은 28×6 · ○△✕ 없음 · 스테퍼 없음 · 입력칸 없음 · 점수칸 없음 · 넘침 0 · 겹침 0
✓ 폰 390 http://127.0.0.1:3300/schedule/classes · 단추 보통 없음 · 단추 작은 28×6 · ○△✕ 없음 · 스테퍼 없음 · 입력칸 없음 · 점수칸 없음 · 넘침 0 · 겹침 0
✓ PC 1280 http://127.0.0.1:3300/settings/routine · 단추 보통 없음 · 단추 작은 28×46 · ○△✕ 없음 · 스테퍼 36×1 · 입력칸 없음 · 점수칸 없음 · 넘침 0 · 겹침 0
✓ 폰 390 http://127.0.0.1:3300/settings/routine · 단추 보통 없음 · 단추 작은 28×46 · ○△✕ 없음 · 스테퍼 36×1 · 입력칸 없음 · 점수칸 없음 · 넘침 0 · 겹침 0
✓ PC 1280 http://127.0.0.1:3300/schedule · 단추 보통 없음 · 단추 작은 28×20 · ○△✕ 없음 · 스테퍼 없음 · 입력칸 없음 · 점수칸 없음 · 넘침 0 · 겹침 0
✓ 폰 390 http://127.0.0.1:3300/schedule · 단추 보통 없음 · 단추 작은 28×20 · ○△✕ 없음 · 스테퍼 없음 · 입력칸 없음 · 점수칸 없음 · 넘침 0 · 겹침 0
✓ PC 1280 http://127.0.0.1:3300/schedule/import · 단추 보통 없음 · 단추 작은 28×14 · ○△✕ 없음 · 스테퍼 없음 · 입력칸 없음 · 점수칸 없음 · 넘침 0 · 겹침 0
✓ 폰 390 http://127.0.0.1:3300/schedule/import · 단추 보통 없음 · 단추 작은 28×14 · ○△✕ 없음 · 스테퍼 없음 · 입력칸 없음 · 점수칸 없음 · 넘침 0 · 겹침 0
✓ PC 1280 http://127.0.0.1:3300/schedule/exams · 단추 보통 없음 · 단추 작은 28×41 · ○△✕ 없음 · 스테퍼 없음 · 입력칸 없음 · 점수칸 없음 · 넘침 0 · 겹침 0
✓ 폰 390 http://127.0.0.1:3300/schedule/exams · 단추 보통 없음 · 단추 작은 28×41 · ○△✕ 없음 · 스테퍼 없음 · 입력칸 없음 · 점수칸 없음 · 넘침 0 · 겹침 0
✓ PC 1280 http://127.0.0.1:3300/scores · 단추 보통 36×1 · 단추 작은 28×13 · ○△✕ 없음 · 스테퍼 없음 · 입력칸 없음 · 점수칸 36×2 · 넘침 0 · 겹침 0
✓ 폰 390 http://127.0.0.1:3300/scores · 단추 보통 36×1 · 단추 작은 28×13 · ○△✕ 없음 · 스테퍼 없음 · 입력칸 없음 · 점수칸 36×2 · 넘침 0 · 겹침 0
✓ PC 1280 http://127.0.0.1:3300/books · 단추 보통 없음 · 단추 작은 28×13 · ○△✕ 없음 · 스테퍼 없음 · 입력칸 없음 · 점수칸 36×2 · 넘침 0 · 겹침 0
✓ 폰 390 http://127.0.0.1:3300/books · 단추 보통 없음 · 단추 작은 28×13 · ○△✕ 없음 · 스테퍼 없음 · 입력칸 없음 · 점수칸 36×2 · 넘침 0 · 겹침 0
✓ PC 1280 http://127.0.0.1:3300/ops · 단추 보통 없음 · 단추 작은 28×10 · ○△✕ 없음 · 스테퍼 없음 · 입력칸 36×1 · 점수칸 없음 · 넘침 0 · 겹침 0
✓ 폰 390 http://127.0.0.1:3300/ops · 단추 보통 없음 · 단추 작은 28×10 · ○△✕ 없음 · 스테퍼 없음 · 입력칸 36×1 · 점수칸 없음 · 넘침 0 · 겹침 0
✓ PC 1280 http://127.0.0.1:3300/schedule/todo · 단추 보통 없음 · 단추 작은 28×39 · ○△✕ 없음 · 스테퍼 없음 · 입력칸 없음 · 점수칸 없음 · 넘침 0 · 겹침 0
✓ 폰 390 http://127.0.0.1:3300/schedule/todo · 단추 보통 없음 · 단추 작은 28×39 · ○△✕ 없음 · 스테퍼 없음 · 입력칸 없음 · 점수칸 없음 · 넘침 0 · 겹침 0
✓ PC 1280 http://127.0.0.1:3300/schedule/exams/prep · 단추 보통 없음 · 단추 작은 28×4 · ○△✕ 없음 · 스테퍼 없음 · 입력칸 없음 · 점수칸 없음 · 넘침 0 · 겹침 0
✓ 폰 390 http://127.0.0.1:3300/schedule/exams/prep · 단추 보통 없음 · 단추 작은 28×4 · ○△✕ 없음 · 스테퍼 없음 · 입력칸 없음 · 점수칸 없음 · 넘침 0 · 겹침 0
✓ PC 1280 http://127.0.0.1:3300/settings/progress · 단추 보통 없음 · 단추 작은 28×4 · ○△✕ 없음 · 스테퍼 없음 · 입력칸 없음 · 점수칸 없음 · 넘침 0 · 겹침 0
✓ 폰 390 http://127.0.0.1:3300/settings/progress · 단추 보통 없음 · 단추 작은 28×4 · ○△✕ 없음 · 스테퍼 없음 · 입력칸 없음 · 점수칸 없음 · 넘침 0 · 겹침 0
✓ PC 1280 http://127.0.0.1:3300/schedule/grid · 단추 보통 없음 · 단추 작은 28×7 · ○△✕ 없음 · 스테퍼 없음 · 입력칸 36×2 · 점수칸 없음 · 넘침 0 · 겹침 0
✓ 폰 390 http://127.0.0.1:3300/schedule/grid · 단추 보통 없음 · 단추 작은 28×7 · ○△✕ 없음 · 스테퍼 없음 · 입력칸 36×2 · 점수칸 없음 · 넘침 0 · 겹침 0
✓ PC 1280 http://127.0.0.1:3300/ops/students · 단추 보통 없음 · 단추 작은 28×10 · ○△✕ 없음 · 스테퍼 없음 · 입력칸 36×1 · 점수칸 없음 · 넘침 0 · 겹침 0
✓ 폰 390 http://127.0.0.1:3300/ops/students · 단추 보통 없음 · 단추 작은 28×10 · ○△✕ 없음 · 스테퍼 없음 · 입력칸 36×1 · 점수칸 없음 · 넘침 0 · 겹침 0
✓ PC 1280 http://127.0.0.1:3300/ops/students?v=fee · 단추 보통 36×2 · 단추 작은 28×6 · ○△✕ 없음 · 스테퍼 없음 · 입력칸 36×7 · 점수칸 없음 · 넘침 0 · 겹침 0
✓ 폰 390 http://127.0.0.1:3300/ops/students?v=fee · 단추 보통 36×2 · 단추 작은 28×6 · ○△✕ 없음 · 스테퍼 없음 · 입력칸 36×7 · 점수칸 없음 · 넘침 0 · 겹침 0
✓ PC 1280 http://127.0.0.1:3300/ops/inquiry · 단추 보통 없음 · 단추 작은 28×7 · ○△✕ 없음 · 스테퍼 없음 · 입력칸 없음 · 점수칸 없음 · 넘침 0 · 겹침 0
✓ 폰 390 http://127.0.0.1:3300/ops/inquiry · 단추 보통 없음 · 단추 작은 28×7 · ○△✕ 없음 · 스테퍼 없음 · 입력칸 없음 · 점수칸 없음 · 넘침 0 · 겹침 0
✓ PC 1280 http://127.0.0.1:3300/ops/files · 단추 보통 없음 · 단추 작은 28×3 · ○△✕ 없음 · 스테퍼 없음 · 입력칸 36×1 · 점수칸 없음 · 넘침 0 · 겹침 0
✓ 폰 390 http://127.0.0.1:3300/ops/files · 단추 보통 없음 · 단추 작은 28×3 · ○△✕ 없음 · 스테퍼 없음 · 입력칸 36×1 · 점수칸 없음 · 넘침 0 · 겹침 0
✓ PC 1280 http://127.0.0.1:3300/books/videos · 단추 보통 없음 · 단추 작은 28×15 · ○△✕ 없음 · 스테퍼 없음 · 입력칸 없음 · 점수칸 없음 · 넘침 0 · 겹침 0
✓ 폰 390 http://127.0.0.1:3300/books/videos · 단추 보통 없음 · 단추 작은 28×15 · ○△✕ 없음 · 스테퍼 없음 · 입력칸 없음 · 점수칸 없음 · 넘침 0 · 겹침 0
check-sizes ✓ 높이 한 벌 · 넘침 0 · 글씨>상자 0 · 겹침 0 · 세로 글자 0 · 눌린 입력칸 0
✓ PC 1280 http://127.0.0.1:3300/login · Noto Sans KR 100개 · 본문 15 · 입력칸 없음
✓ 폰 390 http://127.0.0.1:3300/login · Noto Sans KR 100개 · 본문 16 · 입력칸 없음
✓ PC 1280 http://127.0.0.1:3300/ · Noto Sans KR 100개 · 본문 15 · 입력칸 없음
✓ 폰 390 http://127.0.0.1:3300/ · Noto Sans KR 100개 · 본문 16 · 입력칸 없음
✓ PC 1280 http://127.0.0.1:3300/settings · Noto Sans KR 63개 · 본문 15 · 입력칸 15
✓ 폰 390 http://127.0.0.1:3300/settings · Noto Sans KR 63개 · 본문 16 · 입력칸 16
✓ PC 1280 http://127.0.0.1:3300/settings/access · Noto Sans KR 164개 · 본문 15 · 입력칸 없음
✓ 폰 390 http://127.0.0.1:3300/settings/access · Noto Sans KR 164개 · 본문 16 · 입력칸 없음
✓ PC 1280 http://127.0.0.1:3300/today · Noto Sans KR 79개 · 본문 15 · 입력칸 15
✓ 폰 390 http://127.0.0.1:3300/today · Noto Sans KR 79개 · 본문 16 · 입력칸 16
✓ PC 1280 http://127.0.0.1:3300/send · Noto Sans KR 261개 · 본문 15 · 입력칸 없음
✓ 폰 390 http://127.0.0.1:3300/send · Noto Sans KR 261개 · 본문 16 · 입력칸 없음
✓ PC 1280 http://127.0.0.1:3300/send/monthly · Noto Sans KR 97개 · 본문 15 · 입력칸 15
✓ 폰 390 http://127.0.0.1:3300/send/monthly · Noto Sans KR 97개 · 본문 16 · 입력칸 16
✓ PC 1280 http://127.0.0.1:3300/send/notice · Noto Sans KR 34개 · 본문 15 · 입력칸 없음
✓ 폰 390 http://127.0.0.1:3300/send/notice · Noto Sans KR 34개 · 본문 16 · 입력칸 없음
✓ PC 1280 http://127.0.0.1:3300/schedule/classes · Noto Sans KR 34개 · 본문 15 · 입력칸 없음
✓ 폰 390 http://127.0.0.1:3300/schedule/classes · Noto Sans KR 34개 · 본문 16 · 입력칸 없음
✓ PC 1280 http://127.0.0.1:3300/settings/routine · Noto Sans KR 241개 · 본문 15 · 입력칸 15
✓ 폰 390 http://127.0.0.1:3300/settings/routine · Noto Sans KR 241개 · 본문 16 · 입력칸 16
✓ PC 1280 http://127.0.0.1:3300/schedule · Noto Sans KR 154개 · 본문 15 · 입력칸 15
✓ 폰 390 http://127.0.0.1:3300/schedule · Noto Sans KR 154개 · 본문 16 · 입력칸 16
✓ PC 1280 http://127.0.0.1:3300/schedule/import · Noto Sans KR 75개 · 본문 15 · 입력칸 15
✓ 폰 390 http://127.0.0.1:3300/schedule/import · Noto Sans KR 75개 · 본문 16 · 입력칸 16
✓ PC 1280 http://127.0.0.1:3300/schedule/exams · Noto Sans KR 187개 · 본문 15 · 입력칸 15
✓ 폰 390 http://127.0.0.1:3300/schedule/exams · Noto Sans KR 187개 · 본문 16 · 입력칸 16
✓ PC 1280 http://127.0.0.1:3300/scores · Noto Sans KR 68개 · 본문 15 · 입력칸 15
✓ 폰 390 http://127.0.0.1:3300/scores · Noto Sans KR 68개 · 본문 16 · 입력칸 16
✓ PC 1280 http://127.0.0.1:3300/books · Noto Sans KR 134개 · 본문 15 · 입력칸 15
✓ 폰 390 http://127.0.0.1:3300/books · Noto Sans KR 134개 · 본문 16 · 입력칸 16
✓ PC 1280 http://127.0.0.1:3300/ops · Noto Sans KR 60개 · 본문 15 · 입력칸 15
✓ 폰 390 http://127.0.0.1:3300/ops · Noto Sans KR 60개 · 본문 16 · 입력칸 16
✓ PC 1280 http://127.0.0.1:3300/schedule/todo · Noto Sans KR 306개 · 본문 15 · 입력칸 15
✓ 폰 390 http://127.0.0.1:3300/schedule/todo · Noto Sans KR 306개 · 본문 16 · 입력칸 16
✓ PC 1280 http://127.0.0.1:3300/schedule/exams/prep · Noto Sans KR 24개 · 본문 15 · 입력칸 15
✓ 폰 390 http://127.0.0.1:3300/schedule/exams/prep · Noto Sans KR 24개 · 본문 16 · 입력칸 16
✓ PC 1280 http://127.0.0.1:3300/settings/progress · Noto Sans KR 80개 · 본문 15 · 입력칸 없음
✓ 폰 390 http://127.0.0.1:3300/settings/progress · Noto Sans KR 80개 · 본문 16 · 입력칸 없음
✓ PC 1280 http://127.0.0.1:3300/schedule/grid · Noto Sans KR 64개 · 본문 15 · 입력칸 15
✓ 폰 390 http://127.0.0.1:3300/schedule/grid · Noto Sans KR 64개 · 본문 16 · 입력칸 16
✓ PC 1280 http://127.0.0.1:3300/ops/students · Noto Sans KR 60개 · 본문 15 · 입력칸 15
✓ 폰 390 http://127.0.0.1:3300/ops/students · Noto Sans KR 60개 · 본문 16 · 입력칸 16
✓ PC 1280 http://127.0.0.1:3300/ops/students?v=fee · Noto Sans KR 121개 · 본문 15 · 입력칸 15
✓ 폰 390 http://127.0.0.1:3300/ops/students?v=fee · Noto Sans KR 121개 · 본문 16 · 입력칸 16
✓ PC 1280 http://127.0.0.1:3300/ops/inquiry · Noto Sans KR 56개 · 본문 15 · 입력칸 15
✓ 폰 390 http://127.0.0.1:3300/ops/inquiry · Noto Sans KR 56개 · 본문 16 · 입력칸 16
✓ PC 1280 http://127.0.0.1:3300/ops/files · Noto Sans KR 52개 · 본문 15 · 입력칸 15
✓ 폰 390 http://127.0.0.1:3300/ops/files · Noto Sans KR 52개 · 본문 16 · 입력칸 16
✓ PC 1280 http://127.0.0.1:3300/books/videos · Noto Sans KR 56개 · 본문 15 · 입력칸 15
✓ 폰 390 http://127.0.0.1:3300/books/videos · Noto Sans KR 56개 · 본문 16 · 입력칸 16
check-fonts ✓ 글꼴 1 · 크기 열 단계 안 · 입력칸 = 본문
✓ 기본·밝음 글씨 100 · 4.5 아래 0 · 넉넉하지 않은 것(4.5~7) 12 · 갈색 0
✓ paper·밝음 글씨 100 · 4.5 아래 0 · 넉넉하지 않은 것(4.5~7) 9 · 갈색 0
✓ bright·밝음 글씨 100 · 4.5 아래 0 · 넉넉하지 않은 것(4.5~7) 8 · 갈색 0
✓ ink·밝음 글씨 100 · 4.5 아래 0 · 넉넉하지 않은 것(4.5~7) 6 · 갈색 0
✓ warm·밝음 글씨 100 · 4.5 아래 0 · 넉넉하지 않은 것(4.5~7) 6 · 갈색 0
✓ 기본·어두움 글씨 100 · 4.5 아래 0 · 넉넉하지 않은 것(4.5~7) 6 · 갈색 0
✓ paper·어두움 글씨 100 · 4.5 아래 0 · 넉넉하지 않은 것(4.5~7) 6 · 갈색 0
✓ bright·어두움 글씨 100 · 4.5 아래 0 · 넉넉하지 않은 것(4.5~7) 6 · 갈색 0
✓ ink·어두움 글씨 100 · 4.5 아래 0 · 넉넉하지 않은 것(4.5~7) 6 · 갈색 0
✓ warm·어두움 글씨 100 · 4.5 아래 0 · 넉넉하지 않은 것(4.5~7) 6 · 갈색 0
✓ 기본·밝음 글씨 100 · 4.5 아래 0 · 넉넉하지 않은 것(4.5~7) 12 · 갈색 0
✓ paper·밝음 글씨 100 · 4.5 아래 0 · 넉넉하지 않은 것(4.5~7) 9 · 갈색 0
✓ bright·밝음 글씨 100 · 4.5 아래 0 · 넉넉하지 않은 것(4.5~7) 8 · 갈색 0
✓ ink·밝음 글씨 100 · 4.5 아래 0 · 넉넉하지 않은 것(4.5~7) 6 · 갈색 0
✓ warm·밝음 글씨 100 · 4.5 아래 0 · 넉넉하지 않은 것(4.5~7) 6 · 갈색 0
✓ 기본·어두움 글씨 100 · 4.5 아래 0 · 넉넉하지 않은 것(4.5~7) 6 · 갈색 0
✓ paper·어두움 글씨 100 · 4.5 아래 0 · 넉넉하지 않은 것(4.5~7) 6 · 갈색 0
✓ bright·어두움 글씨 100 · 4.5 아래 0 · 넉넉하지 않은 것(4.5~7) 6 · 갈색 0
✓ ink·어두움 글씨 100 · 4.5 아래 0 · 넉넉하지 않은 것(4.5~7) 6 · 갈색 0
✓ warm·어두움 글씨 100 · 4.5 아래 0 · 넉넉하지 않은 것(4.5~7) 6 · 갈색 0
✓ 기본·밝음 글씨 62 · 4.5 아래 0 · 넉넉하지 않은 것(4.5~7) 6 · 갈색 0
✓ paper·밝음 글씨 62 · 4.5 아래 0 · 넉넉하지 않은 것(4.5~7) 4 · 갈색 0
✓ bright·밝음 글씨 62 · 4.5 아래 0 · 넉넉하지 않은 것(4.5~7) 3 · 갈색 0
✓ ink·밝음 글씨 62 · 4.5 아래 0 · 넉넉하지 않은 것(4.5~7) 4 · 갈색 0
✓ warm·밝음 글씨 62 · 4.5 아래 0 · 넉넉하지 않은 것(4.5~7) 4 · 갈색 0
✓ 기본·어두움 글씨 62 · 4.5 아래 0 · 넉넉하지 않은 것(4.5~7) 4 · 갈색 0
✓ paper·어두움 글씨 62 · 4.5 아래 0 · 넉넉하지 않은 것(4.5~7) 4 · 갈색 0
✓ bright·어두움 글씨 62 · 4.5 아래 0 · 넉넉하지 않은 것(4.5~7) 4 · 갈색 0
✓ ink·어두움 글씨 62 · 4.5 아래 0 · 넉넉하지 않은 것(4.5~7) 4 · 갈색 0
✓ warm·어두움 글씨 62 · 4.5 아래 0 · 넉넉하지 않은 것(4.5~7) 4 · 갈색 0
✓ 기본·밝음 글씨 164 · 4.5 아래 0 · 넉넉하지 않은 것(4.5~7) 5 · 갈색 0
✓ paper·밝음 글씨 164 · 4.5 아래 0 · 넉넉하지 않은 것(4.5~7) 4 · 갈색 0
✓ bright·밝음 글씨 164 · 4.5 아래 0 · 넉넉하지 않은 것(4.5~7) 3 · 갈색 0
✓ ink·밝음 글씨 164 · 4.5 아래 0 · 넉넉하지 않은 것(4.5~7) 1 · 갈색 0
✓ warm·밝음 글씨 164 · 4.5 아래 0 · 넉넉하지 않은 것(4.5~7) 2 · 갈색 0
✓ 기본·어두움 글씨 164 · 4.5 아래 0 · 넉넉하지 않은 것(4.5~7) 2 · 갈색 0
✓ paper·어두움 글씨 164 · 4.5 아래 0 · 넉넉하지 않은 것(4.5~7) 2 · 갈색 0
✓ bright·어두움 글씨 164 · 4.5 아래 0 · 넉넉하지 않은 것(4.5~7) 2 · 갈색 0
✓ ink·어두움 글씨 164 · 4.5 아래 0 · 넉넉하지 않은 것(4.5~7) 2 · 갈색 0
✓ warm·어두움 글씨 164 · 4.5 아래 0 · 넉넉하지 않은 것(4.5~7) 2 · 갈색 0
✓ 기본·밝음 글씨 73 · 4.5 아래 0 · 넉넉하지 않은 것(4.5~7) 8 · 갈색 0
✓ paper·밝음 글씨 73 · 4.5 아래 0 · 넉넉하지 않은 것(4.5~7) 4 · 갈색 0
✓ bright·밝음 글씨 73 · 4.5 아래 0 · 넉넉하지 않은 것(4.5~7) 3 · 갈색 0
✓ ink·밝음 글씨 73 · 4.5 아래 0 · 넉넉하지 않은 것(4.5~7) 5 · 갈색 0
✓ warm·밝음 글씨 73 · 4.5 아래 0 · 넉넉하지 않은 것(4.5~7) 6 · 갈색 0
✓ 기본·어두움 글씨 73 · 4.5 아래 0 · 넉넉하지 않은 것(4.5~7) 6 · 갈색 0
✓ paper·어두움 글씨 73 · 4.5 아래 0 · 넉넉하지 않은 것(4.5~7) 6 · 갈색 0
✓ bright·어두움 글씨 73 · 4.5 아래 0 · 넉넉하지 않은 것(4.5~7) 6 · 갈색 0
✓ ink·어두움 글씨 73 · 4.5 아래 0 · 넉넉하지 않은 것(4.5~7) 6 · 갈색 0
✓ warm·어두움 글씨 73 · 4.5 아래 0 · 넉넉하지 않은 것(4.5~7) 6 · 갈색 0
✓ 기본·밝음 글씨 139 · 4.5 아래 0 · 넉넉하지 않은 것(4.5~7) 14 · 갈색 0
✓ paper·밝음 글씨 139 · 4.5 아래 0 · 넉넉하지 않은 것(4.5~7) 10 · 갈색 0
✓ bright·밝음 글씨 139 · 4.5 아래 0 · 넉넉하지 않은 것(4.5~7) 7 · 갈색 0
✓ ink·밝음 글씨 139 · 4.5 아래 0 · 넉넉하지 않은 것(4.5~7) 10 · 갈색 0
✓ warm·밝음 글씨 139 · 4.5 아래 0 · 넉넉하지 않은 것(4.5~7) 10 · 갈색 0
✓ 기본·어두움 글씨 139 · 4.5 아래 0 · 넉넉하지 않은 것(4.5~7) 10 · 갈색 0
✓ paper·어두움 글씨 139 · 4.5 아래 0 · 넉넉하지 않은 것(4.5~7) 10 · 갈색 0
✓ bright·어두움 글씨 139 · 4.5 아래 0 · 넉넉하지 않은 것(4.5~7) 10 · 갈색 0
✓ ink·어두움 글씨 139 · 4.5 아래 0 · 넉넉하지 않은 것(4.5~7) 10 · 갈색 0
✓ warm·어두움 글씨 139 · 4.5 아래 0 · 넉넉하지 않은 것(4.5~7) 10 · 갈색 0
✓ 기본·밝음 글씨 91 · 4.5 아래 0 · 넉넉하지 않은 것(4.5~7) 6 · 갈색 0
✓ paper·밝음 글씨 91 · 4.5 아래 0 · 넉넉하지 않은 것(4.5~7) 4 · 갈색 0
✓ bright·밝음 글씨 91 · 4.5 아래 0 · 넉넉하지 않은 것(4.5~7) 4 · 갈색 0
✓ ink·밝음 글씨 91 · 4.5 아래 0 · 넉넉하지 않은 것(4.5~7) 3 · 갈색 0
✓ warm·밝음 글씨 91 · 4.5 아래 0 · 넉넉하지 않은 것(4.5~7) 3 · 갈색 0
✓ 기본·어두움 글씨 91 · 4.5 아래 0 · 넉넉하지 않은 것(4.5~7) 3 · 갈색 0
✓ paper·어두움 글씨 91 · 4.5 아래 0 · 넉넉하지 않은 것(4.5~7) 3 · 갈색 0
✓ bright·어두움 글씨 91 · 4.5 아래 0 · 넉넉하지 않은 것(4.5~7) 3 · 갈색 0
✓ ink·어두움 글씨 91 · 4.5 아래 0 · 넉넉하지 않은 것(4.5~7) 3 · 갈색 0
✓ warm·어두움 글씨 91 · 4.5 아래 0 · 넉넉하지 않은 것(4.5~7) 3 · 갈색 0
✓ 기본·밝음 글씨 31 · 4.5 아래 0 · 넉넉하지 않은 것(4.5~7) 5 · 갈색 0
✓ paper·밝음 글씨 31 · 4.5 아래 0 · 넉넉하지 않은 것(4.5~7) 3 · 갈색 0
✓ bright·밝음 글씨 31 · 4.5 아래 0 · 넉넉하지 않은 것(4.5~7) 3 · 갈색 0
✓ ink·밝음 글씨 31 · 4.5 아래 0 · 넉넉하지 않은 것(4.5~7) 2 · 갈색 0
✓ warm·밝음 글씨 31 · 4.5 아래 0 · 넉넉하지 않은 것(4.5~7) 2 · 갈색 0
✓ 기본·어두움 글씨 31 · 4.5 아래 0 · 넉넉하지 않은 것(4.5~7) 2 · 갈색 0
✓ paper·어두움 글씨 31 · 4.5 아래 0 · 넉넉하지 않은 것(4.5~7) 2 · 갈색 0
✓ bright·어두움 글씨 31 · 4.5 아래 0 · 넉넉하지 않은 것(4.5~7) 2 · 갈색 0
✓ ink·어두움 글씨 31 · 4.5 아래 0 · 넉넉하지 않은 것(4.5~7) 2 · 갈색 0
✓ warm·어두움 글씨 31 · 4.5 아래 0 · 넉넉하지 않은 것(4.5~7) 2 · 갈색 0
✓ 기본·밝음 글씨 31 · 4.5 아래 0 · 넉넉하지 않은 것(4.5~7) 4 · 갈색 0
✓ paper·밝음 글씨 31 · 4.5 아래 0 · 넉넉하지 않은 것(4.5~7) 3 · 갈색 0
✓ bright·밝음 글씨 31 · 4.5 아래 0 · 넉넉하지 않은 것(4.5~7) 3 · 갈색 0
✓ ink·밝음 글씨 31 · 4.5 아래 0 · 넉넉하지 않은 것(4.5~7) 1 · 갈색 0
✓ warm·밝음 글씨 31 · 4.5 아래 0 · 넉넉하지 않은 것(4.5~7) 1 · 갈색 0
✓ 기본·어두움 글씨 31 · 4.5 아래 0 · 넉넉하지 않은 것(4.5~7) 1 · 갈색 0
✓ paper·어두움 글씨 31 · 4.5 아래 0 · 넉넉하지 않은 것(4.5~7) 1 · 갈색 0
✓ bright·어두움 글씨 31 · 4.5 아래 0 · 넉넉하지 않은 것(4.5~7) 1 · 갈색 0
✓ ink·어두움 글씨 31 · 4.5 아래 0 · 넉넉하지 않은 것(4.5~7) 1 · 갈색 0
✓ warm·어두움 글씨 31 · 4.5 아래 0 · 넉넉하지 않은 것(4.5~7) 1 · 갈색 0
✓ 기본·밝음 글씨 217 · 4.5 아래 0 · 넉넉하지 않은 것(4.5~7) 15 · 갈색 0
✓ paper·밝음 글씨 217 · 4.5 아래 0 · 넉넉하지 않은 것(4.5~7) 10 · 갈색 0
✓ bright·밝음 글씨 217 · 4.5 아래 0 · 넉넉하지 않은 것(4.5~7) 9 · 갈색 0
✓ ink·밝음 글씨 217 · 4.5 아래 0 · 넉넉하지 않은 것(4.5~7) 10 · 갈색 0
✓ warm·밝음 글씨 217 · 4.5 아래 0 · 넉넉하지 않은 것(4.5~7) 10 · 갈색 0
✓ 기본·어두움 글씨 217 · 4.5 아래 0 · 넉넉하지 않은 것(4.5~7) 10 · 갈색 0
✓ paper·어두움 글씨 217 · 4.5 아래 0 · 넉넉하지 않은 것(4.5~7) 10 · 갈색 0
✓ bright·어두움 글씨 217 · 4.5 아래 0 · 넉넉하지 않은 것(4.5~7) 10 · 갈색 0
✓ ink·어두움 글씨 217 · 4.5 아래 0 · 넉넉하지 않은 것(4.5~7) 10 · 갈색 0
✓ warm·어두움 글씨 217 · 4.5 아래 0 · 넉넉하지 않은 것(4.5~7) 10 · 갈색 0
✓ 기본·밝음 글씨 152 · 4.5 아래 0 · 넉넉하지 않은 것(4.5~7) 17 · 갈색 0
✓ paper·밝음 글씨 152 · 4.5 아래 0 · 넉넉하지 않은 것(4.5~7) 15 · 갈색 0
✓ bright·밝음 글씨 152 · 4.5 아래 0 · 넉넉하지 않은 것(4.5~7) 8 · 갈색 0
✓ ink·밝음 글씨 152 · 4.5 아래 0 · 넉넉하지 않은 것(4.5~7) 10 · 갈색 0
✓ warm·밝음 글씨 152 · 4.5 아래 0 · 넉넉하지 않은 것(4.5~7) 10 · 갈색 0
✓ 기본·어두움 글씨 152 · 4.5 아래 0 · 넉넉하지 않은 것(4.5~7) 10 · 갈색 0
✓ paper·어두움 글씨 152 · 4.5 아래 0 · 넉넉하지 않은 것(4.5~7) 10 · 갈색 0
✓ bright·어두움 글씨 152 · 4.5 아래 0 · 넉넉하지 않은 것(4.5~7) 10 · 갈색 0
✓ ink·어두움 글씨 152 · 4.5 아래 0 · 넉넉하지 않은 것(4.5~7) 10 · 갈색 0
✓ warm·어두움 글씨 152 · 4.5 아래 0 · 넉넉하지 않은 것(4.5~7) 10 · 갈색 0
✓ 기본·밝음 글씨 71 · 4.5 아래 0 · 넉넉하지 않은 것(4.5~7) 11 · 갈색 0
✓ paper·밝음 글씨 71 · 4.5 아래 0 · 넉넉하지 않은 것(4.5~7) 7 · 갈색 0
✓ bright·밝음 글씨 71 · 4.5 아래 0 · 넉넉하지 않은 것(4.5~7) 6 · 갈색 0
✓ ink·밝음 글씨 71 · 4.5 아래 0 · 넉넉하지 않은 것(4.5~7) 6 · 갈색 0
✓ warm·밝음 글씨 71 · 4.5 아래 0 · 넉넉하지 않은 것(4.5~7) 7 · 갈색 0
✓ 기본·어두움 글씨 71 · 4.5 아래 0 · 넉넉하지 않은 것(4.5~7) 7 · 갈색 0
✓ paper·어두움 글씨 71 · 4.5 아래 0 · 넉넉하지 않은 것(4.5~7) 7 · 갈색 0
✓ bright·어두움 글씨 71 · 4.5 아래 0 · 넉넉하지 않은 것(4.5~7) 7 · 갈색 0
✓ ink·어두움 글씨 71 · 4.5 아래 0 · 넉넉하지 않은 것(4.5~7) 7 · 갈색 0
✓ warm·어두움 글씨 71 · 4.5 아래 0 · 넉넉하지 않은 것(4.5~7) 7 · 갈색 0
✓ 기본·밝음 글씨 151 · 4.5 아래 0 · 넉넉하지 않은 것(4.5~7) 9 · 갈색 0
✓ paper·밝음 글씨 151 · 4.5 아래 0 · 넉넉하지 않은 것(4.5~7) 5 · 갈색 0
✓ bright·밝음 글씨 151 · 4.5 아래 0 · 넉넉하지 않은 것(4.5~7) 4 · 갈색 0
✓ ink·밝음 글씨 151 · 4.5 아래 0 · 넉넉하지 않은 것(4.5~7) 5 · 갈색 0
✓ warm·밝음 글씨 151 · 4.5 아래 0 · 넉넉하지 않은 것(4.5~7) 6 · 갈색 0
✓ 기본·어두움 글씨 151 · 4.5 아래 0 · 넉넉하지 않은 것(4.5~7) 6 · 갈색 0
✓ paper·어두움 글씨 151 · 4.5 아래 0 · 넉넉하지 않은 것(4.5~7) 6 · 갈색 0
✓ bright·어두움 글씨 151 · 4.5 아래 0 · 넉넉하지 않은 것(4.5~7) 6 · 갈색 0
✓ ink·어두움 글씨 151 · 4.5 아래 0 · 넉넉하지 않은 것(4.5~7) 6 · 갈색 0
✓ warm·어두움 글씨 151 · 4.5 아래 0 · 넉넉하지 않은 것(4.5~7) 6 · 갈색 0
✓ 기본·밝음 글씨 51 · 4.5 아래 0 · 넉넉하지 않은 것(4.5~7) 10 · 갈색 0
✓ paper·밝음 글씨 51 · 4.5 아래 0 · 넉넉하지 않은 것(4.5~7) 6 · 갈색 0
✓ bright·밝음 글씨 51 · 4.5 아래 0 · 넉넉하지 않은 것(4.5~7) 5 · 갈색 0
✓ ink·밝음 글씨 51 · 4.5 아래 0 · 넉넉하지 않은 것(4.5~7) 7 · 갈색 0
✓ warm·밝음 글씨 51 · 4.5 아래 0 · 넉넉하지 않은 것(4.5~7) 8 · 갈색 0
✓ 기본·어두움 글씨 51 · 4.5 아래 0 · 넉넉하지 않은 것(4.5~7) 8 · 갈색 0
✓ paper·어두움 글씨 51 · 4.5 아래 0 · 넉넉하지 않은 것(4.5~7) 8 · 갈색 0
✓ bright·어두움 글씨 51 · 4.5 아래 0 · 넉넉하지 않은 것(4.5~7) 8 · 갈색 0
✓ ink·어두움 글씨 51 · 4.5 아래 0 · 넉넉하지 않은 것(4.5~7) 8 · 갈색 0
✓ warm·어두움 글씨 51 · 4.5 아래 0 · 넉넉하지 않은 것(4.5~7) 8 · 갈색 0
✓ 기본·밝음 글씨 104 · 4.5 아래 0 · 넉넉하지 않은 것(4.5~7) 13 · 갈색 0
✓ paper·밝음 글씨 104 · 4.5 아래 0 · 넉넉하지 않은 것(4.5~7) 9 · 갈색 0
✓ bright·밝음 글씨 104 · 4.5 아래 0 · 넉넉하지 않은 것(4.5~7) 8 · 갈색 0
✓ ink·밝음 글씨 104 · 4.5 아래 0 · 넉넉하지 않은 것(4.5~7) 8 · 갈색 0
✓ warm·밝음 글씨 104 · 4.5 아래 0 · 넉넉하지 않은 것(4.5~7) 9 · 갈색 0
✓ 기본·어두움 글씨 104 · 4.5 아래 0 · 넉넉하지 않은 것(4.5~7) 9 · 갈색 0
✓ paper·어두움 글씨 104 · 4.5 아래 0 · 넉넉하지 않은 것(4.5~7) 9 · 갈색 0
✓ bright·어두움 글씨 104 · 4.5 아래 0 · 넉넉하지 않은 것(4.5~7) 9 · 갈색 0
✓ ink·어두움 글씨 104 · 4.5 아래 0 · 넉넉하지 않은 것(4.5~7) 9 · 갈색 0
✓ warm·어두움 글씨 104 · 4.5 아래 0 · 넉넉하지 않은 것(4.5~7) 9 · 갈색 0
✓ 기본·밝음 글씨 51 · 4.5 아래 0 · 넉넉하지 않은 것(4.5~7) 6 · 갈색 0
✓ paper·밝음 글씨 51 · 4.5 아래 0 · 넉넉하지 않은 것(4.5~7) 4 · 갈색 0
✓ bright·밝음 글씨 51 · 4.5 아래 0 · 넉넉하지 않은 것(4.5~7) 4 · 갈색 0
✓ ink·밝음 글씨 51 · 4.5 아래 0 · 넉넉하지 않은 것(4.5~7) 2 · 갈색 0
✓ warm·밝음 글씨 51 · 4.5 아래 0 · 넉넉하지 않은 것(4.5~7) 3 · 갈색 0
✓ 기본·어두움 글씨 51 · 4.5 아래 0 · 넉넉하지 않은 것(4.5~7) 3 · 갈색 0
✓ paper·어두움 글씨 51 · 4.5 아래 0 · 넉넉하지 않은 것(4.5~7) 3 · 갈색 0
✓ bright·어두움 글씨 51 · 4.5 아래 0 · 넉넉하지 않은 것(4.5~7) 3 · 갈색 0
✓ ink·어두움 글씨 51 · 4.5 아래 0 · 넉넉하지 않은 것(4.5~7) 3 · 갈색 0
✓ warm·어두움 글씨 51 · 4.5 아래 0 · 넉넉하지 않은 것(4.5~7) 3 · 갈색 0
✓ 기본·밝음 글씨 265 · 4.5 아래 0 · 넉넉하지 않은 것(4.5~7) 19 · 갈색 0
✓ paper·밝음 글씨 265 · 4.5 아래 0 · 넉넉하지 않은 것(4.5~7) 15 · 갈색 0
✓ bright·밝음 글씨 265 · 4.5 아래 0 · 넉넉하지 않은 것(4.5~7) 13 · 갈색 0
✓ ink·밝음 글씨 265 · 4.5 아래 0 · 넉넉하지 않은 것(4.5~7) 11 · 갈색 0
✓ warm·밝음 글씨 265 · 4.5 아래 0 · 넉넉하지 않은 것(4.5~7) 11 · 갈색 0
✓ 기본·어두움 글씨 265 · 4.5 아래 0 · 넉넉하지 않은 것(4.5~7) 11 · 갈색 0
✓ paper·어두움 글씨 265 · 4.5 아래 0 · 넉넉하지 않은 것(4.5~7) 11 · 갈색 0
✓ bright·어두움 글씨 265 · 4.5 아래 0 · 넉넉하지 않은 것(4.5~7) 11 · 갈색 0
✓ ink·어두움 글씨 265 · 4.5 아래 0 · 넉넉하지 않은 것(4.5~7) 11 · 갈색 0
✓ warm·어두움 글씨 265 · 4.5 아래 0 · 넉넉하지 않은 것(4.5~7) 11 · 갈색 0
✓ 기본·밝음 글씨 18 · 4.5 아래 0 · 넉넉하지 않은 것(4.5~7) 2 · 갈색 0
✓ paper·밝음 글씨 18 · 4.5 아래 0 · 넉넉하지 않은 것(4.5~7) 2 · 갈색 0
✓ bright·밝음 글씨 18 · 4.5 아래 0 · 넉넉하지 않은 것(4.5~7) 2 · 갈색 0
✓ ink·밝음 글씨 18 · 4.5 아래 0 · 넉넉하지 않은 것(4.5~7) 0 · 갈색 0
✓ warm·밝음 글씨 18 · 4.5 아래 0 · 넉넉하지 않은 것(4.5~7) 0 · 갈색 0
✓ 기본·어두움 글씨 18 · 4.5 아래 0 · 넉넉하지 않은 것(4.5~7) 0 · 갈색 0
✓ paper·어두움 글씨 18 · 4.5 아래 0 · 넉넉하지 않은 것(4.5~7) 0 · 갈색 0
✓ bright·어두움 글씨 18 · 4.5 아래 0 · 넉넉하지 않은 것(4.5~7) 0 · 갈색 0
✓ ink·어두움 글씨 18 · 4.5 아래 0 · 넉넉하지 않은 것(4.5~7) 0 · 갈색 0
✓ warm·어두움 글씨 18 · 4.5 아래 0 · 넉넉하지 않은 것(4.5~7) 0 · 갈색 0
✓ 기본·밝음 글씨 80 · 4.5 아래 0 · 넉넉하지 않은 것(4.5~7) 8 · 갈색 0
✓ paper·밝음 글씨 80 · 4.5 아래 0 · 넉넉하지 않은 것(4.5~7) 4 · 갈색 0
✓ bright·밝음 글씨 80 · 4.5 아래 0 · 넉넉하지 않은 것(4.5~7) 4 · 갈색 0
✓ ink·밝음 글씨 80 · 4.5 아래 0 · 넉넉하지 않은 것(4.5~7) 5 · 갈색 0
✓ warm·밝음 글씨 80 · 4.5 아래 0 · 넉넉하지 않은 것(4.5~7) 5 · 갈색 0
✓ 기본·어두움 글씨 80 · 4.5 아래 0 · 넉넉하지 않은 것(4.5~7) 5 · 갈색 0
✓ paper·어두움 글씨 80 · 4.5 아래 0 · 넉넉하지 않은 것(4.5~7) 5 · 갈색 0
✓ bright·어두움 글씨 80 · 4.5 아래 0 · 넉넉하지 않은 것(4.5~7) 5 · 갈색 0
✓ ink·어두움 글씨 80 · 4.5 아래 0 · 넉넉하지 않은 것(4.5~7) 5 · 갈색 0
✓ warm·어두움 글씨 80 · 4.5 아래 0 · 넉넉하지 않은 것(4.5~7) 5 · 갈색 0
✓ 기본·밝음 글씨 60 · 4.5 아래 0 · 넉넉하지 않은 것(4.5~7) 12 · 갈색 0
✓ paper·밝음 글씨 60 · 4.5 아래 0 · 넉넉하지 않은 것(4.5~7) 10 · 갈색 0
✓ bright·밝음 글씨 60 · 4.5 아래 0 · 넉넉하지 않은 것(4.5~7) 10 · 갈색 0
✓ ink·밝음 글씨 60 · 4.5 아래 0 · 넉넉하지 않은 것(4.5~7) 7 · 갈색 0
✓ warm·밝음 글씨 60 · 4.5 아래 0 · 넉넉하지 않은 것(4.5~7) 8 · 갈색 0
✓ 기본·어두움 글씨 60 · 4.5 아래 0 · 넉넉하지 않은 것(4.5~7) 9 · 갈색 0
✓ paper·어두움 글씨 60 · 4.5 아래 0 · 넉넉하지 않은 것(4.5~7) 9 · 갈색 0
✓ bright·어두움 글씨 60 · 4.5 아래 0 · 넉넉하지 않은 것(4.5~7) 9 · 갈색 0
✓ ink·어두움 글씨 60 · 4.5 아래 0 · 넉넉하지 않은 것(4.5~7) 9 · 갈색 0
✓ warm·어두움 글씨 60 · 4.5 아래 0 · 넉넉하지 않은 것(4.5~7) 9 · 갈색 0
✓ 기본·밝음 글씨 51 · 4.5 아래 0 · 넉넉하지 않은 것(4.5~7) 6 · 갈색 0
✓ paper·밝음 글씨 51 · 4.5 아래 0 · 넉넉하지 않은 것(4.5~7) 4 · 갈색 0
✓ bright·밝음 글씨 51 · 4.5 아래 0 · 넉넉하지 않은 것(4.5~7) 4 · 갈색 0
✓ ink·밝음 글씨 51 · 4.5 아래 0 · 넉넉하지 않은 것(4.5~7) 2 · 갈색 0
✓ warm·밝음 글씨 51 · 4.5 아래 0 · 넉넉하지 않은 것(4.5~7) 3 · 갈색 0
✓ 기본·어두움 글씨 51 · 4.5 아래 0 · 넉넉하지 않은 것(4.5~7) 3 · 갈색 0
✓ paper·어두움 글씨 51 · 4.5 아래 0 · 넉넉하지 않은 것(4.5~7) 3 · 갈색 0
✓ bright·어두움 글씨 51 · 4.5 아래 0 · 넉넉하지 않은 것(4.5~7) 3 · 갈색 0
✓ ink·어두움 글씨 51 · 4.5 아래 0 · 넉넉하지 않은 것(4.5~7) 3 · 갈색 0
✓ warm·어두움 글씨 51 · 4.5 아래 0 · 넉넉하지 않은 것(4.5~7) 3 · 갈색 0
✓ 기본·밝음 글씨 57 · 4.5 아래 0 · 넉넉하지 않은 것(4.5~7) 8 · 갈색 0
✓ paper·밝음 글씨 57 · 4.5 아래 0 · 넉넉하지 않은 것(4.5~7) 5 · 갈색 0
✓ bright·밝음 글씨 57 · 4.5 아래 0 · 넉넉하지 않은 것(4.5~7) 4 · 갈색 0
✓ ink·밝음 글씨 57 · 4.5 아래 0 · 넉넉하지 않은 것(4.5~7) 6 · 갈색 0
✓ warm·밝음 글씨 57 · 4.5 아래 0 · 넉넉하지 않은 것(4.5~7) 7 · 갈색 0
✓ 기본·어두움 글씨 57 · 4.5 아래 0 · 넉넉하지 않은 것(4.5~7) 7 · 갈색 0
✓ paper·어두움 글씨 57 · 4.5 아래 0 · 넉넉하지 않은 것(4.5~7) 7 · 갈색 0
✓ bright·어두움 글씨 57 · 4.5 아래 0 · 넉넉하지 않은 것(4.5~7) 7 · 갈색 0
✓ ink·어두움 글씨 57 · 4.5 아래 0 · 넉넉하지 않은 것(4.5~7) 7 · 갈색 0
✓ warm·어두움 글씨 57 · 4.5 아래 0 · 넉넉하지 않은 것(4.5~7) 7 · 갈색 0
✓ 기본·밝음 글씨 52 · 4.5 아래 0 · 넉넉하지 않은 것(4.5~7) 8 · 갈색 0
✓ paper·밝음 글씨 52 · 4.5 아래 0 · 넉넉하지 않은 것(4.5~7) 5 · 갈색 0
✓ bright·밝음 글씨 52 · 4.5 아래 0 · 넉넉하지 않은 것(4.5~7) 5 · 갈색 0
✓ ink·밝음 글씨 52 · 4.5 아래 0 · 넉넉하지 않은 것(4.5~7) 5 · 갈색 0
✓ warm·밝음 글씨 52 · 4.5 아래 0 · 넉넉하지 않은 것(4.5~7) 5 · 갈색 0
✓ 기본·어두움 글씨 52 · 4.5 아래 0 · 넉넉하지 않은 것(4.5~7) 5 · 갈색 0
✓ paper·어두움 글씨 52 · 4.5 아래 0 · 넉넉하지 않은 것(4.5~7) 5 · 갈색 0
✓ bright·어두움 글씨 52 · 4.5 아래 0 · 넉넉하지 않은 것(4.5~7) 5 · 갈색 0
✓ ink·어두움 글씨 52 · 4.5 아래 0 · 넉넉하지 않은 것(4.5~7) 5 · 갈색 0
✓ warm·어두움 글씨 52 · 4.5 아래 0 · 넉넉하지 않은 것(4.5~7) 5 · 갈색 0
✓ 기본·밝음 글씨 49 · 4.5 아래 0 · 넉넉하지 않은 것(4.5~7) 9 · 갈색 0
✓ paper·밝음 글씨 49 · 4.5 아래 0 · 넉넉하지 않은 것(4.5~7) 5 · 갈색 0
✓ bright·밝음 글씨 49 · 4.5 아래 0 · 넉넉하지 않은 것(4.5~7) 5 · 갈색 0
✓ ink·밝음 글씨 49 · 4.5 아래 0 · 넉넉하지 않은 것(4.5~7) 4 · 갈색 0
✓ warm·밝음 글씨 49 · 4.5 아래 0 · 넉넉하지 않은 것(4.5~7) 5 · 갈색 0
✓ 기본·어두움 글씨 49 · 4.5 아래 0 · 넉넉하지 않은 것(4.5~7) 5 · 갈색 0
✓ paper·어두움 글씨 49 · 4.5 아래 0 · 넉넉하지 않은 것(4.5~7) 5 · 갈색 0
✓ bright·어두움 글씨 49 · 4.5 아래 0 · 넉넉하지 않은 것(4.5~7) 5 · 갈색 0
✓ ink·어두움 글씨 49 · 4.5 아래 0 · 넉넉하지 않은 것(4.5~7) 5 · 갈색 0
✓ warm·어두움 글씨 49 · 4.5 아래 0 · 넉넉하지 않은 것(4.5~7) 5 · 갈색 0
✓ 기본·밝음 글씨 51 · 4.5 아래 0 · 넉넉하지 않은 것(4.5~7) 6 · 갈색 0
✓ paper·밝음 글씨 51 · 4.5 아래 0 · 넉넉하지 않은 것(4.5~7) 4 · 갈색 0
✓ bright·밝음 글씨 51 · 4.5 아래 0 · 넉넉하지 않은 것(4.5~7) 3 · 갈색 0
✓ ink·밝음 글씨 51 · 4.5 아래 0 · 넉넉하지 않은 것(4.5~7) 4 · 갈색 0
✓ warm·밝음 글씨 51 · 4.5 아래 0 · 넉넉하지 않은 것(4.5~7) 4 · 갈색 0
✓ 기본·어두움 글씨 51 · 4.5 아래 0 · 넉넉하지 않은 것(4.5~7) 4 · 갈색 0
✓ paper·어두움 글씨 51 · 4.5 아래 0 · 넉넉하지 않은 것(4.5~7) 4 · 갈색 0
✓ bright·어두움 글씨 51 · 4.5 아래 0 · 넉넉하지 않은 것(4.5~7) 4 · 갈색 0
✓ ink·어두움 글씨 51 · 4.5 아래 0 · 넉넉하지 않은 것(4.5~7) 4 · 갈색 0
✓ warm·어두움 글씨 51 · 4.5 아래 0 · 넉넉하지 않은 것(4.5~7) 4 · 갈색 0
check-contrast ✓ 열 자리 모두 글씨 **4.5 이상**(큰 글씨 24px 부터 3) · 갈색 0
check-nodash ✓ 화면 25장에 「—」 0
✓ PC 1280 http://127.0.0.1:3300/me · 단추 보통 없음 · 단추 작은 28×29 · ○△✕ 없음 · 스테퍼 없음 · 입력칸 없음 · 점수칸 없음 · 넘침 0 · 겹침 0
✓ 폰 390 http://127.0.0.1:3300/me · 단추 보통 없음 · 단추 작은 28×29 · ○△✕ 없음 · 스테퍼 없음 · 입력칸 없음 · 점수칸 없음 · 넘침 0 · 겹침 0
✓ PC 1280 http://127.0.0.1:3300/me/cal · 단추 보통 없음 · 단추 작은 28×4 · ○△✕ 없음 · 스테퍼 없음 · 입력칸 없음 · 점수칸 없음 · 넘침 0 · 겹침 0
✓ 폰 390 http://127.0.0.1:3300/me/cal · 단추 보통 없음 · 단추 작은 28×4 · ○△✕ 없음 · 스테퍼 없음 · 입력칸 없음 · 점수칸 없음 · 넘침 0 · 겹침 0
✓ PC 1280 http://127.0.0.1:3300/me/book · 단추 보통 없음 · 단추 작은 28×3 · ○△✕ 없음 · 스테퍼 없음 · 입력칸 없음 · 점수칸 없음 · 넘침 0 · 겹침 0
✓ 폰 390 http://127.0.0.1:3300/me/book · 단추 보통 없음 · 단추 작은 28×3 · ○△✕ 없음 · 스테퍼 없음 · 입력칸 없음 · 점수칸 없음 · 넘침 0 · 겹침 0
✓ PC 1280 http://127.0.0.1:3300/me/videos · 단추 보통 없음 · 단추 작은 28×4 · ○△✕ 없음 · 스테퍼 없음 · 입력칸 없음 · 점수칸 없음 · 넘침 0 · 겹침 0
✓ 폰 390 http://127.0.0.1:3300/me/videos · 단추 보통 없음 · 단추 작은 28×4 · ○△✕ 없음 · 스테퍼 없음 · 입력칸 없음 · 점수칸 없음 · 넘침 0 · 겹침 0
check-sizes ✓ 높이 한 벌 · 넘침 0 · 글씨>상자 0 · 겹침 0 · 세로 글자 0 · 눌린 입력칸 0
✓ PC 1280 http://127.0.0.1:3300/me · Noto Sans KR 262개 · 본문 15 · 입력칸 15
✓ 폰 390 http://127.0.0.1:3300/me · Noto Sans KR 262개 · 본문 16 · 입력칸 16
✓ PC 1280 http://127.0.0.1:3300/me/cal · Noto Sans KR 122개 · 본문 15 · 입력칸 없음
✓ 폰 390 http://127.0.0.1:3300/me/cal · Noto Sans KR 122개 · 본문 16 · 입력칸 없음
✓ PC 1280 http://127.0.0.1:3300/me/book · Noto Sans KR 26개 · 본문 15 · 입력칸 없음
✗ 폰 390 http://127.0.0.1:3300/me/book
    글꼴이 하나가 아님: Times New Roman×19 | Arial×7
    열 단계 밖: 13.3333(BUTTON.btn)
✗ PC 1280 http://127.0.0.1:3300/me/videos
    글꼴이 하나가 아님: Times New Roman×14 | Arial×1
    열 단계 밖: 13.3333(BUTTON.btn)
✗ 폰 390 http://127.0.0.1:3300/me/videos
    글꼴이 하나가 아님: Times New Roman×14 | Arial×1
    열 단계 밖: 13.3333(BUTTON.btn)
check-fonts ✗ 어긋남 3
